2025-08-06 09:52:08,099   INFO  **********************Start logging**********************
2025-08-06 09:52:08,099   INFO  CUDA_VISIBLE_DEVICES=0
2025-08-06 09:52:08,099   INFO  Training with a single process
2025-08-06 09:52:08,099   INFO  cfg_file         cfgs/kitti_models/pointpillar_custom.yaml
2025-08-06 09:52:08,099   INFO  batch_size       2
2025-08-06 09:52:08,099   INFO  epochs           100
2025-08-06 09:52:08,099   INFO  workers          4
2025-08-06 09:52:08,099   INFO  extra_tag        default
2025-08-06 09:52:08,099   INFO  ckpt             None
2025-08-06 09:52:08,099   INFO  pretrained_model None
2025-08-06 09:52:08,099   INFO  launcher         none
2025-08-06 09:52:08,099   INFO  tcp_port         18888
2025-08-06 09:52:08,099   INFO  sync_bn          False
2025-08-06 09:52:08,099   INFO  fix_random_seed  False
2025-08-06 09:52:08,099   INFO  ckpt_save_interval 1
2025-08-06 09:52:08,099   INFO  local_rank       None
2025-08-06 09:52:08,099   INFO  max_ckpt_save_num 30
2025-08-06 09:52:08,099   INFO  merge_all_iters_to_one_epoch False
2025-08-06 09:52:08,099   INFO  set_cfgs         None
2025-08-06 09:52:08,099   INFO  max_waiting_mins 0
2025-08-06 09:52:08,099   INFO  start_epoch      0
2025-08-06 09:52:08,099   INFO  num_epochs_to_eval 0
2025-08-06 09:52:08,099   INFO  save_to_file     False
2025-08-06 09:52:08,099   INFO  use_tqdm_to_record False
2025-08-06 09:52:08,099   INFO  logger_iter_interval 50
2025-08-06 09:52:08,099   INFO  ckpt_save_time_interval 300
2025-08-06 09:52:08,099   INFO  wo_gpu_stat      False
2025-08-06 09:52:08,099   INFO  use_amp          False
2025-08-06 09:52:08,099   INFO  cfg.ROOT_DIR: /home/user/ChangTing/Code/Openpcdet/OpenPCDet
2025-08-06 09:52:08,099   INFO  cfg.LOCAL_RANK: 0
2025-08-06 09:52:08,099   INFO  cfg.CLASS_NAMES: ['Car', 'Bus', 'Pedestrian', 'Motorcycle']
2025-08-06 09:52:08,099   INFO  ----------- DATA_CONFIG -----------
2025-08-06 09:52:08,099   INFO  cfg.DATA_CONFIG.DATASET: CustomDataset
2025-08-06 09:52:08,099   INFO  cfg.DATA_CONFIG.DATA_PATH: /home/user/ChangTing/Code/Openpcdet/OpenPCDet/data/custom
2025-08-06 09:52:08,099   INFO  cfg.DATA_CONFIG.POINT_CLOUD_RANGE: [-26.4, -39.68, -3, 50.4, 39.68, 1]
2025-08-06 09:52:08,099   INFO  ----------- DATA_SPLIT -----------
2025-08-06 09:52:08,099   INFO  cfg.DATA_CONFIG.DATA_SPLIT.train: train
2025-08-06 09:52:08,099   INFO  cfg.DATA_CONFIG.DATA_SPLIT.test: val
2025-08-06 09:52:08,099   INFO  ----------- INFO_PATH -----------
2025-08-06 09:52:08,099   INFO  cfg.DATA_CONFIG.INFO_PATH.train: ['custom_infos_train.pkl']
2025-08-06 09:52:08,099   INFO  cfg.DATA_CONFIG.INFO_PATH.test: ['custom_infos_val.pkl']
2025-08-06 09:52:08,099   INFO  cfg.DATA_CONFIG.GET_ITEM_LIST: ['points']
2025-08-06 09:52:08,099   INFO  cfg.DATA_CONFIG.FOV_POINTS_ONLY: True
2025-08-06 09:52:08,099   INFO  ----------- POINT_FEATURE_ENCODING -----------
2025-08-06 09:52:08,099   INFO  cfg.DATA_CONFIG.POINT_FEATURE_ENCODING.encoding_type: absolute_coordinates_encoding
2025-08-06 09:52:08,099   INFO  cfg.DATA_CONFIG.POINT_FEATURE_ENCODING.used_feature_list: ['x', 'y', 'z', 'intensity']
2025-08-06 09:52:08,099   INFO  cfg.DATA_CONFIG.POINT_FEATURE_ENCODING.src_feature_list: ['x', 'y', 'z', 'intensity']
2025-08-06 09:52:08,099   INFO  ----------- DATA_AUGMENTOR -----------
2025-08-06 09:52:08,100   INFO  cfg.DATA_CONFIG.DATA_AUGMENTOR.DISABLE_AUG_LIST: ['placeholder']
2025-08-06 09:52:08,100   INFO  cfg.DATA_CONFIG.DATA_AUGMENTOR.AUG_CONFIG_LIST: [{'NAME': 'gt_sampling', 'USE_ROAD_PLANE': False, 'DB_INFO_PATH': ['custom_dbinfos_train.pkl'], 'PREPARE': {'filter_by_min_points': ['Car:15', 'Bus:25', 'Pedestrian:5', 'Motorcycle:10']}, 'SAMPLE_GROUPS': ['Car:15', 'Bus:15', 'Pedestrian:15', 'Motorcycle:15'], 'NUM_POINT_FEATURES': 4, 'DATABASE_WITH_FAKELIDAR': False, 'REMOVE_EXTRA_WIDTH': [0.0, 0.0, 0.0], 'LIMIT_WHOLE_SCENE': False}, {'NAME': 'random_world_flip', 'ALONG_AXIS_LIST': ['x']}, {'NAME': 'random_world_rotation', 'WORLD_ROT_ANGLE': [-0.78539816, 0.78539816]}, {'NAME': 'random_world_scaling', 'WORLD_SCALE_RANGE': [0.95, 1.05]}]
2025-08-06 09:52:08,100   INFO  cfg.DATA_CONFIG.DATA_PROCESSOR: [{'NAME': 'mask_points_and_boxes_outside_range', 'REMOVE_OUTSIDE_BOXES': True}, {'NAME': 'shuffle_points', 'SHUFFLE_ENABLED': {'train': True, 'test': False}}, {'NAME': 'transform_points_to_voxels', 'VOXEL_SIZE': [0.16, 0.16, 4], 'MAX_POINTS_PER_VOXEL': 32, 'MAX_NUMBER_OF_VOXELS': {'train': 16000, 'test': 40000}}]
2025-08-06 09:52:08,100   INFO  cfg.DATA_CONFIG._BASE_CONFIG_: cfgs/dataset_configs/kitti_custom_dataset.yaml
2025-08-06 09:52:08,100   INFO  ----------- MODEL -----------
2025-08-06 09:52:08,100   INFO  cfg.MODEL.NAME: PointPillar
2025-08-06 09:52:08,100   INFO  ----------- VFE -----------
2025-08-06 09:52:08,100   INFO  cfg.MODEL.VFE.NAME: PillarVFE
2025-08-06 09:52:08,100   INFO  cfg.MODEL.VFE.WITH_DISTANCE: False
2025-08-06 09:52:08,100   INFO  cfg.MODEL.VFE.USE_ABSLOTE_XYZ: True
2025-08-06 09:52:08,100   INFO  cfg.MODEL.VFE.USE_NORM: True
2025-08-06 09:52:08,100   INFO  cfg.MODEL.VFE.NUM_FILTERS: [64]
2025-08-06 09:52:08,100   INFO  ----------- MAP_TO_BEV -----------
2025-08-06 09:52:08,100   INFO  cfg.MODEL.MAP_TO_BEV.NAME: PointPillarScatter
2025-08-06 09:52:08,100   INFO  cfg.MODEL.MAP_TO_BEV.NUM_BEV_FEATURES: 64
2025-08-06 09:52:08,100   INFO  ----------- BACKBONE_2D -----------
2025-08-06 09:52:08,100   INFO  cfg.MODEL.BACKBONE_2D.NAME: BaseBEVBackbone
2025-08-06 09:52:08,100   INFO  cfg.MODEL.BACKBONE_2D.LAYER_NUMS: [3, 5, 5]
2025-08-06 09:52:08,100   INFO  cfg.MODEL.BACKBONE_2D.LAYER_STRIDES: [2, 2, 2]
2025-08-06 09:52:08,100   INFO  cfg.MODEL.BACKBONE_2D.NUM_FILTERS: [64, 128, 256]
2025-08-06 09:52:08,100   INFO  cfg.MODEL.BACKBONE_2D.UPSAMPLE_STRIDES: [1, 2, 4]
2025-08-06 09:52:08,100   INFO  cfg.MODEL.BACKBONE_2D.NUM_UPSAMPLE_FILTERS: [128, 128, 128]
2025-08-06 09:52:08,100   INFO  ----------- DENSE_HEAD -----------
2025-08-06 09:52:08,100   INFO  cfg.MODEL.DENSE_HEAD.NAME: AnchorHeadSingle
2025-08-06 09:52:08,100   INFO  cfg.MODEL.DENSE_HEAD.CLASS_AGNOSTIC: False
2025-08-06 09:52:08,100   INFO  cfg.MODEL.DENSE_HEAD.USE_DIRECTION_CLASSIFIER: True
2025-08-06 09:52:08,100   INFO  cfg.MODEL.DENSE_HEAD.DIR_OFFSET: 0.78539
2025-08-06 09:52:08,100   INFO  cfg.MODEL.DENSE_HEAD.DIR_LIMIT_OFFSET: 0.0
2025-08-06 09:52:08,100   INFO  cfg.MODEL.DENSE_HEAD.NUM_DIR_BINS: 2
2025-08-06 09:52:08,100   INFO  cfg.MODEL.DENSE_HEAD.ANCHOR_GENERATOR_CONFIG: [{'class_name': 'Car', 'anchor_sizes': [[4.2, 2.2, 1.68]], 'anchor_rotations': [0, 1.57], 'anchor_bottom_heights': [-1.78], 'align_center': False, 'feature_map_stride': 2, 'matched_threshold': 0.6, 'unmatched_threshold': 0.45}, {'class_name': 'Bus', 'anchor_sizes': [[12.2, 3.0, 3.3]], 'anchor_rotations': [0, 1.57], 'anchor_bottom_heights': [-1.68], 'align_center': False, 'feature_map_stride': 2, 'matched_threshold': 0.6, 'unmatched_threshold': 0.45}, {'class_name': 'Pedestrian', 'anchor_sizes': [[0.51, 0.64, 1.71]], 'anchor_rotations': [0, 1.57], 'anchor_bottom_heights': [-0.6], 'align_center': False, 'feature_map_stride': 2, 'matched_threshold': 0.5, 'unmatched_threshold': 0.35}, {'class_name': 'Motorcycle', 'anchor_sizes': [[1.72, 1.0, 1.66]], 'anchor_rotations': [0, 1.57], 'anchor_bottom_heights': [-0.6], 'align_center': False, 'feature_map_stride': 2, 'matched_threshold': 0.5, 'unmatched_threshold': 0.35}]
2025-08-06 09:52:08,100   INFO  ----------- TARGET_ASSIGNER_CONFIG -----------
2025-08-06 09:52:08,100   INFO  cfg.MODEL.DENSE_HEAD.TARGET_ASSIGNER_CONFIG.NAME: AxisAlignedTargetAssigner
2025-08-06 09:52:08,100   INFO  cfg.MODEL.DENSE_HEAD.TARGET_ASSIGNER_CONFIG.POS_FRACTION: -1.0
2025-08-06 09:52:08,100   INFO  cfg.MODEL.DENSE_HEAD.TARGET_ASSIGNER_CONFIG.SAMPLE_SIZE: 512
2025-08-06 09:52:08,100   INFO  cfg.MODEL.DENSE_HEAD.TARGET_ASSIGNER_CONFIG.NORM_BY_NUM_EXAMPLES: False
2025-08-06 09:52:08,100   INFO  cfg.MODEL.DENSE_HEAD.TARGET_ASSIGNER_CONFIG.MATCH_HEIGHT: False
2025-08-06 09:52:08,100   INFO  cfg.MODEL.DENSE_HEAD.TARGET_ASSIGNER_CONFIG.BOX_CODER: ResidualCoder
2025-08-06 09:52:08,100   INFO  ----------- LOSS_CONFIG -----------
2025-08-06 09:52:08,100   INFO  ----------- LOSS_WEIGHTS -----------
2025-08-06 09:52:08,100   INFO  cfg.MODEL.DENSE_HEAD.LOSS_CONFIG.LOSS_WEIGHTS.cls_weight: 1.0
2025-08-06 09:52:08,100   INFO  cfg.MODEL.DENSE_HEAD.LOSS_CONFIG.LOSS_WEIGHTS.loc_weight: 2.0
2025-08-06 09:52:08,100   INFO  cfg.MODEL.DENSE_HEAD.LOSS_CONFIG.LOSS_WEIGHTS.dir_weight: 0.2
2025-08-06 09:52:08,100   INFO  cfg.MODEL.DENSE_HEAD.LOSS_CONFIG.LOSS_WEIGHTS.code_weights: [1.0, 1.0, 1.0, 1.0, 1.0, 1.0, 1.0]
2025-08-06 09:52:08,100   INFO  ----------- POST_PROCESSING -----------
2025-08-06 09:52:08,100   INFO  cfg.MODEL.POST_PROCESSING.RECALL_THRESH_LIST: [0.3, 0.5, 0.7]
2025-08-06 09:52:08,100   INFO  cfg.MODEL.POST_PROCESSING.SCORE_THRESH: 0.3
2025-08-06 09:52:08,100   INFO  cfg.MODEL.POST_PROCESSING.OUTPUT_RAW_SCORE: False
2025-08-06 09:52:08,100   INFO  cfg.MODEL.POST_PROCESSING.EVAL_METRIC: kitti
2025-08-06 09:52:08,100   INFO  ----------- NMS_CONFIG -----------
2025-08-06 09:52:08,100   INFO  cfg.MODEL.POST_PROCESSING.NMS_CONFIG.MULTI_CLASSES_NMS: False
2025-08-06 09:52:08,100   INFO  cfg.MODEL.POST_PROCESSING.NMS_CONFIG.NMS_TYPE: nms_gpu
2025-08-06 09:52:08,100   INFO  cfg.MODEL.POST_PROCESSING.NMS_CONFIG.NMS_THRESH: 0.01
2025-08-06 09:52:08,100   INFO  cfg.MODEL.POST_PROCESSING.NMS_CONFIG.NMS_PRE_MAXSIZE: 4096
2025-08-06 09:52:08,100   INFO  cfg.MODEL.POST_PROCESSING.NMS_CONFIG.NMS_POST_MAXSIZE: 500
2025-08-06 09:52:08,100   INFO  ----------- OPTIMIZATION -----------
2025-08-06 09:52:08,100   INFO  cfg.OPTIMIZATION.BATCH_SIZE_PER_GPU: 4
2025-08-06 09:52:08,100   INFO  cfg.OPTIMIZATION.NUM_EPOCHS: 80
2025-08-06 09:52:08,100   INFO  cfg.OPTIMIZATION.OPTIMIZER: adam_onecycle
2025-08-06 09:52:08,100   INFO  cfg.OPTIMIZATION.LR: 0.003
2025-08-06 09:52:08,100   INFO  cfg.OPTIMIZATION.WEIGHT_DECAY: 0.01
2025-08-06 09:52:08,100   INFO  cfg.OPTIMIZATION.MOMENTUM: 0.9
2025-08-06 09:52:08,100   INFO  cfg.OPTIMIZATION.MOMS: [0.95, 0.85]
2025-08-06 09:52:08,100   INFO  cfg.OPTIMIZATION.PCT_START: 0.4
2025-08-06 09:52:08,100   INFO  cfg.OPTIMIZATION.DIV_FACTOR: 10
2025-08-06 09:52:08,100   INFO  cfg.OPTIMIZATION.DECAY_STEP_LIST: [35, 45]
2025-08-06 09:52:08,100   INFO  cfg.OPTIMIZATION.LR_DECAY: 0.1
2025-08-06 09:52:08,100   INFO  cfg.OPTIMIZATION.LR_CLIP: 1e-07
2025-08-06 09:52:08,100   INFO  cfg.OPTIMIZATION.LR_WARMUP: False
2025-08-06 09:52:08,100   INFO  cfg.OPTIMIZATION.WARMUP_EPOCH: 1
2025-08-06 09:52:08,101   INFO  cfg.OPTIMIZATION.GRAD_NORM_CLIP: 10
2025-08-06 09:52:08,101   INFO  cfg.TAG: pointpillar_custom
2025-08-06 09:52:08,101   INFO  cfg.EXP_GROUP_PATH: kitti_models
2025-08-06 09:52:08,103   INFO  ----------- Create dataloader & network & optimizer -----------
2025-08-06 09:52:08,104   INFO  Database filter by min points Car: 306 => 306
2025-08-06 09:52:08,104   INFO  Database filter by min points Bus: 111 => 110
2025-08-06 09:52:08,104   INFO  Database filter by min points Pedestrian: 205 => 205
2025-08-06 09:52:08,104   INFO  Database filter by min points Motorcycle: 38 => 38
2025-08-06 09:52:08,104   INFO  Loading Custom dataset.
2025-08-06 09:52:08,105   INFO  Total samples for CUSTOM dataset: 88
2025-08-06 09:52:09,709   INFO  ----------- Model PointPillar created, param count: 4847208 -----------
2025-08-06 09:52:09,709   INFO  PointPillar(
  (vfe): PillarVFE(
    (pfn_layers): ModuleList(
      (0): PFNLayer(
        (linear): Linear(in_features=10, out_features=64, bias=False)
        (norm): BatchNorm1d(64, eps=0.001, momentum=0.01, affine=True, track_running_stats=True)
      )
    )
  )
  (backbone_3d): None
  (map_to_bev_module): PointPillarScatter()
  (pfe): None
  (backbone_2d): BaseBEVBackbone(
    (blocks): ModuleList(
      (0): Sequential(
        (0): ZeroPad2d((1, 1, 1, 1))
        (1): Conv2d(64, 64, kernel_size=(3, 3), stride=(2, 2), bias=False)
        (2): BatchNorm2d(64, eps=0.001, momentum=0.01, affine=True, track_running_stats=True)
        (3): ReLU()
        (4): Conv2d(64, 64, kernel_size=(3, 3), stride=(1, 1), padding=(1, 1), bias=False)
        (5): BatchNorm2d(64, eps=0.001, momentum=0.01, affine=True, track_running_stats=True)
        (6): ReLU()
        (7): Conv2d(64, 64, kernel_size=(3, 3), stride=(1, 1), padding=(1, 1), bias=False)
        (8): BatchNorm2d(64, eps=0.001, momentum=0.01, affine=True, track_running_stats=True)
        (9): ReLU()
        (10): Conv2d(64, 64, kernel_size=(3, 3), stride=(1, 1), padding=(1, 1), bias=False)
        (11): BatchNorm2d(64, eps=0.001, momentum=0.01, affine=True, track_running_stats=True)
        (12): ReLU()
      )
      (1): Sequential(
        (0): ZeroPad2d((1, 1, 1, 1))
        (1): Conv2d(64, 128, kernel_size=(3, 3), stride=(2, 2), bias=False)
        (2): BatchNorm2d(128, eps=0.001, momentum=0.01, affine=True, track_running_stats=True)
        (3): ReLU()
        (4): Conv2d(128, 128, kernel_size=(3, 3), stride=(1, 1), padding=(1, 1), bias=False)
        (5): BatchNorm2d(128, eps=0.001, momentum=0.01, affine=True, track_running_stats=True)
        (6): ReLU()
        (7): Conv2d(128, 128, kernel_size=(3, 3), stride=(1, 1), padding=(1, 1), bias=False)
        (8): BatchNorm2d(128, eps=0.001, momentum=0.01, affine=True, track_running_stats=True)
        (9): ReLU()
        (10): Conv2d(128, 128, kernel_size=(3, 3), stride=(1, 1), padding=(1, 1), bias=False)
        (11): BatchNorm2d(128, eps=0.001, momentum=0.01, affine=True, track_running_stats=True)
        (12): ReLU()
        (13): Conv2d(128, 128, kernel_size=(3, 3), stride=(1, 1), padding=(1, 1), bias=False)
        (14): BatchNorm2d(128, eps=0.001, momentum=0.01, affine=True, track_running_stats=True)
        (15): ReLU()
        (16): Conv2d(128, 128, kernel_size=(3, 3), stride=(1, 1), padding=(1, 1), bias=False)
        (17): BatchNorm2d(128, eps=0.001, momentum=0.01, affine=True, track_running_stats=True)
        (18): ReLU()
      )
      (2): Sequential(
        (0): ZeroPad2d((1, 1, 1, 1))
        (1): Conv2d(128, 256, kernel_size=(3, 3), stride=(2, 2), bias=False)
        (2): BatchNorm2d(256, eps=0.001, momentum=0.01, affine=True, track_running_stats=True)
        (3): ReLU()
        (4): Conv2d(256, 256, kernel_size=(3, 3), stride=(1, 1), padding=(1, 1), bias=False)
        (5): BatchNorm2d(256, eps=0.001, momentum=0.01, affine=True, track_running_stats=True)
        (6): ReLU()
        (7): Conv2d(256, 256, kernel_size=(3, 3), stride=(1, 1), padding=(1, 1), bias=False)
        (8): BatchNorm2d(256, eps=0.001, momentum=0.01, affine=True, track_running_stats=True)
        (9): ReLU()
        (10): Conv2d(256, 256, kernel_size=(3, 3), stride=(1, 1), padding=(1, 1), bias=False)
        (11): BatchNorm2d(256, eps=0.001, momentum=0.01, affine=True, track_running_stats=True)
        (12): ReLU()
        (13): Conv2d(256, 256, kernel_size=(3, 3), stride=(1, 1), padding=(1, 1), bias=False)
        (14): BatchNorm2d(256, eps=0.001, momentum=0.01, affine=True, track_running_stats=True)
        (15): ReLU()
        (16): Conv2d(256, 256, kernel_size=(3, 3), stride=(1, 1), padding=(1, 1), bias=False)
        (17): BatchNorm2d(256, eps=0.001, momentum=0.01, affine=True, track_running_stats=True)
        (18): ReLU()
      )
    )
    (deblocks): ModuleList(
      (0): Sequential(
        (0): ConvTranspose2d(64, 128, kernel_size=(1, 1), stride=(1, 1), bias=False)
        (1): BatchNorm2d(128, eps=0.001, momentum=0.01, affine=True, track_running_stats=True)
        (2): ReLU()
      )
      (1): Sequential(
        (0): ConvTranspose2d(128, 128, kernel_size=(2, 2), stride=(2, 2), bias=False)
        (1): BatchNorm2d(128, eps=0.001, momentum=0.01, affine=True, track_running_stats=True)
        (2): ReLU()
      )
      (2): Sequential(
        (0): ConvTranspose2d(256, 128, kernel_size=(4, 4), stride=(4, 4), bias=False)
        (1): BatchNorm2d(128, eps=0.001, momentum=0.01, affine=True, track_running_stats=True)
        (2): ReLU()
      )
    )
  )
  (dense_head): AnchorHeadSingle(
    (cls_loss_func): SigmoidFocalClassificationLoss()
    (reg_loss_func): WeightedSmoothL1Loss()
    (dir_loss_func): WeightedCrossEntropyLoss()
    (conv_cls): Conv2d(384, 32, kernel_size=(1, 1), stride=(1, 1))
    (conv_box): Conv2d(384, 56, kernel_size=(1, 1), stride=(1, 1))
    (conv_dir_cls): Conv2d(384, 16, kernel_size=(1, 1), stride=(1, 1))
  )
  (point_head): None
  (roi_head): None
)
2025-08-06 09:52:09,710   INFO  **********************Start training kitti_models/pointpillar_custom(default)**********************
2025-08-06 09:52:10,582   INFO  Train:    1/100 (  1%) [   0/44 (  0%)]  Loss: 2.743 (2.74)  LR: 3.000e-04  Time cost: 00:00/00:33 [00:00/56:37]  Acc_iter 1           Data time: 0.13(0.13)  Forward time: 0.64(0.64)  Batch time: 0.77(0.77)
2025-08-06 09:52:16,862   INFO  Train:    1/100 (  1%) [  43/44 ( 98%)]  Loss: 1.057 (1.76)  LR: 3.040e-04  Time cost: 00:07/00:00 [00:07/11:38]  Acc_iter 44          Data time: 0.01(0.01)  Forward time: 0.13(0.15)  Batch time: 0.14(0.16)
2025-08-06 09:52:17,211   INFO  Train:    2/100 (  2%) [   0/44 (  0%)]  Loss: 1.143 (1.14)  LR: 3.042e-04  Time cost: 00:00/00:11 [00:07/19:34]  Acc_iter 45          Data time: 0.10(0.10)  Forward time: 0.15(0.15)  Batch time: 0.26(0.26)
2025-08-06 09:52:17,952   INFO  Train:    2/100 (  2%) [   5/44 ( 11%)]  Loss: 1.570 (1.32)  LR: 3.052e-04  Time cost: 00:01/00:06 [00:08/12:12]  Acc_iter 50          Data time: 0.01(0.03)  Forward time: 0.14(0.14)  Batch time: 0.15(0.17)
2025-08-06 09:52:23,491   INFO  Train:    2/100 (  2%) [  43/44 ( 98%)]  Loss: 1.134 (1.27)  LR: 3.162e-04  Time cost: 00:06/00:00 [00:13/10:42]  Acc_iter 88          Data time: 0.01(0.01)  Forward time: 0.13(0.14)  Batch time: 0.14(0.15)
2025-08-06 09:52:23,841   INFO  Train:    3/100 (  3%) [   0/44 (  0%)]  Loss: 0.8958 (0.896)  LR: 3.166e-04  Time cost: 00:00/00:11 [00:14/18:26]  Acc_iter 89          Data time: 0.08(0.08)  Forward time: 0.17(0.17)  Batch time: 0.25(0.25)
2025-08-06 09:52:25,464   INFO  Train:    3/100 (  3%) [  11/44 ( 25%)]  Loss: 1.289 (1.25)  LR: 3.210e-04  Time cost: 00:01/00:05 [00:15/11:13]  Acc_iter 100         Data time: 0.01(0.02)  Forward time: 0.13(0.14)  Batch time: 0.14(0.16)
2025-08-06 09:52:30,128   INFO  Train:    3/100 (  3%) [  43/44 ( 98%)]  Loss: 1.049 (1.19)  LR: 3.367e-04  Time cost: 00:06/00:00 [00:20/10:34]  Acc_iter 132         Data time: 0.01(0.01)  Forward time: 0.14(0.14)  Batch time: 0.15(0.15)
2025-08-06 09:52:30,479   INFO  Train:    4/100 (  4%) [   0/44 (  0%)]  Loss: 1.306 (1.31)  LR: 3.373e-04  Time cost: 00:00/00:11 [00:20/18:39]  Acc_iter 133         Data time: 0.10(0.10)  Forward time: 0.15(0.15)  Batch time: 0.25(0.25)
2025-08-06 09:52:32,966   INFO  Train:    4/100 (  4%) [  17/44 ( 39%)]  Loss: 1.253 (1.07)  LR: 3.475e-04  Time cost: 00:02/00:04 [00:23/10:49]  Acc_iter 150         Data time: 0.01(0.02)  Forward time: 0.14(0.14)  Batch time: 0.15(0.15)
2025-08-06 09:52:33,212   INFO  user                                   Wed Aug  6 09:52:33 2025  535.183.01
[0] NVIDIA GeForce RTX 4060 Laptop GPU | 61°C,  85 % |  5346 /  8188 MB | user(5328M) gdm(4M) user(4M)

2025-08-06 09:52:37,017   INFO  Train:    4/100 (  4%) [  43/44 ( 98%)]  Loss: 0.7782 (1.03)  LR: 3.653e-04  Time cost: 00:06/00:00 [00:27/10:53]  Acc_iter 176         Data time: 0.01(0.02)  Forward time: 0.13(0.14)  Batch time: 0.14(0.15)
2025-08-06 09:52:37,372   INFO  Train:    5/100 (  5%) [   0/44 (  0%)]  Loss: 0.9953 (0.995)  LR: 3.661e-04  Time cost: 00:00/00:11 [00:27/18:41]  Acc_iter 177         Data time: 0.10(0.10)  Forward time: 0.16(0.16)  Batch time: 0.25(0.25)
2025-08-06 09:52:40,740   INFO  Train:    5/100 (  5%) [  23/44 ( 52%)]  Loss: 0.7912 (0.966)  LR: 3.843e-04  Time cost: 00:03/00:03 [00:31/10:36]  Acc_iter 200         Data time: 0.01(0.02)  Forward time: 0.14(0.14)  Batch time: 0.15(0.15)
2025-08-06 09:52:43,666   INFO  Train:    5/100 (  5%) [  43/44 ( 98%)]  Loss: 0.8146 (0.974)  LR: 4.018e-04  Time cost: 00:06/00:00 [00:33/10:23]  Acc_iter 220         Data time: 0.01(0.01)  Forward time: 0.13(0.14)  Batch time: 0.15(0.15)
2025-08-06 09:52:44,000   INFO  Train:    6/100 (  6%) [   0/44 (  0%)]  Loss: 1.049 (1.05)  LR: 4.028e-04  Time cost: 00:00/00:10 [00:34/17:02]  Acc_iter 221         Data time: 0.08(0.08)  Forward time: 0.15(0.15)  Batch time: 0.23(0.23)
2025-08-06 09:52:48,256   INFO  Train:    6/100 (  6%) [  29/44 ( 66%)]  Loss: 0.8225 (0.949)  LR: 4.312e-04  Time cost: 00:04/00:02 [00:38/10:22]  Acc_iter 250         Data time: 0.01(0.01)  Forward time: 0.13(0.14)  Batch time: 0.15(0.15)
2025-08-06 09:52:50,287   INFO  Train:    6/100 (  6%) [  43/44 ( 98%)]  Loss: 0.7270 (0.920)  LR: 4.460e-04  Time cost: 00:06/00:00 [00:40/10:14]  Acc_iter 264         Data time: 0.01(0.01)  Forward time: 0.13(0.14)  Batch time: 0.14(0.15)
2025-08-06 09:52:50,670   INFO  Train:    7/100 (  7%) [   0/44 (  0%)]  Loss: 0.9292 (0.929)  LR: 4.471e-04  Time cost: 00:00/00:12 [00:40/19:13]  Acc_iter 265         Data time: 0.12(0.12)  Forward time: 0.15(0.15)  Batch time: 0.27(0.27)
2025-08-06 09:52:55,820   INFO  Train:    7/100 (  7%) [  35/44 ( 80%)]  Loss: 0.8942 (0.844)  LR: 4.878e-04  Time cost: 00:05/00:01 [00:46/10:18]  Acc_iter 300         Data time: 0.01(0.01)  Forward time: 0.14(0.14)  Batch time: 0.15(0.15)
2025-08-06 09:52:56,026   INFO  user                                   Wed Aug  6 09:52:56 2025  535.183.01
[0] NVIDIA GeForce RTX 4060 Laptop GPU | 65°C,  94 % |  6114 /  8188 MB | user(6096M) gdm(4M) user(4M)

2025-08-06 09:52:57,184   INFO  Train:    7/100 (  7%) [  43/44 ( 98%)]  Loss: 1.070 (0.856)  LR: 4.977e-04  Time cost: 00:06/00:00 [00:47/10:31]  Acc_iter 308         Data time: 0.01(0.02)  Forward time: 0.13(0.14)  Batch time: 0.14(0.15)
2025-08-06 09:52:57,544   INFO  Train:    8/100 (  8%) [   0/44 (  0%)]  Loss: 0.7755 (0.776)  LR: 4.989e-04  Time cost: 00:00/00:12 [00:47/18:42]  Acc_iter 309         Data time: 0.10(0.10)  Forward time: 0.16(0.16)  Batch time: 0.26(0.26)
2025-08-06 09:53:03,547   INFO  Train:    8/100 (  8%) [  41/44 ( 93%)]  Loss: 0.7859 (0.849)  LR: 5.536e-04  Time cost: 00:06/00:00 [00:53/10:05]  Acc_iter 350         Data time: 0.01(0.01)  Forward time: 0.13(0.14)  Batch time: 0.14(0.15)
2025-08-06 09:53:03,834   INFO  Train:    8/100 (  8%) [  43/44 ( 98%)]  Loss: 0.8388 (0.847)  LR: 5.564e-04  Time cost: 00:06/00:00 [00:54/10:04]  Acc_iter 352         Data time: 0.01(0.01)  Forward time: 0.13(0.14)  Batch time: 0.14(0.15)
2025-08-06 09:53:04,197   INFO  Train:    9/100 (  9%) [   0/44 (  0%)]  Loss: 0.9388 (0.939)  LR: 5.578e-04  Time cost: 00:00/00:11 [00:54/18:21]  Acc_iter 353         Data time: 0.11(0.11)  Forward time: 0.15(0.15)  Batch time: 0.26(0.26)
2025-08-06 09:53:10,509   INFO  Train:    9/100 (  9%) [  43/44 ( 98%)]  Loss: 0.6727 (0.772)  LR: 6.219e-04  Time cost: 00:06/00:00 [01:00/09:59]  Acc_iter 396         Data time: 0.01(0.01)  Forward time: 0.13(0.14)  Batch time: 0.14(0.15)
2025-08-06 09:53:10,861   INFO  Train:   10/100 ( 10%) [   0/44 (  0%)]  Loss: 0.7195 (0.719)  LR: 6.235e-04  Time cost: 00:00/00:11 [01:01/17:02]  Acc_iter 397         Data time: 0.09(0.09)  Forward time: 0.16(0.16)  Batch time: 0.24(0.24)
2025-08-06 09:53:11,300   INFO  Train:   10/100 ( 10%) [   3/44 (  7%)]  Loss: 0.7898 (0.793)  LR: 6.282e-04  Time cost: 00:00/00:07 [01:01/11:34]  Acc_iter 400         Data time: 0.01(0.03)  Forward time: 0.13(0.14)  Batch time: 0.14(0.17)
2025-08-06 09:53:17,133   INFO  Train:   10/100 ( 10%) [  43/44 ( 98%)]  Loss: 0.6640 (0.784)  LR: 6.937e-04  Time cost: 00:06/00:00 [01:07/09:47]  Acc_iter 440         Data time: 0.01(0.01)  Forward time: 0.13(0.13)  Batch time: 0.14(0.15)
2025-08-06 09:53:17,488   INFO  Train:   11/100 ( 11%) [   0/44 (  0%)]  Loss: 0.8790 (0.879)  LR: 6.954e-04  Time cost: 00:00/00:11 [01:07/17:48]  Acc_iter 441         Data time: 0.11(0.11)  Forward time: 0.15(0.15)  Batch time: 0.26(0.26)
2025-08-06 09:53:18,818   INFO  Train:   11/100 ( 11%) [   9/44 ( 20%)]  Loss: 1.046 (0.809)  LR: 7.109e-04  Time cost: 00:01/00:05 [01:09/10:32]  Acc_iter 450         Data time: 0.01(0.02)  Forward time: 0.14(0.14)  Batch time: 0.15(0.16)
2025-08-06 09:53:19,026   INFO  user                                   Wed Aug  6 09:53:19 2025  535.183.01
[0] NVIDIA GeForce RTX 4060 Laptop GPU | 65°C,  94 % |  6114 /  8188 MB | user(6096M) gdm(4M) user(4M)

2025-08-06 09:53:24,022   INFO  Train:   11/100 ( 11%) [  43/44 ( 98%)]  Loss: 0.6541 (0.756)  LR: 7.714e-04  Time cost: 00:06/00:00 [01:14/10:05]  Acc_iter 484         Data time: 0.01(0.02)  Forward time: 0.13(0.14)  Batch time: 0.14(0.15)
2025-08-06 09:53:24,363   INFO  Train:   12/100 ( 12%) [   0/44 (  0%)]  Loss: 0.7021 (0.702)  LR: 7.732e-04  Time cost: 00:00/00:11 [01:14/16:36]  Acc_iter 485         Data time: 0.08(0.08)  Forward time: 0.17(0.17)  Batch time: 0.24(0.24)
2025-08-06 09:53:26,593   INFO  Train:   12/100 ( 12%) [  15/44 ( 34%)]  Loss: 0.7641 (0.779)  LR: 8.010e-04  Time cost: 00:02/00:04 [01:16/10:05]  Acc_iter 500         Data time: 0.01(0.02)  Forward time: 0.14(0.14)  Batch time: 0.15(0.15)
2025-08-06 09:53:30,684   INFO  Train:   12/100 ( 12%) [  43/44 ( 98%)]  Loss: 0.8038 (0.839)  LR: 8.545e-04  Time cost: 00:06/00:00 [01:20/09:38]  Acc_iter 528         Data time: 0.01(0.01)  Forward time: 0.13(0.14)  Batch time: 0.14(0.15)
2025-08-06 09:53:31,036   INFO  Train:   13/100 ( 13%) [   0/44 (  0%)]  Loss: 0.8293 (0.829)  LR: 8.565e-04  Time cost: 00:00/00:11 [01:21/17:08]  Acc_iter 529         Data time: 0.09(0.09)  Forward time: 0.16(0.16)  Batch time: 0.26(0.26)
2025-08-06 09:53:34,136   INFO  Train:   13/100 ( 13%) [  21/44 ( 48%)]  Loss: 0.6614 (0.857)  LR: 8.980e-04  Time cost: 00:03/00:03 [01:24/09:49]  Acc_iter 550         Data time: 0.01(0.02)  Forward time: 0.13(0.14)  Batch time: 0.15(0.15)
2025-08-06 09:53:37,341   INFO  Train:   13/100 ( 13%) [  43/44 ( 98%)]  Loss: 0.9546 (0.831)  LR: 9.426e-04  Time cost: 00:06/00:00 [01:27/09:31]  Acc_iter 572         Data time: 0.01(0.01)  Forward time: 0.13(0.14)  Batch time: 0.14(0.15)
2025-08-06 09:53:37,691   INFO  Train:   14/100 ( 14%) [   0/44 (  0%)]  Loss: 0.8480 (0.848)  LR: 9.446e-04  Time cost: 00:00/00:11 [01:27/16:33]  Acc_iter 573         Data time: 0.09(0.09)  Forward time: 0.16(0.16)  Batch time: 0.25(0.25)
2025-08-06 09:53:41,635   INFO  Train:   14/100 ( 14%) [  27/44 ( 61%)]  Loss: 0.8792 (0.807)  LR: 1.001e-03  Time cost: 00:04/00:02 [01:31/09:30]  Acc_iter 600         Data time: 0.01(0.01)  Forward time: 0.13(0.14)  Batch time: 0.14(0.15)
2025-08-06 09:53:41,842   INFO  user                                   Wed Aug  6 09:53:41 2025  535.183.01
[0] NVIDIA GeForce RTX 4060 Laptop GPU | 65°C,  94 % |  6114 /  8188 MB | user(6096M) gdm(4M) user(4M)

2025-08-06 09:53:44,180   INFO  Train:   14/100 ( 14%) [  43/44 ( 98%)]  Loss: 0.7831 (0.802)  LR: 1.035e-03  Time cost: 00:06/00:00 [01:34/09:40]  Acc_iter 616         Data time: 0.01(0.02)  Forward time: 0.14(0.14)  Batch time: 0.15(0.15)
2025-08-06 09:53:44,509   INFO  Train:   15/100 ( 15%) [   0/44 (  0%)]  Loss: 0.8511 (0.851)  LR: 1.037e-03  Time cost: 00:00/00:10 [01:34/15:14]  Acc_iter 617         Data time: 0.07(0.07)  Forward time: 0.16(0.16)  Batch time: 0.23(0.23)
2025-08-06 09:53:49,437   INFO  Train:   15/100 ( 15%) [  33/44 ( 75%)]  Loss: 0.7895 (0.789)  LR: 1.109e-03  Time cost: 00:05/00:01 [01:39/09:30]  Acc_iter 650         Data time: 0.01(0.01)  Forward time: 0.13(0.14)  Batch time: 0.14(0.15)
2025-08-06 09:53:50,884   INFO  Train:   15/100 ( 15%) [  43/44 ( 98%)]  Loss: 1.044 (0.804)  LR: 1.131e-03  Time cost: 00:06/00:00 [01:41/09:22]  Acc_iter 660         Data time: 0.01(0.01)  Forward time: 0.13(0.14)  Batch time: 0.15(0.15)
2025-08-06 09:53:51,234   INFO  Train:   16/100 ( 16%) [   0/44 (  0%)]  Loss: 0.8043 (0.804)  LR: 1.133e-03  Time cost: 00:00/00:11 [01:41/16:24]  Acc_iter 661         Data time: 0.10(0.10)  Forward time: 0.15(0.15)  Batch time: 0.25(0.25)
2025-08-06 09:53:56,931   INFO  Train:   16/100 ( 16%) [  39/44 ( 89%)]  Loss: 0.5272 (0.743)  LR: 1.221e-03  Time cost: 00:05/00:00 [01:47/09:11]  Acc_iter 700         Data time: 0.01(0.01)  Forward time: 0.13(0.14)  Batch time: 0.15(0.15)
2025-08-06 09:53:57,512   INFO  Train:   16/100 ( 16%) [  43/44 ( 98%)]  Loss: 0.8275 (0.746)  LR: 1.231e-03  Time cost: 00:06/00:00 [01:47/09:09]  Acc_iter 704         Data time: 0.01(0.01)  Forward time: 0.13(0.14)  Batch time: 0.15(0.15)
2025-08-06 09:53:57,852   INFO  Train:   17/100 ( 17%) [   0/44 (  0%)]  Loss: 0.6823 (0.682)  LR: 1.233e-03  Time cost: 00:00/00:10 [01:48/15:16]  Acc_iter 705         Data time: 0.08(0.08)  Forward time: 0.16(0.16)  Batch time: 0.24(0.24)
2025-08-06 09:54:04,128   INFO  Train:   17/100 ( 17%) [  43/44 ( 98%)]  Loss: 0.6528 (0.684)  LR: 1.333e-03  Time cost: 00:06/00:00 [01:54/09:01]  Acc_iter 748         Data time: 0.01(0.01)  Forward time: 0.13(0.14)  Batch time: 0.14(0.15)
2025-08-06 09:54:04,475   INFO  Train:   18/100 ( 18%) [   0/44 (  0%)]  Loss: 0.6732 (0.673)  LR: 1.335e-03  Time cost: 00:00/00:11 [01:54/15:51]  Acc_iter 749         Data time: 0.10(0.10)  Forward time: 0.15(0.15)  Batch time: 0.25(0.25)
2025-08-06 09:54:04,623   INFO  Train:   18/100 ( 18%) [   1/44 (  2%)]  Loss: 0.7042 (0.689)  LR: 1.337e-03  Time cost: 00:00/00:08 [01:54/12:25]  Acc_iter 750         Data time: 0.01(0.06)  Forward time: 0.14(0.14)  Batch time: 0.15(0.20)
2025-08-06 09:54:04,835   INFO  user                                   Wed Aug  6 09:54:04 2025  535.183.01
[0] NVIDIA GeForce RTX 4060 Laptop GPU | 65°C,  86 % |  6114 /  8188 MB | user(6096M) gdm(4M) user(4M)

2025-08-06 09:54:11,016   INFO  Train:   18/100 ( 18%) [  43/44 ( 98%)]  Loss: 0.8788 (0.717)  LR: 1.436e-03  Time cost: 00:06/00:00 [02:01/09:17]  Acc_iter 792         Data time: 0.01(0.02)  Forward time: 0.13(0.14)  Batch time: 0.14(0.15)
2025-08-06 09:54:11,356   INFO  Train:   19/100 ( 19%) [   0/44 (  0%)]  Loss: 0.7345 (0.735)  LR: 1.439e-03  Time cost: 00:00/00:10 [02:01/14:58]  Acc_iter 793         Data time: 0.08(0.08)  Forward time: 0.16(0.16)  Batch time: 0.24(0.24)
2025-08-06 09:54:12,385   INFO  Train:   19/100 ( 19%) [   7/44 ( 16%)]  Loss: 0.6769 (0.686)  LR: 1.455e-03  Time cost: 00:01/00:05 [02:02/09:35]  Acc_iter 800         Data time: 0.01(0.02)  Forward time: 0.14(0.14)  Batch time: 0.15(0.16)
2025-08-06 09:54:17,640   INFO  Train:   19/100 ( 19%) [  43/44 ( 98%)]  Loss: 0.6622 (0.666)  LR: 1.542e-03  Time cost: 00:06/00:00 [02:07/08:49]  Acc_iter 836         Data time: 0.01(0.01)  Forward time: 0.13(0.14)  Batch time: 0.15(0.15)
2025-08-06 09:54:18,002   INFO  Train:   20/100 ( 20%) [   0/44 (  0%)]  Loss: 0.6515 (0.652)  LR: 1.544e-03  Time cost: 00:00/00:12 [02:08/16:14]  Acc_iter 837         Data time: 0.08(0.08)  Forward time: 0.19(0.19)  Batch time: 0.26(0.26)
2025-08-06 09:54:19,909   INFO  Train:   20/100 ( 20%) [  13/44 ( 30%)]  Loss: 0.5871 (0.645)  LR: 1.575e-03  Time cost: 00:02/00:04 [02:10/09:13]  Acc_iter 850         Data time: 0.01(0.02)  Forward time: 0.13(0.14)  Batch time: 0.14(0.16)
2025-08-06 09:54:24,305   INFO  Train:   20/100 ( 20%) [  43/44 ( 98%)]  Loss: 0.5962 (0.630)  LR: 1.648e-03  Time cost: 00:06/00:00 [02:14/08:46]  Acc_iter 880         Data time: 0.01(0.01)  Forward time: 0.13(0.14)  Batch time: 0.14(0.15)
2025-08-06 09:54:24,681   INFO  Train:   21/100 ( 21%) [   0/44 (  0%)]  Loss: 0.6064 (0.606)  LR: 1.650e-03  Time cost: 00:00/00:12 [02:14/16:34]  Acc_iter 881         Data time: 0.11(0.11)  Forward time: 0.16(0.16)  Batch time: 0.27(0.27)
2025-08-06 09:54:27,473   INFO  Train:   21/100 ( 21%) [  19/44 ( 43%)]  Loss: 0.7100 (0.676)  LR: 1.696e-03  Time cost: 00:03/00:03 [02:17/08:58]  Acc_iter 900         Data time: 0.01(0.02)  Forward time: 0.14(0.14)  Batch time: 0.15(0.15)
2025-08-06 09:54:27,680   INFO  user                                   Wed Aug  6 09:54:27 2025  535.183.01
[0] NVIDIA GeForce RTX 4060 Laptop GPU | 65°C,  59 % |  6890 /  8188 MB | user(6872M) gdm(4M) user(4M)

2025-08-06 09:54:31,179   INFO  Train:   21/100 ( 21%) [  43/44 ( 98%)]  Loss: 0.5393 (0.655)  LR: 1.754e-03  Time cost: 00:06/00:00 [02:21/08:55]  Acc_iter 924         Data time: 0.01(0.02)  Forward time: 0.13(0.14)  Batch time: 0.14(0.15)
2025-08-06 09:54:31,541   INFO  Train:   22/100 ( 22%) [   0/44 (  0%)]  Loss: 0.5101 (0.510)  LR: 1.756e-03  Time cost: 00:00/00:11 [02:21/15:35]  Acc_iter 925         Data time: 0.10(0.10)  Forward time: 0.16(0.16)  Batch time: 0.26(0.26)
2025-08-06 09:54:35,219   INFO  Train:   22/100 ( 22%) [  25/44 ( 57%)]  Loss: 0.5338 (0.630)  LR: 1.816e-03  Time cost: 00:03/00:02 [02:25/08:43]  Acc_iter 950         Data time: 0.01(0.01)  Forward time: 0.14(0.14)  Batch time: 0.15(0.15)
2025-08-06 09:54:37,839   INFO  Train:   22/100 ( 22%) [  43/44 ( 98%)]  Loss: 0.5828 (0.694)  LR: 1.859e-03  Time cost: 00:06/00:00 [02:28/08:32]  Acc_iter 968         Data time: 0.01(0.01)  Forward time: 0.13(0.14)  Batch time: 0.14(0.15)
2025-08-06 09:54:38,200   INFO  Train:   23/100 ( 23%) [   0/44 (  0%)]  Loss: 0.5937 (0.594)  LR: 1.861e-03  Time cost: 00:00/00:11 [02:28/15:19]  Acc_iter 969         Data time: 0.10(0.10)  Forward time: 0.15(0.15)  Batch time: 0.26(0.26)
2025-08-06 09:54:42,760   INFO  Train:   23/100 ( 23%) [  31/44 ( 70%)]  Loss: 0.5838 (0.683)  LR: 1.935e-03  Time cost: 00:04/00:01 [02:33/08:33]  Acc_iter 1000        Data time: 0.01(0.01)  Forward time: 0.13(0.14)  Batch time: 0.14(0.15)
2025-08-06 09:54:44,501   INFO  Train:   23/100 ( 23%) [  43/44 ( 98%)]  Loss: 0.7534 (0.675)  LR: 1.963e-03  Time cost: 00:06/00:00 [02:34/08:25]  Acc_iter 1012        Data time: 0.01(0.01)  Forward time: 0.13(0.14)  Batch time: 0.15(0.15)
2025-08-06 09:54:44,822   INFO  Train:   24/100 ( 24%) [   0/44 (  0%)]  Loss: 0.5033 (0.503)  LR: 1.965e-03  Time cost: 00:00/00:10 [02:35/12:55]  Acc_iter 1013        Data time: 0.07(0.07)  Forward time: 0.15(0.15)  Batch time: 0.22(0.22)
2025-08-06 09:54:50,237   INFO  Train:   24/100 ( 24%) [  37/44 ( 84%)]  Loss: 0.5558 (0.609)  LR: 2.051e-03  Time cost: 00:05/00:01 [02:40/08:17]  Acc_iter 1050        Data time: 0.01(0.01)  Forward time: 0.13(0.14)  Batch time: 0.14(0.15)
2025-08-06 09:54:50,448   INFO  user                                   Wed Aug  6 09:54:50 2025  535.183.01
[0] NVIDIA GeForce RTX 4060 Laptop GPU | 65°C,  94 % |  6890 /  8188 MB | user(6872M) gdm(4M) user(4M)

2025-08-06 09:54:51,317   INFO  Train:   24/100 ( 24%) [  43/44 ( 98%)]  Loss: 0.5558 (0.609)  LR: 2.065e-03  Time cost: 00:06/00:00 [02:41/08:31]  Acc_iter 1056        Data time: 0.01(0.02)  Forward time: 0.13(0.14)  Batch time: 0.15(0.15)
2025-08-06 09:54:51,667   INFO  Train:   25/100 ( 25%) [   0/44 (  0%)]  Loss: 0.5819 (0.582)  LR: 2.067e-03  Time cost: 00:00/00:11 [02:41/13:59]  Acc_iter 1057        Data time: 0.08(0.08)  Forward time: 0.16(0.16)  Batch time: 0.24(0.24)
2025-08-06 09:54:57,970   INFO  Train:   25/100 ( 25%) [  43/44 ( 98%)]  Loss: 0.5876 (0.609)  LR: 2.164e-03  Time cost: 00:06/00:00 [02:48/08:11]  Acc_iter 1100        Data time: 0.01(0.01)  Forward time: 0.13(0.14)  Batch time: 0.14(0.15)
2025-08-06 09:54:58,333   INFO  Train:   26/100 ( 26%) [   0/44 (  0%)]  Loss: 0.5647 (0.565)  LR: 2.167e-03  Time cost: 00:00/00:11 [02:48/14:28]  Acc_iter 1101        Data time: 0.10(0.10)  Forward time: 0.15(0.15)  Batch time: 0.25(0.25)
2025-08-06 09:55:04,615   INFO  Train:   26/100 ( 26%) [  43/44 ( 98%)]  Loss: 0.8379 (0.621)  LR: 2.261e-03  Time cost: 00:06/00:00 [02:54/08:04]  Acc_iter 1144        Data time: 0.01(0.01)  Forward time: 0.13(0.14)  Batch time: 0.14(0.15)
2025-08-06 09:55:04,956   INFO  Train:   27/100 ( 27%) [   0/44 (  0%)]  Loss: 0.5555 (0.555)  LR: 2.263e-03  Time cost: 00:00/00:10 [02:55/13:26]  Acc_iter 1145        Data time: 0.07(0.07)  Forward time: 0.16(0.16)  Batch time: 0.24(0.24)
2025-08-06 09:55:05,709   INFO  Train:   27/100 ( 27%) [   5/44 ( 11%)]  Loss: 0.6959 (0.548)  LR: 2.274e-03  Time cost: 00:01/00:06 [02:55/09:02]  Acc_iter 1150        Data time: 0.01(0.02)  Forward time: 0.14(0.14)  Batch time: 0.15(0.16)
2025-08-06 09:55:11,265   INFO  Train:   27/100 ( 27%) [  43/44 ( 98%)]  Loss: 0.5529 (0.624)  LR: 2.353e-03  Time cost: 00:06/00:00 [03:01/07:58]  Acc_iter 1188        Data time: 0.01(0.01)  Forward time: 0.13(0.14)  Batch time: 0.14(0.15)
2025-08-06 09:55:11,591   INFO  Train:   28/100 ( 28%) [   0/44 (  0%)]  Loss: 0.6127 (0.613)  LR: 2.355e-03  Time cost: 00:00/00:10 [03:01/12:31]  Acc_iter 1189        Data time: 0.08(0.08)  Forward time: 0.14(0.14)  Batch time: 0.22(0.22)
2025-08-06 09:55:13,208   INFO  Train:   28/100 ( 28%) [  11/44 ( 25%)]  Loss: 0.5489 (0.582)  LR: 2.378e-03  Time cost: 00:01/00:05 [03:03/08:13]  Acc_iter 1200        Data time: 0.01(0.02)  Forward time: 0.13(0.14)  Batch time: 0.15(0.15)
2025-08-06 09:55:13,422   INFO  user                                   Wed Aug  6 09:55:13 2025  535.183.01
[0] NVIDIA GeForce RTX 4060 Laptop GPU | 65°C,  94 % |  6890 /  8188 MB | user(6872M) gdm(4M) user(4M)

2025-08-06 09:55:18,116   INFO  Train:   28/100 ( 28%) [  43/44 ( 98%)]  Loss: 0.5199 (0.563)  LR: 2.442e-03  Time cost: 00:06/00:00 [03:08/08:06]  Acc_iter 1232        Data time: 0.01(0.02)  Forward time: 0.13(0.14)  Batch time: 0.15(0.15)
2025-08-06 09:55:18,482   INFO  Train:   29/100 ( 29%) [   0/44 (  0%)]  Loss: 0.5474 (0.547)  LR: 2.444e-03  Time cost: 00:00/00:12 [03:08/14:24]  Acc_iter 1233        Data time: 0.11(0.11)  Forward time: 0.15(0.15)  Batch time: 0.26(0.26)
2025-08-06 09:55:20,964   INFO  Train:   29/100 ( 29%) [  17/44 ( 39%)]  Loss: 0.5162 (0.536)  LR: 2.476e-03  Time cost: 00:02/00:04 [03:11/08:02]  Acc_iter 1250        Data time: 0.01(0.02)  Forward time: 0.14(0.14)  Batch time: 0.15(0.15)
2025-08-06 09:55:24,744   INFO  Train:   29/100 ( 29%) [  43/44 ( 98%)]  Loss: 0.4198 (0.560)  LR: 2.525e-03  Time cost: 00:06/00:00 [03:15/07:44]  Acc_iter 1276        Data time: 0.01(0.01)  Forward time: 0.13(0.13)  Batch time: 0.15(0.15)
2025-08-06 09:55:25,081   INFO  Train:   30/100 ( 30%) [   0/44 (  0%)]  Loss: 0.4234 (0.423)  LR: 2.527e-03  Time cost: 00:00/00:10 [03:15/12:38]  Acc_iter 1277        Data time: 0.08(0.08)  Forward time: 0.16(0.16)  Batch time: 0.23(0.23)
2025-08-06 09:55:28,475   INFO  Train:   30/100 ( 30%) [  23/44 ( 52%)]  Loss: 0.7126 (0.553)  LR: 2.568e-03  Time cost: 00:03/00:03 [03:18/07:49]  Acc_iter 1300        Data time: 0.01(0.01)  Forward time: 0.13(0.14)  Batch time: 0.15(0.15)
2025-08-06 09:55:31,395   INFO  Train:   30/100 ( 30%) [  43/44 ( 98%)]  Loss: 0.6520 (0.581)  LR: 2.603e-03  Time cost: 00:06/00:00 [03:21/07:39]  Acc_iter 1320        Data time: 0.01(0.01)  Forward time: 0.13(0.14)  Batch time: 0.14(0.15)
2025-08-06 09:55:31,756   INFO  Train:   31/100 ( 31%) [   0/44 (  0%)]  Loss: 0.5231 (0.523)  LR: 2.605e-03  Time cost: 00:00/00:11 [03:22/13:43]  Acc_iter 1321        Data time: 0.11(0.11)  Forward time: 0.15(0.15)  Batch time: 0.26(0.26)
2025-08-06 09:55:36,029   INFO  Train:   31/100 ( 31%) [  29/44 ( 66%)]  Loss: 0.6492 (0.609)  LR: 2.653e-03  Time cost: 00:04/00:02 [03:26/07:41]  Acc_iter 1350        Data time: 0.01(0.01)  Forward time: 0.13(0.14)  Batch time: 0.14(0.15)
2025-08-06 09:55:36,253   INFO  user                                   Wed Aug  6 09:55:36 2025  535.183.01
[0] NVIDIA GeForce RTX 4060 Laptop GPU | 65°C,  52 % |  6890 /  8188 MB | user(6872M) gdm(4M) user(4M)

2025-08-06 09:55:38,294   INFO  Train:   31/100 ( 31%) [  43/44 ( 98%)]  Loss: 0.5396 (0.605)  LR: 2.675e-03  Time cost: 00:06/00:00 [03:28/07:49]  Acc_iter 1364        Data time: 0.01(0.02)  Forward time: 0.14(0.14)  Batch time: 0.15(0.15)
2025-08-06 09:55:38,670   INFO  Train:   32/100 ( 32%) [   0/44 (  0%)]  Loss: 0.5870 (0.587)  LR: 2.677e-03  Time cost: 00:00/00:12 [03:28/13:56]  Acc_iter 1365        Data time: 0.11(0.11)  Forward time: 0.16(0.16)  Batch time: 0.27(0.27)
2025-08-06 09:55:43,787   INFO  Train:   32/100 ( 32%) [  35/44 ( 80%)]  Loss: 0.4574 (0.527)  LR: 2.729e-03  Time cost: 00:05/00:01 [03:34/07:29]  Acc_iter 1400        Data time: 0.01(0.01)  Forward time: 0.13(0.14)  Batch time: 0.15(0.15)
2025-08-06 09:55:44,945   INFO  Train:   32/100 ( 32%) [  43/44 ( 98%)]  Loss: 0.5835 (0.531)  LR: 2.741e-03  Time cost: 00:06/00:00 [03:35/07:25]  Acc_iter 1408        Data time: 0.01(0.01)  Forward time: 0.13(0.14)  Batch time: 0.14(0.15)
2025-08-06 09:55:45,315   INFO  Train:   33/100 ( 33%) [   0/44 (  0%)]  Loss: 0.4777 (0.478)  LR: 2.742e-03  Time cost: 00:00/00:11 [03:35/13:23]  Acc_iter 1409        Data time: 0.11(0.11)  Forward time: 0.15(0.15)  Batch time: 0.26(0.26)
2025-08-06 09:55:51,292   INFO  Train:   33/100 ( 33%) [  41/44 ( 93%)]  Loss: 0.5571 (0.524)  LR: 2.797e-03  Time cost: 00:06/00:00 [03:41/07:18]  Acc_iter 1450        Data time: 0.01(0.01)  Forward time: 0.13(0.13)  Batch time: 0.14(0.15)
2025-08-06 09:55:51,581   INFO  Train:   33/100 ( 33%) [  43/44 ( 98%)]  Loss: 0.4728 (0.521)  LR: 2.800e-03  Time cost: 00:06/00:00 [03:41/07:17]  Acc_iter 1452        Data time: 0.01(0.01)  Forward time: 0.13(0.13)  Batch time: 0.14(0.15)
2025-08-06 09:55:51,947   INFO  Train:   34/100 ( 34%) [   0/44 (  0%)]  Loss: 0.4676 (0.468)  LR: 2.801e-03  Time cost: 00:00/00:11 [03:42/13:13]  Acc_iter 1453        Data time: 0.11(0.11)  Forward time: 0.15(0.15)  Batch time: 0.26(0.26)
2025-08-06 09:55:58,241   INFO  Train:   34/100 ( 34%) [  43/44 ( 98%)]  Loss: 0.4209 (0.508)  LR: 2.852e-03  Time cost: 00:06/00:00 [03:48/07:13]  Acc_iter 1496        Data time: 0.01(0.01)  Forward time: 0.13(0.14)  Batch time: 0.14(0.15)
2025-08-06 09:55:58,593   INFO  Train:   35/100 ( 35%) [   0/44 (  0%)]  Loss: 0.5428 (0.543)  LR: 2.853e-03  Time cost: 00:00/00:11 [03:48/12:13]  Acc_iter 1497        Data time: 0.08(0.08)  Forward time: 0.16(0.16)  Batch time: 0.24(0.24)
2025-08-06 09:55:59,036   INFO  Train:   35/100 ( 35%) [   3/44 (  7%)]  Loss: 0.6265 (0.634)  LR: 2.856e-03  Time cost: 00:00/00:07 [03:49/08:24]  Acc_iter 1500        Data time: 0.01(0.03)  Forward time: 0.14(0.14)  Batch time: 0.15(0.17)
2025-08-06 09:55:59,244   INFO  user                                   Wed Aug  6 09:55:59 2025  535.183.01
[0] NVIDIA GeForce RTX 4060 Laptop GPU | 65°C,  59 % |  6890 /  8188 MB | user(6872M) gdm(4M) user(4M)

2025-08-06 09:56:05,080   INFO  Train:   35/100 ( 35%) [  43/44 ( 98%)]  Loss: 0.5481 (0.518)  LR: 2.896e-03  Time cost: 00:06/00:00 [03:55/07:18]  Acc_iter 1540        Data time: 0.01(0.02)  Forward time: 0.13(0.14)  Batch time: 0.14(0.15)
2025-08-06 09:56:05,447   INFO  Train:   36/100 ( 36%) [   0/44 (  0%)]  Loss: 0.5467 (0.547)  LR: 2.897e-03  Time cost: 00:00/00:11 [03:55/12:51]  Acc_iter 1541        Data time: 0.11(0.11)  Forward time: 0.15(0.15)  Batch time: 0.26(0.26)
2025-08-06 09:56:06,783   INFO  Train:   36/100 ( 36%) [   9/44 ( 20%)]  Loss: 0.5721 (0.584)  LR: 2.905e-03  Time cost: 00:01/00:05 [03:57/07:37]  Acc_iter 1550        Data time: 0.01(0.02)  Forward time: 0.14(0.14)  Batch time: 0.15(0.16)
2025-08-06 09:56:11,740   INFO  Train:   36/100 ( 36%) [  43/44 ( 98%)]  Loss: 0.6170 (0.581)  LR: 2.933e-03  Time cost: 00:06/00:00 [04:02/07:00]  Acc_iter 1584        Data time: 0.01(0.01)  Forward time: 0.13(0.14)  Batch time: 0.15(0.15)
2025-08-06 09:56:12,131   INFO  Train:   37/100 ( 37%) [   0/44 (  0%)]  Loss: 0.4753 (0.475)  LR: 2.934e-03  Time cost: 00:00/00:12 [04:02/13:07]  Acc_iter 1585        Data time: 0.11(0.11)  Forward time: 0.16(0.16)  Batch time: 0.27(0.27)
2025-08-06 09:56:14,333   INFO  Train:   37/100 ( 37%) [  15/44 ( 34%)]  Loss: 0.6590 (0.536)  LR: 2.945e-03  Time cost: 00:02/00:04 [04:04/07:14]  Acc_iter 1600        Data time: 0.01(0.02)  Forward time: 0.13(0.14)  Batch time: 0.15(0.15)
2025-08-06 09:56:18,431   INFO  Train:   37/100 ( 37%) [  43/44 ( 98%)]  Loss: 0.4784 (0.478)  LR: 2.962e-03  Time cost: 00:06/00:00 [04:08/06:54]  Acc_iter 1628        Data time: 0.01(0.01)  Forward time: 0.13(0.14)  Batch time: 0.14(0.15)
2025-08-06 09:56:18,761   INFO  Train:   38/100 ( 38%) [   0/44 (  0%)]  Loss: 0.4427 (0.443)  LR: 2.963e-03  Time cost: 00:00/00:10 [04:09/10:43]  Acc_iter 1629        Data time: 0.07(0.07)  Forward time: 0.16(0.16)  Batch time: 0.22(0.22)
2025-08-06 09:56:21,842   INFO  Train:   38/100 ( 38%) [  21/44 ( 48%)]  Loss: 0.4209 (0.475)  LR: 2.974e-03  Time cost: 00:03/00:03 [04:12/06:54]  Acc_iter 1650        Data time: 0.01(0.01)  Forward time: 0.14(0.14)  Batch time: 0.15(0.15)
2025-08-06 09:56:22,055   INFO  user                                   Wed Aug  6 09:56:22 2025  535.183.01
[0] NVIDIA GeForce RTX 4060 Laptop GPU | 65°C,  64 % |  6890 /  8188 MB | user(6872M) gdm(4M) user(4M)

2025-08-06 09:56:25,267   INFO  Train:   38/100 ( 38%) [  43/44 ( 98%)]  Loss: 0.6113 (0.458)  LR: 2.983e-03  Time cost: 00:06/00:00 [04:15/06:57]  Acc_iter 1672        Data time: 0.01(0.02)  Forward time: 0.13(0.14)  Batch time: 0.14(0.15)
2025-08-06 09:56:25,645   INFO  Train:   39/100 ( 39%) [   0/44 (  0%)]  Loss: 0.6568 (0.657)  LR: 2.983e-03  Time cost: 00:00/00:12 [04:15/12:41]  Acc_iter 1673        Data time: 0.11(0.11)  Forward time: 0.16(0.16)  Batch time: 0.27(0.27)
2025-08-06 09:56:29,605   INFO  Train:   39/100 ( 39%) [  27/44 ( 61%)]  Loss: 0.5512 (0.445)  LR: 2.992e-03  Time cost: 00:04/00:02 [04:19/06:48]  Acc_iter 1700        Data time: 0.01(0.01)  Forward time: 0.14(0.14)  Batch time: 0.15(0.15)
2025-08-06 09:56:31,945   INFO  Train:   39/100 ( 39%) [  43/44 ( 98%)]  Loss: 0.4636 (0.471)  LR: 2.996e-03  Time cost: 00:06/00:00 [04:22/06:41]  Acc_iter 1716        Data time: 0.01(0.01)  Forward time: 0.13(0.14)  Batch time: 0.14(0.15)
2025-08-06 09:56:32,318   INFO  Train:   40/100 ( 40%) [   0/44 (  0%)]  Loss: 0.3978 (0.398)  LR: 2.996e-03  Time cost: 00:00/00:12 [04:22/12:19]  Acc_iter 1717        Data time: 0.11(0.11)  Forward time: 0.16(0.16)  Batch time: 0.27(0.27)
2025-08-06 09:56:37,190   INFO  Train:   40/100 ( 40%) [  33/44 ( 75%)]  Loss: 0.5731 (0.506)  LR: 3.000e-03  Time cost: 00:05/00:01 [04:27/06:41]  Acc_iter 1750        Data time: 0.01(0.01)  Forward time: 0.14(0.14)  Batch time: 0.16(0.15)
2025-08-06 09:56:38,638   INFO  Train:   40/100 ( 40%) [  43/44 ( 98%)]  Loss: 0.5845 (0.492)  LR: 3.000e-03  Time cost: 00:06/00:00 [04:28/06:35]  Acc_iter 1760        Data time: 0.01(0.01)  Forward time: 0.13(0.14)  Batch time: 0.14(0.15)
2025-08-06 09:56:38,999   INFO  Train:   41/100 ( 41%) [   0/44 (  0%)]  Loss: 0.3622 (0.362)  LR: 3.000e-03  Time cost: 00:00/00:11 [04:29/11:47]  Acc_iter 1761        Data time: 0.11(0.11)  Forward time: 0.15(0.15)  Batch time: 0.26(0.26)
2025-08-06 09:56:44,706   INFO  Train:   41/100 ( 41%) [  39/44 ( 89%)]  Loss: 0.3917 (0.442)  LR: 2.998e-03  Time cost: 00:05/00:00 [04:34/06:28]  Acc_iter 1800        Data time: 0.01(0.01)  Forward time: 0.13(0.14)  Batch time: 0.14(0.15)
2025-08-06 09:56:44,920   INFO  user                                   Wed Aug  6 09:56:44 2025  535.183.01
[0] NVIDIA GeForce RTX 4060 Laptop GPU | 65°C,  97 % |  6890 /  8188 MB | user(6872M) gdm(4M) user(4M)

2025-08-06 09:56:45,501   INFO  Train:   41/100 ( 41%) [  43/44 ( 98%)]  Loss: 0.4269 (0.446)  LR: 2.998e-03  Time cost: 00:06/00:00 [04:35/06:39]  Acc_iter 1804        Data time: 0.01(0.02)  Forward time: 0.13(0.14)  Batch time: 0.15(0.15)
2025-08-06 09:56:45,858   INFO  Train:   42/100 ( 42%) [   0/44 (  0%)]  Loss: 0.4321 (0.432)  LR: 2.998e-03  Time cost: 00:00/00:11 [04:36/11:25]  Acc_iter 1805        Data time: 0.09(0.09)  Forward time: 0.17(0.17)  Batch time: 0.25(0.25)
2025-08-06 09:56:52,120   INFO  Train:   42/100 ( 42%) [  43/44 ( 98%)]  Loss: 0.4140 (0.470)  LR: 2.992e-03  Time cost: 00:06/00:00 [04:42/06:18]  Acc_iter 1848        Data time: 0.01(0.01)  Forward time: 0.13(0.13)  Batch time: 0.14(0.15)
2025-08-06 09:56:52,470   INFO  Train:   43/100 ( 43%) [   0/44 (  0%)]  Loss: 0.4456 (0.446)  LR: 2.992e-03  Time cost: 00:00/00:11 [04:42/10:49]  Acc_iter 1849        Data time: 0.09(0.09)  Forward time: 0.16(0.16)  Batch time: 0.24(0.24)
2025-08-06 09:56:52,619   INFO  Train:   43/100 ( 43%) [   1/44 (  2%)]  Loss: 0.4345 (0.440)  LR: 2.992e-03  Time cost: 00:00/00:08 [04:42/08:34]  Acc_iter 1850        Data time: 0.01(0.05)  Forward time: 0.14(0.15)  Batch time: 0.15(0.20)
2025-08-06 09:56:58,770   INFO  Train:   43/100 ( 43%) [  43/44 ( 98%)]  Loss: 0.4525 (0.437)  LR: 2.982e-03  Time cost: 00:06/00:00 [04:49/06:13]  Acc_iter 1892        Data time: 0.01(0.01)  Forward time: 0.13(0.14)  Batch time: 0.15(0.15)
2025-08-06 09:56:59,134   INFO  Train:   44/100 ( 44%) [   0/44 (  0%)]  Loss: 0.3258 (0.326)  LR: 2.982e-03  Time cost: 00:00/00:11 [04:49/11:08]  Acc_iter 1893        Data time: 0.11(0.11)  Forward time: 0.15(0.15)  Batch time: 0.26(0.26)
2025-08-06 09:57:00,175   INFO  Train:   44/100 ( 44%) [   7/44 ( 16%)]  Loss: 0.6753 (0.495)  LR: 2.980e-03  Time cost: 00:01/00:06 [04:50/06:48]  Acc_iter 1900        Data time: 0.01(0.02)  Forward time: 0.13(0.14)  Batch time: 0.14(0.16)
2025-08-06 09:57:05,445   INFO  Train:   44/100 ( 44%) [  43/44 ( 98%)]  Loss: 0.3861 (0.433)  LR: 2.968e-03  Time cost: 00:06/00:00 [04:55/06:08]  Acc_iter 1936        Data time: 0.01(0.01)  Forward time: 0.13(0.14)  Batch time: 0.14(0.15)
2025-08-06 09:57:05,799   INFO  Train:   45/100 ( 45%) [   0/44 (  0%)]  Loss: 0.3341 (0.334)  LR: 2.967e-03  Time cost: 00:00/00:11 [04:56/10:41]  Acc_iter 1937        Data time: 0.09(0.09)  Forward time: 0.16(0.16)  Batch time: 0.25(0.25)
2025-08-06 09:57:07,702   INFO  Train:   45/100 ( 45%) [  13/44 ( 30%)]  Loss: 0.5878 (0.464)  LR: 2.962e-03  Time cost: 00:02/00:04 [04:57/06:18]  Acc_iter 1950        Data time: 0.01(0.02)  Forward time: 0.13(0.14)  Batch time: 0.14(0.15)
2025-08-06 09:57:07,912   INFO  user                                   Wed Aug  6 09:57:07 2025  535.183.01
[0] NVIDIA GeForce RTX 4060 Laptop GPU | 64°C,  97 % |  6890 /  8188 MB | user(6872M) gdm(4M) user(4M)

2025-08-06 09:57:12,300   INFO  Train:   45/100 ( 45%) [  43/44 ( 98%)]  Loss: 0.4007 (0.438)  LR: 2.949e-03  Time cost: 00:06/00:00 [05:02/06:12]  Acc_iter 1980        Data time: 0.01(0.02)  Forward time: 0.13(0.14)  Batch time: 0.14(0.15)
2025-08-06 09:57:12,644   INFO  Train:   46/100 ( 46%) [   0/44 (  0%)]  Loss: 0.4795 (0.480)  LR: 2.949e-03  Time cost: 00:00/00:11 [05:02/10:09]  Acc_iter 1981        Data time: 0.08(0.08)  Forward time: 0.16(0.16)  Batch time: 0.24(0.24)
2025-08-06 09:57:15,422   INFO  Train:   46/100 ( 46%) [  19/44 ( 43%)]  Loss: 0.3476 (0.417)  LR: 2.940e-03  Time cost: 00:03/00:03 [05:05/06:03]  Acc_iter 2000        Data time: 0.01(0.01)  Forward time: 0.13(0.14)  Batch time: 0.14(0.15)
2025-08-06 09:57:18,927   INFO  Train:   46/100 ( 46%) [  43/44 ( 98%)]  Loss: 0.3640 (0.421)  LR: 2.927e-03  Time cost: 00:06/00:00 [05:09/05:53]  Acc_iter 2024        Data time: 0.01(0.01)  Forward time: 0.13(0.14)  Batch time: 0.14(0.15)
2025-08-06 09:57:19,331   INFO  Train:   47/100 ( 47%) [   0/44 (  0%)]  Loss: 0.4599 (0.460)  LR: 2.927e-03  Time cost: 00:00/00:13 [05:09/12:10]  Acc_iter 2025        Data time: 0.09(0.09)  Forward time: 0.20(0.20)  Batch time: 0.30(0.30)
2025-08-06 09:57:23,014   INFO  Train:   47/100 ( 47%) [  25/44 ( 57%)]  Loss: 0.5290 (0.434)  LR: 2.912e-03  Time cost: 00:03/00:02 [05:13/06:00]  Acc_iter 2050        Data time: 0.01(0.01)  Forward time: 0.13(0.14)  Batch time: 0.15(0.15)
2025-08-06 09:57:25,636   INFO  Train:   47/100 ( 47%) [  43/44 ( 98%)]  Loss: 0.5018 (0.422)  LR: 2.901e-03  Time cost: 00:06/00:00 [05:15/05:50]  Acc_iter 2068        Data time: 0.01(0.01)  Forward time: 0.13(0.14)  Batch time: 0.15(0.15)
2025-08-06 09:57:26,000   INFO  Train:   48/100 ( 48%) [   0/44 (  0%)]  Loss: 0.3052 (0.305)  LR: 2.900e-03  Time cost: 00:00/00:11 [05:16/10:34]  Acc_iter 2069        Data time: 0.10(0.10)  Forward time: 0.16(0.16)  Batch time: 0.26(0.26)
2025-08-06 09:57:30,557   INFO  Train:   48/100 ( 48%) [  31/44 ( 70%)]  Loss: 0.4039 (0.388)  LR: 2.880e-03  Time cost: 00:04/00:01 [05:20/05:47]  Acc_iter 2100        Data time: 0.01(0.01)  Forward time: 0.13(0.14)  Batch time: 0.14(0.15)
2025-08-06 09:57:30,773   INFO  user                                   Wed Aug  6 09:57:30 2025  535.183.01
[0] NVIDIA GeForce RTX 4060 Laptop GPU | 64°C,  93 % |  6890 /  8188 MB | user(6872M) gdm(4M) user(4M)

2025-08-06 09:57:32,520   INFO  Train:   48/100 ( 48%) [  43/44 ( 98%)]  Loss: 0.4641 (0.387)  LR: 2.871e-03  Time cost: 00:06/00:00 [05:22/05:53]  Acc_iter 2112        Data time: 0.01(0.02)  Forward time: 0.13(0.14)  Batch time: 0.14(0.15)
2025-08-06 09:57:32,878   INFO  Train:   49/100 ( 49%) [   0/44 (  0%)]  Loss: 0.3565 (0.357)  LR: 2.870e-03  Time cost: 00:00/00:11 [05:23/10:00]  Acc_iter 2113        Data time: 0.08(0.08)  Forward time: 0.18(0.18)  Batch time: 0.25(0.25)
2025-08-06 09:57:38,286   INFO  Train:   49/100 ( 49%) [  37/44 ( 84%)]  Loss: 0.3733 (0.400)  LR: 2.842e-03  Time cost: 00:05/00:01 [05:28/05:35]  Acc_iter 2150        Data time: 0.01(0.01)  Forward time: 0.13(0.14)  Batch time: 0.14(0.15)
2025-08-06 09:57:39,157   INFO  Train:   49/100 ( 49%) [  43/44 ( 98%)]  Loss: 0.4089 (0.399)  LR: 2.837e-03  Time cost: 00:06/00:00 [05:29/05:33]  Acc_iter 2156        Data time: 0.01(0.01)  Forward time: 0.13(0.14)  Batch time: 0.15(0.15)
2025-08-06 09:57:39,542   INFO  Train:   50/100 ( 50%) [   0/44 (  0%)]  Loss: 0.3414 (0.341)  LR: 2.837e-03  Time cost: 00:00/00:12 [05:29/10:42]  Acc_iter 2157        Data time: 0.11(0.11)  Forward time: 0.17(0.17)  Batch time: 0.28(0.28)
2025-08-06 09:57:45,850   INFO  Train:   50/100 ( 50%) [  43/44 ( 98%)]  Loss: 0.4418 (0.397)  LR: 2.800e-03  Time cost: 00:06/00:00 [05:36/05:29]  Acc_iter 2200        Data time: 0.01(0.01)  Forward time: 0.13(0.14)  Batch time: 0.14(0.15)
2025-08-06 09:57:46,220   INFO  Train:   51/100 ( 51%) [   0/44 (  0%)]  Loss: 0.4368 (0.437)  LR: 2.799e-03  Time cost: 00:00/00:12 [05:36/10:01]  Acc_iter 2201        Data time: 0.11(0.11)  Forward time: 0.15(0.15)  Batch time: 0.26(0.26)
2025-08-06 09:57:52,510   INFO  Train:   51/100 ( 51%) [  43/44 ( 98%)]  Loss: 0.3324 (0.377)  LR: 2.759e-03  Time cost: 00:06/00:00 [05:42/05:21]  Acc_iter 2244        Data time: 0.01(0.01)  Forward time: 0.13(0.14)  Batch time: 0.14(0.15)
2025-08-06 09:57:52,854   INFO  Train:   52/100 ( 52%) [   0/44 (  0%)]  Loss: 0.4014 (0.401)  LR: 2.758e-03  Time cost: 00:00/00:11 [05:43/09:01]  Acc_iter 2245        Data time: 0.09(0.09)  Forward time: 0.15(0.15)  Batch time: 0.24(0.24)
2025-08-06 09:57:53,593   INFO  Train:   52/100 ( 52%) [   5/44 ( 11%)]  Loss: 0.3394 (0.357)  LR: 2.753e-03  Time cost: 00:00/00:06 [05:43/05:54]  Acc_iter 2250        Data time: 0.01(0.02)  Forward time: 0.14(0.14)  Batch time: 0.15(0.16)
2025-08-06 09:57:53,774   INFO  user                                   Wed Aug  6 09:57:53 2025  535.183.01
[0] NVIDIA GeForce RTX 4060 Laptop GPU | 65°C,  94 % |  6890 /  8188 MB | user(6872M) gdm(4M) user(4M)

2025-08-06 09:57:59,329   INFO  Train:   52/100 ( 52%) [  43/44 ( 98%)]  Loss: 0.5639 (0.370)  LR: 2.715e-03  Time cost: 00:06/00:00 [05:49/05:22]  Acc_iter 2288        Data time: 0.01(0.02)  Forward time: 0.13(0.14)  Batch time: 0.14(0.15)
2025-08-06 09:57:59,670   INFO  Train:   53/100 ( 53%) [   0/44 (  0%)]  Loss: 0.5050 (0.505)  LR: 2.714e-03  Time cost: 00:00/00:10 [05:49/08:47]  Acc_iter 2289        Data time: 0.08(0.08)  Forward time: 0.16(0.16)  Batch time: 0.24(0.24)
2025-08-06 09:58:01,295   INFO  Train:   53/100 ( 53%) [  11/44 ( 25%)]  Loss: 0.3614 (0.428)  LR: 2.702e-03  Time cost: 00:01/00:05 [05:51/05:28]  Acc_iter 2300        Data time: 0.01(0.02)  Forward time: 0.14(0.14)  Batch time: 0.15(0.16)
2025-08-06 09:58:05,980   INFO  Train:   53/100 ( 53%) [  43/44 ( 98%)]  Loss: 0.3653 (0.396)  LR: 2.667e-03  Time cost: 00:06/00:00 [05:56/05:08]  Acc_iter 2332        Data time: 0.01(0.01)  Forward time: 0.13(0.14)  Batch time: 0.14(0.15)
2025-08-06 09:58:06,334   INFO  Train:   54/100 ( 54%) [   0/44 (  0%)]  Loss: 0.4242 (0.424)  LR: 2.666e-03  Time cost: 00:00/00:11 [05:56/08:46]  Acc_iter 2333        Data time: 0.09(0.09)  Forward time: 0.16(0.16)  Batch time: 0.24(0.24)
2025-08-06 09:58:08,883   INFO  Train:   54/100 ( 54%) [  17/44 ( 39%)]  Loss: 0.4649 (0.321)  LR: 2.646e-03  Time cost: 00:02/00:04 [05:59/05:19]  Acc_iter 2350        Data time: 0.01(0.02)  Forward time: 0.14(0.14)  Batch time: 0.15(0.16)
2025-08-06 09:58:12,786   INFO  Train:   54/100 ( 54%) [  43/44 ( 98%)]  Loss: 0.3175 (0.338)  LR: 2.616e-03  Time cost: 00:06/00:00 [06:03/05:08]  Acc_iter 2376        Data time: 0.01(0.01)  Forward time: 0.14(0.14)  Batch time: 0.15(0.15)
2025-08-06 09:58:13,164   INFO  Train:   55/100 ( 55%) [   0/44 (  0%)]  Loss: 0.4033 (0.403)  LR: 2.615e-03  Time cost: 00:00/00:12 [06:03/09:30]  Acc_iter 2377        Data time: 0.11(0.11)  Forward time: 0.16(0.16)  Batch time: 0.27(0.27)
2025-08-06 09:58:16,612   INFO  Train:   55/100 ( 55%) [  23/44 ( 52%)]  Loss: 0.3743 (0.343)  LR: 2.587e-03  Time cost: 00:03/00:03 [06:06/05:11]  Acc_iter 2400        Data time: 0.01(0.02)  Forward time: 0.14(0.14)  Batch time: 0.15(0.15)
2025-08-06 09:58:16,805   INFO  user                                   Wed Aug  6 09:58:16 2025  535.183.01
[0] NVIDIA GeForce RTX 4060 Laptop GPU | 65°C,  71 % |  6890 /  8188 MB | user(6872M) gdm(4M) user(4M)

2025-08-06 09:58:19,761   INFO  Train:   55/100 ( 55%) [  43/44 ( 98%)]  Loss: 0.5330 (0.339)  LR: 2.562e-03  Time cost: 00:06/00:00 [06:10/05:09]  Acc_iter 2420        Data time: 0.01(0.02)  Forward time: 0.13(0.14)  Batch time: 0.15(0.16)
2025-08-06 09:58:20,135   INFO  Train:   56/100 ( 56%) [   0/44 (  0%)]  Loss: 0.3232 (0.323)  LR: 2.561e-03  Time cost: 00:00/00:12 [06:10/09:04]  Acc_iter 2421        Data time: 0.10(0.10)  Forward time: 0.16(0.16)  Batch time: 0.26(0.26)
2025-08-06 09:58:24,411   INFO  Train:   56/100 ( 56%) [  29/44 ( 66%)]  Loss: 0.4831 (0.325)  LR: 2.523e-03  Time cost: 00:04/00:02 [06:14/04:56]  Acc_iter 2450        Data time: 0.01(0.01)  Forward time: 0.14(0.14)  Batch time: 0.15(0.15)
2025-08-06 09:58:26,457   INFO  Train:   56/100 ( 56%) [  43/44 ( 98%)]  Loss: 0.3679 (0.316)  LR: 2.505e-03  Time cost: 00:06/00:00 [06:16/04:50]  Acc_iter 2464        Data time: 0.01(0.01)  Forward time: 0.14(0.14)  Batch time: 0.15(0.15)
2025-08-06 09:58:26,808   INFO  Train:   57/100 ( 57%) [   0/44 (  0%)]  Loss: 0.3481 (0.348)  LR: 2.504e-03  Time cost: 00:00/00:11 [06:17/08:10]  Acc_iter 2465        Data time: 0.08(0.08)  Forward time: 0.17(0.17)  Batch time: 0.24(0.24)
2025-08-06 09:58:32,000   INFO  Train:   57/100 ( 57%) [  35/44 ( 80%)]  Loss: 0.4396 (0.356)  LR: 2.456e-03  Time cost: 00:05/00:01 [06:22/04:47]  Acc_iter 2500        Data time: 0.01(0.01)  Forward time: 0.13(0.14)  Batch time: 0.14(0.15)
2025-08-06 09:58:33,156   INFO  Train:   57/100 ( 57%) [  43/44 ( 98%)]  Loss: 0.2916 (0.351)  LR: 2.445e-03  Time cost: 00:06/00:00 [06:23/04:44]  Acc_iter 2508        Data time: 0.01(0.01)  Forward time: 0.13(0.14)  Batch time: 0.15(0.15)
2025-08-06 09:58:33,519   INFO  Train:   58/100 ( 58%) [   0/44 (  0%)]  Loss: 0.3746 (0.375)  LR: 2.444e-03  Time cost: 00:00/00:11 [06:23/08:25]  Acc_iter 2509        Data time: 0.07(0.07)  Forward time: 0.18(0.18)  Batch time: 0.26(0.26)
2025-08-06 09:58:39,520   INFO  Train:   58/100 ( 58%) [  41/44 ( 93%)]  Loss: 0.3221 (0.338)  LR: 2.386e-03  Time cost: 00:06/00:00 [06:29/04:36]  Acc_iter 2550        Data time: 0.01(0.01)  Forward time: 0.13(0.14)  Batch time: 0.15(0.15)
2025-08-06 09:58:39,706   INFO  user                                   Wed Aug  6 09:58:39 2025  535.183.01
[0] NVIDIA GeForce RTX 4060 Laptop GPU | 64°C,  80 % |  6890 /  8188 MB | user(6872M) gdm(4M) user(4M)

2025-08-06 09:58:39,994   INFO  Train:   58/100 ( 58%) [  43/44 ( 98%)]  Loss: 0.3069 (0.338)  LR: 2.383e-03  Time cost: 00:06/00:00 [06:30/04:43]  Acc_iter 2552        Data time: 0.01(0.02)  Forward time: 0.13(0.14)  Batch time: 0.14(0.15)
2025-08-06 09:58:40,334   INFO  Train:   59/100 ( 59%) [   0/44 (  0%)]  Loss: 0.3548 (0.355)  LR: 2.382e-03  Time cost: 00:00/00:10 [06:30/07:30]  Acc_iter 2553        Data time: 0.08(0.08)  Forward time: 0.15(0.15)  Batch time: 0.23(0.23)
2025-08-06 09:58:46,621   INFO  Train:   59/100 ( 59%) [  43/44 ( 98%)]  Loss: 0.4706 (0.330)  LR: 2.318e-03  Time cost: 00:06/00:00 [06:36/04:27]  Acc_iter 2596        Data time: 0.01(0.01)  Forward time: 0.13(0.14)  Batch time: 0.14(0.15)
2025-08-06 09:58:46,964   INFO  Train:   60/100 ( 60%) [   0/44 (  0%)]  Loss: 0.3353 (0.335)  LR: 2.317e-03  Time cost: 00:00/00:10 [06:37/07:29]  Acc_iter 2597        Data time: 0.08(0.08)  Forward time: 0.15(0.15)  Batch time: 0.24(0.24)
2025-08-06 09:58:47,409   INFO  Train:   60/100 ( 60%) [   3/44 (  7%)]  Loss: 0.3903 (0.337)  LR: 2.312e-03  Time cost: 00:00/00:07 [06:37/05:12]  Acc_iter 2600        Data time: 0.01(0.03)  Forward time: 0.14(0.14)  Batch time: 0.15(0.17)
2025-08-06 09:58:53,275   INFO  Train:   60/100 ( 60%) [  43/44 ( 98%)]  Loss: 0.3135 (0.328)  LR: 2.252e-03  Time cost: 00:06/00:00 [06:43/04:22]  Acc_iter 2640        Data time: 0.01(0.01)  Forward time: 0.13(0.14)  Batch time: 0.15(0.15)
2025-08-06 09:58:53,636   INFO  Train:   61/100 ( 61%) [   0/44 (  0%)]  Loss: 0.3051 (0.305)  LR: 2.250e-03  Time cost: 00:00/00:11 [06:43/07:40]  Acc_iter 2641        Data time: 0.09(0.09)  Forward time: 0.17(0.17)  Batch time: 0.25(0.25)
2025-08-06 09:58:54,975   INFO  Train:   61/100 ( 61%) [   9/44 ( 20%)]  Loss: 0.3142 (0.343)  LR: 2.236e-03  Time cost: 00:01/00:05 [06:45/04:40]  Acc_iter 2650        Data time: 0.01(0.02)  Forward time: 0.13(0.14)  Batch time: 0.15(0.16)
2025-08-06 09:58:59,946   INFO  Train:   61/100 ( 61%) [  43/44 ( 98%)]  Loss: 0.2787 (0.293)  LR: 2.183e-03  Time cost: 00:06/00:00 [06:50/04:16]  Acc_iter 2684        Data time: 0.01(0.01)  Forward time: 0.14(0.14)  Batch time: 0.15(0.15)
2025-08-06 09:59:00,304   INFO  Train:   62/100 ( 62%) [   0/44 (  0%)]  Loss: 0.2193 (0.219)  LR: 2.181e-03  Time cost: 00:00/00:11 [06:50/07:24]  Acc_iter 2685        Data time: 0.09(0.09)  Forward time: 0.16(0.16)  Batch time: 0.25(0.25)
2025-08-06 09:59:02,512   INFO  Train:   62/100 ( 62%) [  15/44 ( 34%)]  Loss: 0.3290 (0.329)  LR: 2.157e-03  Time cost: 00:02/00:04 [06:52/04:22]  Acc_iter 2700        Data time: 0.01(0.02)  Forward time: 0.14(0.14)  Batch time: 0.15(0.15)
2025-08-06 09:59:02,728   INFO  user                                   Wed Aug  6 09:59:02 2025  535.183.01
[0] NVIDIA GeForce RTX 4060 Laptop GPU | 64°C,  76 % |  6890 /  8188 MB | user(6872M) gdm(4M) user(4M)

2025-08-06 09:59:06,823   INFO  Train:   62/100 ( 62%) [  43/44 ( 98%)]  Loss: 0.3049 (0.317)  LR: 2.112e-03  Time cost: 00:06/00:00 [06:57/04:17]  Acc_iter 2728        Data time: 0.01(0.02)  Forward time: 0.13(0.14)  Batch time: 0.14(0.15)
2025-08-06 09:59:07,206   INFO  Train:   63/100 ( 63%) [   0/44 (  0%)]  Loss: 0.2685 (0.269)  LR: 2.110e-03  Time cost: 00:00/00:12 [06:57/07:46]  Acc_iter 2729        Data time: 0.10(0.10)  Forward time: 0.17(0.17)  Batch time: 0.27(0.27)
2025-08-06 09:59:10,295   INFO  Train:   63/100 ( 63%) [  21/44 ( 48%)]  Loss: 0.2233 (0.276)  LR: 2.076e-03  Time cost: 00:03/00:03 [07:00/04:12]  Acc_iter 2750        Data time: 0.01(0.02)  Forward time: 0.13(0.14)  Batch time: 0.15(0.15)
2025-08-06 09:59:13,497   INFO  Train:   63/100 ( 63%) [  43/44 ( 98%)]  Loss: 0.2169 (0.278)  LR: 2.039e-03  Time cost: 00:06/00:00 [07:03/04:03]  Acc_iter 2772        Data time: 0.01(0.01)  Forward time: 0.13(0.14)  Batch time: 0.15(0.15)
2025-08-06 09:59:13,858   INFO  Train:   64/100 ( 64%) [   0/44 (  0%)]  Loss: 0.2837 (0.284)  LR: 2.038e-03  Time cost: 00:00/00:11 [07:04/07:08]  Acc_iter 2773        Data time: 0.09(0.09)  Forward time: 0.16(0.16)  Batch time: 0.25(0.25)
2025-08-06 09:59:17,837   INFO  Train:   64/100 ( 64%) [  27/44 ( 61%)]  Loss: 0.2642 (0.273)  LR: 1.992e-03  Time cost: 00:04/00:02 [07:08/04:02]  Acc_iter 2800        Data time: 0.01(0.01)  Forward time: 0.14(0.14)  Batch time: 0.15(0.15)
2025-08-06 09:59:20,179   INFO  Train:   64/100 ( 64%) [  43/44 ( 98%)]  Loss: 0.4492 (0.280)  LR: 1.965e-03  Time cost: 00:06/00:00 [07:10/03:57]  Acc_iter 2816        Data time: 0.01(0.01)  Forward time: 0.13(0.14)  Batch time: 0.14(0.15)
2025-08-06 09:59:20,555   INFO  Train:   65/100 ( 65%) [   0/44 (  0%)]  Loss: 0.2582 (0.258)  LR: 1.964e-03  Time cost: 00:00/00:12 [07:10/07:20]  Acc_iter 2817        Data time: 0.11(0.11)  Forward time: 0.15(0.15)  Batch time: 0.27(0.27)
2025-08-06 09:59:25,395   INFO  Train:   65/100 ( 65%) [  33/44 ( 75%)]  Loss: 0.3661 (0.286)  LR: 1.907e-03  Time cost: 00:05/00:01 [07:15/03:53]  Acc_iter 2850        Data time: 0.01(0.01)  Forward time: 0.13(0.14)  Batch time: 0.15(0.15)
2025-08-06 09:59:25,602   INFO  user                                   Wed Aug  6 09:59:25 2025  535.183.01
[0] NVIDIA GeForce RTX 4060 Laptop GPU | 64°C,  96 % |  6890 /  8188 MB | user(6872M) gdm(4M) user(4M)

2025-08-06 09:59:27,055   INFO  Train:   65/100 ( 65%) [  43/44 ( 98%)]  Loss: 0.2392 (0.290)  LR: 1.890e-03  Time cost: 00:06/00:00 [07:17/03:57]  Acc_iter 2860        Data time: 0.01(0.02)  Forward time: 0.13(0.14)  Batch time: 0.15(0.15)
2025-08-06 09:59:27,392   INFO  Train:   66/100 ( 66%) [   0/44 (  0%)]  Loss: 0.3655 (0.365)  LR: 1.888e-03  Time cost: 00:00/00:10 [07:17/06:10]  Acc_iter 2861        Data time: 0.08(0.08)  Forward time: 0.15(0.15)  Batch time: 0.23(0.23)
2025-08-06 09:59:33,105   INFO  Train:   66/100 ( 66%) [  39/44 ( 89%)]  Loss: 0.2468 (0.279)  LR: 1.821e-03  Time cost: 00:05/00:00 [07:23/03:43]  Acc_iter 2900        Data time: 0.01(0.01)  Forward time: 0.13(0.14)  Batch time: 0.15(0.15)
2025-08-06 09:59:33,683   INFO  Train:   66/100 ( 66%) [  43/44 ( 98%)]  Loss: 0.2791 (0.278)  LR: 1.814e-03  Time cost: 00:06/00:00 [07:23/03:42]  Acc_iter 2904        Data time: 0.01(0.01)  Forward time: 0.13(0.14)  Batch time: 0.14(0.15)
2025-08-06 09:59:34,054   INFO  Train:   67/100 ( 67%) [   0/44 (  0%)]  Loss: 0.4078 (0.408)  LR: 1.812e-03  Time cost: 00:00/00:11 [07:24/06:32]  Acc_iter 2905        Data time: 0.07(0.07)  Forward time: 0.18(0.18)  Batch time: 0.25(0.25)
2025-08-06 09:59:40,354   INFO  Train:   67/100 ( 67%) [  43/44 ( 98%)]  Loss: 0.2058 (0.269)  LR: 1.736e-03  Time cost: 00:06/00:00 [07:30/03:36]  Acc_iter 2948        Data time: 0.01(0.01)  Forward time: 0.13(0.14)  Batch time: 0.15(0.15)
2025-08-06 09:59:40,713   INFO  Train:   68/100 ( 68%) [   0/44 (  0%)]  Loss: 0.3111 (0.311)  LR: 1.735e-03  Time cost: 00:00/00:11 [07:31/06:18]  Acc_iter 2949        Data time: 0.10(0.10)  Forward time: 0.15(0.15)  Batch time: 0.25(0.25)
2025-08-06 09:59:40,863   INFO  Train:   68/100 ( 68%) [   1/44 (  2%)]  Loss: 0.2333 (0.272)  LR: 1.733e-03  Time cost: 00:00/00:08 [07:31/04:57]  Acc_iter 2950        Data time: 0.01(0.05)  Forward time: 0.14(0.15)  Batch time: 0.15(0.20)
2025-08-06 09:59:47,027   INFO  Train:   68/100 ( 68%) [  43/44 ( 98%)]  Loss: 0.2601 (0.254)  LR: 1.659e-03  Time cost: 00:06/00:00 [07:37/03:30]  Acc_iter 2992        Data time: 0.01(0.01)  Forward time: 0.13(0.14)  Batch time: 0.15(0.15)
2025-08-06 09:59:47,393   INFO  Train:   69/100 ( 69%) [   0/44 (  0%)]  Loss: 0.1805 (0.181)  LR: 1.657e-03  Time cost: 00:00/00:11 [07:37/06:20]  Acc_iter 2993        Data time: 0.11(0.11)  Forward time: 0.15(0.15)  Batch time: 0.26(0.26)
2025-08-06 09:59:48,424   INFO  Train:   69/100 ( 69%) [   7/44 ( 16%)]  Loss: 0.2950 (0.251)  LR: 1.644e-03  Time cost: 00:01/00:06 [07:38/03:47]  Acc_iter 3000        Data time: 0.01(0.02)  Forward time: 0.13(0.14)  Batch time: 0.14(0.16)
2025-08-06 09:59:48,644   INFO  user                                   Wed Aug  6 09:59:48 2025  535.183.01
[0] NVIDIA GeForce RTX 4060 Laptop GPU | 65°C,  94 % |  6890 /  8188 MB | user(6872M) gdm(4M) user(4M)

2025-08-06 09:59:53,894   INFO  Train:   69/100 ( 69%) [  43/44 ( 98%)]  Loss: 0.2006 (0.249)  LR: 1.580e-03  Time cost: 00:06/00:00 [07:44/03:30]  Acc_iter 3036        Data time: 0.01(0.02)  Forward time: 0.13(0.14)  Batch time: 0.14(0.15)
2025-08-06 09:59:54,237   INFO  Train:   70/100 ( 70%) [   0/44 (  0%)]  Loss: 0.2048 (0.205)  LR: 1.579e-03  Time cost: 00:00/00:10 [07:44/05:28]  Acc_iter 3037        Data time: 0.08(0.08)  Forward time: 0.15(0.15)  Batch time: 0.23(0.23)
2025-08-06 09:59:56,148   INFO  Train:   70/100 ( 70%) [  13/44 ( 30%)]  Loss: 0.2196 (0.245)  LR: 1.555e-03  Time cost: 00:02/00:04 [07:46/03:27]  Acc_iter 3050        Data time: 0.01(0.02)  Forward time: 0.13(0.14)  Batch time: 0.15(0.15)
2025-08-06 10:00:00,553   INFO  Train:   70/100 ( 70%) [  43/44 ( 98%)]  Loss: 0.2416 (0.247)  LR: 1.502e-03  Time cost: 00:06/00:00 [07:50/03:16]  Acc_iter 3080        Data time: 0.01(0.01)  Forward time: 0.13(0.14)  Batch time: 0.14(0.15)
2025-08-06 10:00:00,924   INFO  Train:   71/100 ( 71%) [   0/44 (  0%)]  Loss: 0.2032 (0.203)  LR: 1.500e-03  Time cost: 00:00/00:11 [07:51/05:59]  Acc_iter 3081        Data time: 0.10(0.10)  Forward time: 0.16(0.16)  Batch time: 0.26(0.26)
2025-08-06 10:00:03,716   INFO  Train:   71/100 ( 71%) [  19/44 ( 43%)]  Loss: 0.2833 (0.255)  LR: 1.466e-03  Time cost: 00:03/00:03 [07:54/03:19]  Acc_iter 3100        Data time: 0.01(0.02)  Forward time: 0.14(0.14)  Batch time: 0.15(0.15)
2025-08-06 10:00:07,239   INFO  Train:   71/100 ( 71%) [  43/44 ( 98%)]  Loss: 0.1887 (0.244)  LR: 1.423e-03  Time cost: 00:06/00:00 [07:57/03:11]  Acc_iter 3124        Data time: 0.01(0.01)  Forward time: 0.13(0.14)  Batch time: 0.14(0.15)
2025-08-06 10:00:07,591   INFO  Train:   72/100 ( 72%) [   0/44 (  0%)]  Loss: 0.2903 (0.290)  LR: 1.422e-03  Time cost: 00:00/00:10 [07:57/05:08]  Acc_iter 3125        Data time: 0.07(0.07)  Forward time: 0.16(0.16)  Batch time: 0.23(0.23)
2025-08-06 10:00:11,272   INFO  Train:   72/100 ( 72%) [  25/44 ( 57%)]  Loss: 0.2309 (0.244)  LR: 1.377e-03  Time cost: 00:03/00:02 [08:01/03:08]  Acc_iter 3150        Data time: 0.01(0.01)  Forward time: 0.14(0.14)  Batch time: 0.15(0.15)
2025-08-06 10:00:11,458   INFO  user                                   Wed Aug  6 10:00:11 2025  535.183.01
[0] NVIDIA GeForce RTX 4060 Laptop GPU | 65°C,  95 % |  6890 /  8188 MB | user(6872M) gdm(4M) user(4M)

2025-08-06 10:00:14,089   INFO  Train:   72/100 ( 72%) [  43/44 ( 98%)]  Loss: 0.2690 (0.236)  LR: 1.345e-03  Time cost: 00:06/00:00 [08:04/03:08]  Acc_iter 3168        Data time: 0.01(0.02)  Forward time: 0.13(0.14)  Batch time: 0.15(0.15)
2025-08-06 10:00:14,440   INFO  Train:   73/100 ( 73%) [   0/44 (  0%)]  Loss: 0.1944 (0.194)  LR: 1.343e-03  Time cost: 00:00/00:11 [08:04/05:09]  Acc_iter 3169        Data time: 0.08(0.08)  Forward time: 0.17(0.17)  Batch time: 0.24(0.24)
2025-08-06 10:00:19,035   INFO  Train:   73/100 ( 73%) [  31/44 ( 70%)]  Loss: 0.2254 (0.243)  LR: 1.288e-03  Time cost: 00:04/00:01 [08:09/03:01]  Acc_iter 3200        Data time: 0.01(0.01)  Forward time: 0.14(0.14)  Batch time: 0.15(0.15)
2025-08-06 10:00:20,795   INFO  Train:   73/100 ( 73%) [  43/44 ( 98%)]  Loss: 0.2290 (0.238)  LR: 1.267e-03  Time cost: 00:06/00:00 [08:11/02:58]  Acc_iter 3212        Data time: 0.01(0.01)  Forward time: 0.13(0.14)  Batch time: 0.15(0.15)
2025-08-06 10:00:21,165   INFO  Train:   74/100 ( 74%) [   0/44 (  0%)]  Loss: 0.2241 (0.224)  LR: 1.265e-03  Time cost: 00:00/00:11 [08:11/05:17]  Acc_iter 3213        Data time: 0.10(0.10)  Forward time: 0.16(0.16)  Batch time: 0.26(0.26)
2025-08-06 10:00:26,614   INFO  Train:   74/100 ( 74%) [  37/44 ( 84%)]  Loss: 0.2724 (0.227)  LR: 1.200e-03  Time cost: 00:05/00:01 [08:16/02:53]  Acc_iter 3250        Data time: 0.01(0.01)  Forward time: 0.13(0.14)  Batch time: 0.15(0.15)
2025-08-06 10:00:27,484   INFO  Train:   74/100 ( 74%) [  43/44 ( 98%)]  Loss: 0.2220 (0.226)  LR: 1.190e-03  Time cost: 00:06/00:00 [08:17/02:51]  Acc_iter 3256        Data time: 0.01(0.01)  Forward time: 0.13(0.14)  Batch time: 0.15(0.15)
2025-08-06 10:00:27,826   INFO  Train:   75/100 ( 75%) [   0/44 (  0%)]  Loss: 0.2124 (0.212)  LR: 1.188e-03  Time cost: 00:00/00:10 [08:18/04:42]  Acc_iter 3257        Data time: 0.07(0.07)  Forward time: 0.16(0.16)  Batch time: 0.24(0.24)
2025-08-06 10:00:34,148   INFO  Train:   75/100 ( 75%) [  43/44 ( 98%)]  Loss: 0.3924 (0.237)  LR: 1.114e-03  Time cost: 00:06/00:00 [08:24/02:44]  Acc_iter 3300        Data time: 0.01(0.01)  Forward time: 0.13(0.14)  Batch time: 0.15(0.15)
2025-08-06 10:00:34,335   INFO  user                                   Wed Aug  6 10:00:34 2025  535.183.01
[0] NVIDIA GeForce RTX 4060 Laptop GPU | 64°C,  96 % |  6890 /  8188 MB | user(6872M) gdm(4M) user(4M)

2025-08-06 10:00:34,686   INFO  Train:   76/100 ( 76%) [   0/44 (  0%)]  Loss: 0.2509 (0.251)  LR: 1.112e-03  Time cost: 00:00/00:11 [08:24/04:37]  Acc_iter 3301        Data time: 0.08(0.08)  Forward time: 0.17(0.17)  Batch time: 0.24(0.24)
2025-08-06 10:00:40,977   INFO  Train:   76/100 ( 76%) [  43/44 ( 98%)]  Loss: 0.2188 (0.211)  LR: 1.038e-03  Time cost: 00:06/00:00 [08:31/02:37]  Acc_iter 3344        Data time: 0.01(0.01)  Forward time: 0.13(0.14)  Batch time: 0.14(0.15)
2025-08-06 10:00:41,327   INFO  Train:   77/100 ( 77%) [   0/44 (  0%)]  Loss: 0.1981 (0.198)  LR: 1.036e-03  Time cost: 00:00/00:11 [08:31/04:24]  Acc_iter 3345        Data time: 0.08(0.08)  Forward time: 0.16(0.16)  Batch time: 0.24(0.24)
2025-08-06 10:00:42,063   INFO  Train:   77/100 ( 77%) [   5/44 ( 11%)]  Loss: 0.1871 (0.251)  LR: 1.028e-03  Time cost: 00:00/00:06 [08:32/02:52]  Acc_iter 3350        Data time: 0.01(0.02)  Forward time: 0.14(0.14)  Batch time: 0.15(0.16)
2025-08-06 10:00:47,629   INFO  Train:   77/100 ( 77%) [  43/44 ( 98%)]  Loss: 0.1975 (0.218)  LR: 9.641e-04  Time cost: 00:06/00:00 [08:37/02:30]  Acc_iter 3388        Data time: 0.01(0.01)  Forward time: 0.13(0.14)  Batch time: 0.14(0.15)
2025-08-06 10:00:47,988   INFO  Train:   78/100 ( 78%) [   0/44 (  0%)]  Loss: 0.1433 (0.143)  LR: 9.625e-04  Time cost: 00:00/00:11 [08:38/04:22]  Acc_iter 3389        Data time: 0.09(0.09)  Forward time: 0.16(0.16)  Batch time: 0.25(0.25)
2025-08-06 10:00:49,611   INFO  Train:   78/100 ( 78%) [  11/44 ( 25%)]  Loss: 0.2079 (0.195)  LR: 9.442e-04  Time cost: 00:01/00:05 [08:39/02:37]  Acc_iter 3400        Data time: 0.01(0.02)  Forward time: 0.13(0.14)  Batch time: 0.15(0.16)
2025-08-06 10:00:54,278   INFO  Train:   78/100 ( 78%) [  43/44 ( 98%)]  Loss: 0.1702 (0.204)  LR: 8.915e-04  Time cost: 00:06/00:00 [08:44/02:24]  Acc_iter 3432        Data time: 0.01(0.01)  Forward time: 0.13(0.14)  Batch time: 0.14(0.15)
2025-08-06 10:00:54,608   INFO  Train:   79/100 ( 79%) [   0/44 (  0%)]  Loss: 0.1212 (0.121)  LR: 8.899e-04  Time cost: 00:00/00:10 [08:44/03:48]  Acc_iter 3433        Data time: 0.08(0.08)  Forward time: 0.15(0.15)  Batch time: 0.23(0.23)
2025-08-06 10:00:57,100   INFO  Train:   79/100 ( 79%) [  17/44 ( 39%)]  Loss: 0.2534 (0.203)  LR: 8.623e-04  Time cost: 00:02/00:04 [08:47/02:24]  Acc_iter 3450        Data time: 0.01(0.01)  Forward time: 0.14(0.14)  Batch time: 0.15(0.15)
2025-08-06 10:00:57,287   INFO  user                                   Wed Aug  6 10:00:57 2025  535.183.01
[0] NVIDIA GeForce RTX 4060 Laptop GPU | 64°C,  71 % |  6890 /  8188 MB | user(6872M) gdm(4M) user(4M)

2025-08-06 10:01:01,121   INFO  Train:   79/100 ( 79%) [  43/44 ( 98%)]  Loss: 0.2232 (0.211)  LR: 8.206e-04  Time cost: 00:06/00:00 [08:51/02:21]  Acc_iter 3476        Data time: 0.01(0.02)  Forward time: 0.14(0.14)  Batch time: 0.15(0.15)
2025-08-06 10:01:01,462   INFO  Train:   80/100 ( 80%) [   0/44 (  0%)]  Loss: 0.1988 (0.199)  LR: 8.190e-04  Time cost: 00:00/00:10 [08:51/03:42]  Acc_iter 3477        Data time: 0.07(0.07)  Forward time: 0.16(0.16)  Batch time: 0.23(0.23)
2025-08-06 10:01:04,845   INFO  Train:   80/100 ( 80%) [  23/44 ( 52%)]  Loss: 0.1732 (0.209)  LR: 7.827e-04  Time cost: 00:03/00:03 [08:55/02:16]  Acc_iter 3500        Data time: 0.01(0.01)  Forward time: 0.14(0.14)  Batch time: 0.15(0.15)
2025-08-06 10:01:07,754   INFO  Train:   80/100 ( 80%) [  43/44 ( 98%)]  Loss: 0.2157 (0.210)  LR: 7.516e-04  Time cost: 00:06/00:00 [08:58/02:10]  Acc_iter 3520        Data time: 0.01(0.01)  Forward time: 0.13(0.14)  Batch time: 0.14(0.15)
2025-08-06 10:01:08,123   INFO  Train:   81/100 ( 81%) [   0/44 (  0%)]  Loss: 0.2340 (0.234)  LR: 7.500e-04  Time cost: 00:00/00:11 [08:58/03:58]  Acc_iter 3521        Data time: 0.11(0.11)  Forward time: 0.15(0.15)  Batch time: 0.26(0.26)
2025-08-06 10:01:12,385   INFO  Train:   81/100 ( 81%) [  29/44 ( 66%)]  Loss: 0.2445 (0.201)  LR: 7.056e-04  Time cost: 00:04/00:02 [09:02/02:08]  Acc_iter 3550        Data time: 0.01(0.01)  Forward time: 0.13(0.14)  Batch time: 0.14(0.15)
2025-08-06 10:01:14,419   INFO  Train:   81/100 ( 81%) [  43/44 ( 98%)]  Loss: 0.1896 (0.194)  LR: 6.846e-04  Time cost: 00:06/00:00 [09:04/02:04]  Acc_iter 3564        Data time: 0.01(0.01)  Forward time: 0.13(0.14)  Batch time: 0.14(0.15)
2025-08-06 10:01:14,762   INFO  Train:   82/100 ( 82%) [   0/44 (  0%)]  Loss: 0.2225 (0.223)  LR: 6.831e-04  Time cost: 00:00/00:10 [09:05/03:25]  Acc_iter 3565        Data time: 0.07(0.07)  Forward time: 0.16(0.16)  Batch time: 0.24(0.24)
2025-08-06 10:01:19,948   INFO  Train:   82/100 ( 82%) [  35/44 ( 80%)]  Loss: 0.2066 (0.198)  LR: 6.314e-04  Time cost: 00:05/00:01 [09:10/02:00]  Acc_iter 3600        Data time: 0.01(0.01)  Forward time: 0.13(0.14)  Batch time: 0.14(0.15)
2025-08-06 10:01:20,127   INFO  user                                   Wed Aug  6 10:01:20 2025  535.183.01
[0] NVIDIA GeForce RTX 4060 Laptop GPU | 65°C,  96 % |  6890 /  8188 MB | user(6872M) gdm(4M) user(4M)

2025-08-06 10:01:21,286   INFO  Train:   82/100 ( 82%) [  43/44 ( 98%)]  Loss: 0.3618 (0.201)  LR: 6.198e-04  Time cost: 00:06/00:00 [09:11/02:02]  Acc_iter 3608        Data time: 0.01(0.02)  Forward time: 0.13(0.14)  Batch time: 0.14(0.15)
2025-08-06 10:01:21,617   INFO  Train:   83/100 ( 83%) [   0/44 (  0%)]  Loss: 0.1969 (0.197)  LR: 6.183e-04  Time cost: 00:00/00:10 [09:11/03:04]  Acc_iter 3609        Data time: 0.07(0.07)  Forward time: 0.15(0.15)  Batch time: 0.22(0.22)
2025-08-06 10:01:27,638   INFO  Train:   83/100 ( 83%) [  41/44 ( 93%)]  Loss: 0.1648 (0.180)  LR: 5.602e-04  Time cost: 00:06/00:00 [09:17/01:51]  Acc_iter 3650        Data time: 0.01(0.01)  Forward time: 0.13(0.14)  Batch time: 0.15(0.15)
2025-08-06 10:01:27,926   INFO  Train:   83/100 ( 83%) [  43/44 ( 98%)]  Loss: 0.1690 (0.178)  LR: 5.574e-04  Time cost: 00:06/00:00 [09:18/01:51]  Acc_iter 3652        Data time: 0.01(0.01)  Forward time: 0.13(0.14)  Batch time: 0.14(0.15)
2025-08-06 10:01:28,300   INFO  Train:   84/100 ( 84%) [   0/44 (  0%)]  Loss: 0.2398 (0.240)  LR: 5.560e-04  Time cost: 00:00/00:12 [09:18/03:28]  Acc_iter 3653        Data time: 0.11(0.11)  Forward time: 0.16(0.16)  Batch time: 0.27(0.27)
2025-08-06 10:01:34,581   INFO  Train:   84/100 ( 84%) [  43/44 ( 98%)]  Loss: 0.1547 (0.182)  LR: 4.977e-04  Time cost: 00:06/00:00 [09:24/01:45]  Acc_iter 3696        Data time: 0.01(0.01)  Forward time: 0.13(0.14)  Batch time: 0.15(0.15)
2025-08-06 10:01:34,926   INFO  Train:   85/100 ( 85%) [   0/44 (  0%)]  Loss: 0.2414 (0.241)  LR: 4.963e-04  Time cost: 00:00/00:10 [09:25/02:52]  Acc_iter 3697        Data time: 0.08(0.08)  Forward time: 0.16(0.16)  Batch time: 0.24(0.24)
2025-08-06 10:01:35,379   INFO  Train:   85/100 ( 85%) [   3/44 (  7%)]  Loss: 0.1996 (0.198)  LR: 4.924e-04  Time cost: 00:00/00:07 [09:25/02:02]  Acc_iter 3700        Data time: 0.01(0.03)  Forward time: 0.14(0.14)  Batch time: 0.15(0.17)
2025-08-06 10:01:41,277   INFO  Train:   85/100 ( 85%) [  43/44 ( 98%)]  Loss: 0.2433 (0.189)  LR: 4.406e-04  Time cost: 00:06/00:00 [09:31/01:39]  Acc_iter 3740        Data time: 0.01(0.01)  Forward time: 0.14(0.14)  Batch time: 0.15(0.15)
2025-08-06 10:01:41,624   INFO  Train:   86/100 ( 86%) [   0/44 (  0%)]  Loss: 0.2730 (0.273)  LR: 4.394e-04  Time cost: 00:00/00:10 [09:31/02:43]  Acc_iter 3741        Data time: 0.08(0.08)  Forward time: 0.16(0.16)  Batch time: 0.24(0.24)
2025-08-06 10:01:42,946   INFO  Train:   86/100 ( 86%) [   9/44 ( 20%)]  Loss: 0.1510 (0.184)  LR: 4.281e-04  Time cost: 00:01/00:05 [09:33/01:42]  Acc_iter 3750        Data time: 0.01(0.02)  Forward time: 0.14(0.14)  Batch time: 0.15(0.16)
2025-08-06 10:01:43,184   INFO  user                                   Wed Aug  6 10:01:43 2025  535.183.01
[0] NVIDIA GeForce RTX 4060 Laptop GPU | 64°C,  93 % |  6890 /  8188 MB | user(6872M) gdm(4M) user(4M)

2025-08-06 10:01:48,161   INFO  Train:   86/100 ( 86%) [  43/44 ( 98%)]  Loss: 0.1206 (0.185)  LR: 3.865e-04  Time cost: 00:06/00:00 [09:38/01:35]  Acc_iter 3784        Data time: 0.01(0.02)  Forward time: 0.13(0.14)  Batch time: 0.15(0.15)
2025-08-06 10:01:48,505   INFO  Train:   87/100 ( 87%) [   0/44 (  0%)]  Loss: 0.1756 (0.176)  LR: 3.853e-04  Time cost: 00:00/00:10 [09:38/02:31]  Acc_iter 3785        Data time: 0.08(0.08)  Forward time: 0.15(0.15)  Batch time: 0.24(0.24)
2025-08-06 10:01:50,713   INFO  Train:   87/100 ( 87%) [  15/44 ( 34%)]  Loss: 0.1267 (0.175)  LR: 3.676e-04  Time cost: 00:02/00:04 [09:41/01:32]  Acc_iter 3800        Data time: 0.01(0.02)  Forward time: 0.14(0.14)  Batch time: 0.15(0.15)
2025-08-06 10:01:54,802   INFO  Train:   87/100 ( 87%) [  43/44 ( 98%)]  Loss: 0.2221 (0.179)  LR: 3.354e-04  Time cost: 00:06/00:00 [09:45/01:25]  Acc_iter 3828        Data time: 0.01(0.01)  Forward time: 0.13(0.14)  Batch time: 0.15(0.15)
2025-08-06 10:01:55,153   INFO  Train:   88/100 ( 88%) [   0/44 (  0%)]  Loss: 0.1609 (0.161)  LR: 3.343e-04  Time cost: 00:00/00:11 [09:45/02:27]  Acc_iter 3829        Data time: 0.10(0.10)  Forward time: 0.15(0.15)  Batch time: 0.25(0.25)
2025-08-06 10:01:58,237   INFO  Train:   88/100 ( 88%) [  21/44 ( 48%)]  Loss: 0.1284 (0.175)  LR: 3.111e-04  Time cost: 00:03/00:03 [09:48/01:23]  Acc_iter 3850        Data time: 0.01(0.02)  Forward time: 0.14(0.14)  Batch time: 0.15(0.15)
2025-08-06 10:02:01,439   INFO  Train:   88/100 ( 88%) [  43/44 ( 98%)]  Loss: 0.1601 (0.176)  LR: 2.876e-04  Time cost: 00:06/00:00 [09:51/01:18]  Acc_iter 3872        Data time: 0.01(0.01)  Forward time: 0.13(0.14)  Batch time: 0.14(0.15)
2025-08-06 10:02:01,801   INFO  Train:   89/100 ( 89%) [   0/44 (  0%)]  Loss: 0.1168 (0.117)  LR: 2.865e-04  Time cost: 00:00/00:11 [09:52/02:21]  Acc_iter 3873        Data time: 0.11(0.11)  Forward time: 0.15(0.15)  Batch time: 0.26(0.26)
2025-08-06 10:02:05,751   INFO  Train:   89/100 ( 89%) [  27/44 ( 61%)]  Loss: 0.1549 (0.166)  LR: 2.588e-04  Time cost: 00:04/00:02 [09:56/01:15]  Acc_iter 3900        Data time: 0.01(0.01)  Forward time: 0.14(0.14)  Batch time: 0.15(0.15)
2025-08-06 10:02:05,948   INFO  user                                   Wed Aug  6 10:02:05 2025  535.183.01
[0] NVIDIA GeForce RTX 4060 Laptop GPU | 64°C,  95 % |  6890 /  8188 MB | user(6872M) gdm(4M) user(4M)

2025-08-06 10:02:08,289   INFO  Train:   89/100 ( 89%) [  43/44 ( 98%)]  Loss: 0.1315 (0.175)  LR: 2.430e-04  Time cost: 00:06/00:00 [09:58/01:14]  Acc_iter 3916        Data time: 0.01(0.02)  Forward time: 0.13(0.14)  Batch time: 0.15(0.15)
2025-08-06 10:02:08,656   INFO  Train:   90/100 ( 90%) [   0/44 (  0%)]  Loss: 0.1485 (0.149)  LR: 2.420e-04  Time cost: 00:00/00:11 [09:58/02:11]  Acc_iter 3917        Data time: 0.11(0.11)  Forward time: 0.15(0.15)  Batch time: 0.26(0.26)
2025-08-06 10:02:13,489   INFO  Train:   90/100 ( 90%) [  33/44 ( 75%)]  Loss: 0.1636 (0.188)  LR: 2.109e-04  Time cost: 00:05/00:01 [10:03/01:07]  Acc_iter 3950        Data time: 0.01(0.01)  Forward time: 0.13(0.14)  Batch time: 0.15(0.15)
2025-08-06 10:02:14,937   INFO  Train:   90/100 ( 90%) [  43/44 ( 98%)]  Loss: 0.2058 (0.181)  LR: 2.019e-04  Time cost: 00:06/00:00 [10:05/01:05]  Acc_iter 3960        Data time: 0.01(0.01)  Forward time: 0.13(0.14)  Batch time: 0.15(0.15)
2025-08-06 10:02:15,273   INFO  Train:   91/100 ( 91%) [   0/44 (  0%)]  Loss: 0.1783 (0.178)  LR: 2.010e-04  Time cost: 00:00/00:10 [10:05/01:44]  Acc_iter 3961        Data time: 0.07(0.07)  Forward time: 0.15(0.15)  Batch time: 0.23(0.23)
2025-08-06 10:02:21,026   INFO  Train:   91/100 ( 91%) [  39/44 ( 89%)]  Loss: 0.1538 (0.163)  LR: 1.676e-04  Time cost: 00:05/00:00 [10:11/01:00]  Acc_iter 4000        Data time: 0.01(0.01)  Forward time: 0.13(0.14)  Batch time: 0.15(0.15)
2025-08-06 10:02:21,609   INFO  Train:   91/100 ( 91%) [  43/44 ( 98%)]  Loss: 0.1657 (0.164)  LR: 1.643e-04  Time cost: 00:06/00:00 [10:11/00:59]  Acc_iter 4004        Data time: 0.01(0.01)  Forward time: 0.13(0.14)  Batch time: 0.15(0.15)
2025-08-06 10:02:21,979   INFO  Train:   92/100 ( 92%) [   0/44 (  0%)]  Loss: 0.2157 (0.216)  LR: 1.635e-04  Time cost: 00:00/00:11 [10:12/01:45]  Acc_iter 4005        Data time: 0.10(0.10)  Forward time: 0.16(0.16)  Batch time: 0.26(0.26)
2025-08-06 10:02:28,292   INFO  Train:   92/100 ( 92%) [  43/44 ( 98%)]  Loss: 0.1071 (0.158)  LR: 1.304e-04  Time cost: 00:06/00:00 [10:18/00:52]  Acc_iter 4048        Data time: 0.01(0.01)  Forward time: 0.13(0.14)  Batch time: 0.15(0.15)
2025-08-06 10:02:28,658   INFO  Train:   93/100 ( 93%) [   0/44 (  0%)]  Loss: 0.09686 (0.0969)  LR: 1.297e-04  Time cost: 00:00/00:11 [10:18/01:33]  Acc_iter 4049        Data time: 0.10(0.10)  Forward time: 0.16(0.16)  Batch time: 0.25(0.25)
2025-08-06 10:02:28,804   INFO  Train:   93/100 ( 93%) [   1/44 (  2%)]  Loss: 0.2149 (0.156)  LR: 1.290e-04  Time cost: 00:00/00:08 [10:19/01:12]  Acc_iter 4050        Data time: 0.01(0.05)  Forward time: 0.13(0.15)  Batch time: 0.14(0.20)
2025-08-06 10:02:28,981   INFO  user                                   Wed Aug  6 10:02:28 2025  535.183.01
[0] NVIDIA GeForce RTX 4060 Laptop GPU | 64°C,  87 % |  6890 /  8188 MB | user(6872M) gdm(4M) user(4M)

2025-08-06 10:02:35,154   INFO  Train:   93/100 ( 93%) [  43/44 ( 98%)]  Loss: 0.1270 (0.168)  LR: 1.003e-04  Time cost: 00:06/00:00 [10:25/00:47]  Acc_iter 4092        Data time: 0.01(0.02)  Forward time: 0.13(0.14)  Batch time: 0.15(0.15)
2025-08-06 10:02:35,526   INFO  Train:   94/100 ( 94%) [   0/44 (  0%)]  Loss: 0.2246 (0.225)  LR: 9.966e-05  Time cost: 00:00/00:12 [10:25/01:24]  Acc_iter 4093        Data time: 0.11(0.11)  Forward time: 0.16(0.16)  Batch time: 0.26(0.26)
2025-08-06 10:02:36,553   INFO  Train:   94/100 ( 94%) [   7/44 ( 16%)]  Loss: 0.1459 (0.169)  LR: 9.523e-05  Time cost: 00:01/00:06 [10:26/00:48]  Acc_iter 4100        Data time: 0.01(0.02)  Forward time: 0.13(0.14)  Batch time: 0.15(0.16)
2025-08-06 10:02:41,817   INFO  Train:   94/100 ( 94%) [  43/44 ( 98%)]  Loss: 0.1137 (0.165)  LR: 7.400e-05  Time cost: 00:06/00:00 [10:32/00:39]  Acc_iter 4136        Data time: 0.01(0.01)  Forward time: 0.14(0.14)  Batch time: 0.15(0.15)
2025-08-06 10:02:42,163   INFO  Train:   95/100 ( 95%) [   0/44 (  0%)]  Loss: 0.1365 (0.137)  LR: 7.344e-05  Time cost: 00:00/00:10 [10:32/01:04]  Acc_iter 4137        Data time: 0.07(0.07)  Forward time: 0.16(0.16)  Batch time: 0.23(0.23)
2025-08-06 10:02:44,072   INFO  Train:   95/100 ( 95%) [  13/44 ( 30%)]  Loss: 0.1551 (0.182)  LR: 6.644e-05  Time cost: 00:02/00:04 [10:34/00:38]  Acc_iter 4150        Data time: 0.01(0.02)  Forward time: 0.13(0.14)  Batch time: 0.14(0.15)
2025-08-06 10:02:48,446   INFO  Train:   95/100 ( 95%) [  43/44 ( 98%)]  Loss: 0.1586 (0.175)  LR: 5.160e-05  Time cost: 00:06/00:00 [10:38/00:32]  Acc_iter 4180        Data time: 0.01(0.01)  Forward time: 0.14(0.14)  Batch time: 0.15(0.15)
2025-08-06 10:02:48,800   INFO  Train:   96/100 ( 96%) [   0/44 (  0%)]  Loss: 0.1187 (0.119)  LR: 5.114e-05  Time cost: 00:00/00:11 [10:39/00:56]  Acc_iter 4181        Data time: 0.09(0.09)  Forward time: 0.16(0.16)  Batch time: 0.25(0.25)
2025-08-06 10:02:51,588   INFO  Train:   96/100 ( 96%) [  19/44 ( 43%)]  Loss: 0.1568 (0.163)  LR: 4.273e-05  Time cost: 00:03/00:03 [10:41/00:30]  Acc_iter 4200        Data time: 0.01(0.02)  Forward time: 0.14(0.14)  Batch time: 0.15(0.15)
2025-08-06 10:02:51,804   INFO  user                                   Wed Aug  6 10:02:51 2025  535.183.01
[0] NVIDIA GeForce RTX 4060 Laptop GPU | 64°C,  92 % |  6890 /  8188 MB | user(6872M) gdm(4M) user(4M)

2025-08-06 10:02:55,314   INFO  Train:   96/100 ( 96%) [  43/44 ( 98%)]  Loss: 0.1749 (0.167)  LR: 3.318e-05  Time cost: 00:06/00:00 [10:45/00:27]  Acc_iter 4224        Data time: 0.01(0.02)  Forward time: 0.14(0.14)  Batch time: 0.15(0.15)
2025-08-06 10:02:55,672   INFO  Train:   97/100 ( 97%) [   0/44 (  0%)]  Loss: 0.1235 (0.123)  LR: 3.281e-05  Time cost: 00:00/00:11 [10:45/00:45]  Acc_iter 4225        Data time: 0.09(0.09)  Forward time: 0.16(0.16)  Batch time: 0.25(0.25)
2025-08-06 10:02:59,338   INFO  Train:   97/100 ( 97%) [  25/44 ( 57%)]  Loss: 0.1907 (0.170)  LR: 2.418e-05  Time cost: 00:03/00:02 [10:49/00:22]  Acc_iter 4250        Data time: 0.01(0.01)  Forward time: 0.13(0.14)  Batch time: 0.14(0.15)
2025-08-06 10:03:01,960   INFO  Train:   97/100 ( 97%) [  43/44 ( 98%)]  Loss: 0.1623 (0.169)  LR: 1.878e-05  Time cost: 00:06/00:00 [10:52/00:19]  Acc_iter 4268        Data time: 0.01(0.01)  Forward time: 0.13(0.14)  Batch time: 0.15(0.15)
2025-08-06 10:03:02,337   INFO  Train:   98/100 ( 98%) [   0/44 (  0%)]  Loss: 0.1944 (0.194)  LR: 1.850e-05  Time cost: 00:00/00:12 [10:52/00:36]  Acc_iter 4269        Data time: 0.11(0.11)  Forward time: 0.16(0.16)  Batch time: 0.26(0.26)
2025-08-06 10:03:06,875   INFO  Train:   98/100 ( 98%) [  31/44 ( 70%)]  Loss: 0.1367 (0.168)  LR: 1.085e-05  Time cost: 00:04/00:01 [10:57/00:15]  Acc_iter 4300        Data time: 0.01(0.01)  Forward time: 0.14(0.14)  Batch time: 0.15(0.15)
2025-08-06 10:03:08,619   INFO  Train:   98/100 ( 98%) [  43/44 ( 98%)]  Loss: 0.2253 (0.170)  LR: 8.435e-06  Time cost: 00:06/00:00 [10:58/00:13]  Acc_iter 4312        Data time: 0.01(0.01)  Forward time: 0.13(0.14)  Batch time: 0.15(0.15)
2025-08-06 10:03:08,955   INFO  Train:   99/100 ( 99%) [   0/44 (  0%)]  Loss: 0.1191 (0.119)  LR: 8.247e-06  Time cost: 00:00/00:10 [10:59/00:20]  Acc_iter 4313        Data time: 0.06(0.06)  Forward time: 0.15(0.15)  Batch time: 0.22(0.22)
2025-08-06 10:03:14,389   INFO  Train:   99/100 ( 99%) [  37/44 ( 84%)]  Loss: 0.1167 (0.158)  LR: 2.792e-06  Time cost: 00:05/00:01 [11:04/00:07]  Acc_iter 4350        Data time: 0.01(0.01)  Forward time: 0.13(0.14)  Batch time: 0.14(0.15)
2025-08-06 10:03:14,615   INFO  user                                   Wed Aug  6 10:03:14 2025  535.183.01
[0] NVIDIA GeForce RTX 4060 Laptop GPU | 64°C,  94 % |  6890 /  8188 MB | user(6872M) gdm(4M) user(4M)

2025-08-06 10:03:15,488   INFO  Train:   99/100 ( 99%) [  43/44 ( 98%)]  Loss: 0.1726 (0.160)  LR: 2.180e-06  Time cost: 00:06/00:00 [11:05/00:06]  Acc_iter 4356        Data time: 0.01(0.02)  Forward time: 0.13(0.14)  Batch time: 0.15(0.15)
2025-08-06 10:03:15,868   INFO  Train:  100/100 (100%) [   0/44 (  0%)]  Loss: 0.1323 (0.132)  LR: 2.086e-06  Time cost: 00:00/00:12 [11:06/00:12]  Acc_iter 4357        Data time: 0.11(0.11)  Forward time: 0.16(0.16)  Batch time: 0.27(0.27)
2025-08-06 10:03:22,165   INFO  Train:  100/100 (100%) [  43/44 ( 98%)]  Loss: 0.1425 (0.160)  LR: 3.106e-08  Time cost: 00:06/00:00 [11:12/00:00]  Acc_iter 4400        Data time: 0.01(0.01)  Forward time: 0.13(0.14)  Batch time: 0.14(0.15)
2025-08-06 10:03:22,237   INFO  **********************End training kitti_models/pointpillar_custom(default)**********************



2025-08-06 10:03:22,237   INFO  **********************Start evaluation kitti_models/pointpillar_custom(default)**********************
2025-08-06 10:03:22,238   INFO  Loading Custom dataset.
2025-08-06 10:03:22,239   INFO  Total samples for CUSTOM dataset: 23
2025-08-06 10:03:22,240   INFO  ==> Loading parameters from checkpoint /home/user/ChangTing/Code/Openpcdet/OpenPCDet/output/kitti_models/pointpillar_custom/default/ckpt/checkpoint_epoch_100.pth to GPU
2025-08-06 10:03:22,261   INFO  ==> Checkpoint trained from version: pcdet+0.6.0+8caccce
2025-08-06 10:03:22,263   INFO  ==> Done (loaded 127/127)
2025-08-06 10:03:22,264   INFO  *************** EPOCH 100 EVALUATION *****************
2025-08-06 10:03:22,936   INFO  *************** Performance of EPOCH 100 *****************
2025-08-06 10:03:22,936   INFO  Generate label finished(sec_per_example: 0.0292 second).
2025-08-06 10:03:22,936   INFO  recall_roi_0.3: 0.000000
2025-08-06 10:03:22,936   INFO  recall_rcnn_0.3: 0.902857
2025-08-06 10:03:22,937   INFO  recall_roi_0.5: 0.000000
2025-08-06 10:03:22,937   INFO  recall_rcnn_0.5: 0.897143
2025-08-06 10:03:22,937   INFO  recall_roi_0.7: 0.000000
2025-08-06 10:03:22,937   INFO  recall_rcnn_0.7: 0.617143
2025-08-06 10:03:22,937   INFO  Average predicted number of objects(23 samples): 8.435
