2025-08-08 15:21:46,591   INFO  **********************Start logging**********************
2025-08-08 15:21:46,591   INFO  CUDA_VISIBLE_DEVICES=0
2025-08-08 15:21:46,591   INFO  Training with a single process
2025-08-08 15:21:46,591   INFO  cfg_file         cfgs/kitti_models/pointpillar_custom.yaml
2025-08-08 15:21:46,591   INFO  batch_size       2
2025-08-08 15:21:46,591   INFO  epochs           200
2025-08-08 15:21:46,591   INFO  workers          4
2025-08-08 15:21:46,591   INFO  extra_tag        default
2025-08-08 15:21:46,591   INFO  ckpt             None
2025-08-08 15:21:46,591   INFO  pretrained_model None
2025-08-08 15:21:46,591   INFO  launcher         none
2025-08-08 15:21:46,591   INFO  tcp_port         18888
2025-08-08 15:21:46,591   INFO  sync_bn          False
2025-08-08 15:21:46,591   INFO  fix_random_seed  False
2025-08-08 15:21:46,591   INFO  ckpt_save_interval 1
2025-08-08 15:21:46,591   INFO  local_rank       None
2025-08-08 15:21:46,591   INFO  max_ckpt_save_num 30
2025-08-08 15:21:46,591   INFO  merge_all_iters_to_one_epoch False
2025-08-08 15:21:46,591   INFO  set_cfgs         None
2025-08-08 15:21:46,591   INFO  max_waiting_mins 0
2025-08-08 15:21:46,591   INFO  start_epoch      0
2025-08-08 15:21:46,591   INFO  num_epochs_to_eval 0
2025-08-08 15:21:46,592   INFO  save_to_file     False
2025-08-08 15:21:46,592   INFO  use_tqdm_to_record False
2025-08-08 15:21:46,592   INFO  logger_iter_interval 50
2025-08-08 15:21:46,592   INFO  ckpt_save_time_interval 300
2025-08-08 15:21:46,592   INFO  wo_gpu_stat      False
2025-08-08 15:21:46,592   INFO  use_amp          False
2025-08-08 15:21:46,592   INFO  cfg.ROOT_DIR: /home/user/ChangTing/Code/Openpcdet/OpenPCDet
2025-08-08 15:21:46,592   INFO  cfg.LOCAL_RANK: 0
2025-08-08 15:21:46,592   INFO  cfg.CLASS_NAMES: ['Car', 'Bus', 'Pedestrian', 'Motorcycle']
2025-08-08 15:21:46,592   INFO  ----------- DATA_CONFIG -----------
2025-08-08 15:21:46,592   INFO  cfg.DATA_CONFIG.DATASET: CustomDataset
2025-08-08 15:21:46,592   INFO  cfg.DATA_CONFIG.DATA_PATH: /home/user/ChangTing/Code/Openpcdet/OpenPCDet/data/custom
2025-08-08 15:21:46,592   INFO  cfg.DATA_CONFIG.POINT_CLOUD_RANGE: [-26.4, -39.68, -3, 50.4, 39.68, 1]
2025-08-08 15:21:46,592   INFO  ----------- DATA_SPLIT -----------
2025-08-08 15:21:46,592   INFO  cfg.DATA_CONFIG.DATA_SPLIT.train: train
2025-08-08 15:21:46,592   INFO  cfg.DATA_CONFIG.DATA_SPLIT.test: val
2025-08-08 15:21:46,592   INFO  ----------- INFO_PATH -----------
2025-08-08 15:21:46,592   INFO  cfg.DATA_CONFIG.INFO_PATH.train: ['custom_infos_train.pkl']
2025-08-08 15:21:46,592   INFO  cfg.DATA_CONFIG.INFO_PATH.test: ['custom_infos_val.pkl']
2025-08-08 15:21:46,592   INFO  cfg.DATA_CONFIG.GET_ITEM_LIST: ['points']
2025-08-08 15:21:46,592   INFO  cfg.DATA_CONFIG.FOV_POINTS_ONLY: True
2025-08-08 15:21:46,592   INFO  ----------- POINT_FEATURE_ENCODING -----------
2025-08-08 15:21:46,592   INFO  cfg.DATA_CONFIG.POINT_FEATURE_ENCODING.encoding_type: absolute_coordinates_encoding
2025-08-08 15:21:46,592   INFO  cfg.DATA_CONFIG.POINT_FEATURE_ENCODING.used_feature_list: ['x', 'y', 'z', 'intensity']
2025-08-08 15:21:46,592   INFO  cfg.DATA_CONFIG.POINT_FEATURE_ENCODING.src_feature_list: ['x', 'y', 'z', 'intensity']
2025-08-08 15:21:46,592   INFO  ----------- DATA_AUGMENTOR -----------
2025-08-08 15:21:46,592   INFO  cfg.DATA_CONFIG.DATA_AUGMENTOR.DISABLE_AUG_LIST: ['placeholder']
2025-08-08 15:21:46,592   INFO  cfg.DATA_CONFIG.DATA_AUGMENTOR.AUG_CONFIG_LIST: [{'NAME': 'gt_sampling', 'USE_ROAD_PLANE': False, 'DB_INFO_PATH': ['custom_dbinfos_train.pkl'], 'PREPARE': {'filter_by_min_points': ['Car:15', 'Bus:25', 'Pedestrian:5', 'Motorcycle:10']}, 'SAMPLE_GROUPS': ['Car:15', 'Bus:15', 'Pedestrian:15', 'Motorcycle:15'], 'NUM_POINT_FEATURES': 4, 'DATABASE_WITH_FAKELIDAR': False, 'REMOVE_EXTRA_WIDTH': [0.0, 0.0, 0.0], 'LIMIT_WHOLE_SCENE': False}, {'NAME': 'random_world_flip', 'ALONG_AXIS_LIST': ['x']}, {'NAME': 'random_world_rotation', 'WORLD_ROT_ANGLE': [-0.78539816, 0.78539816]}, {'NAME': 'random_world_scaling', 'WORLD_SCALE_RANGE': [0.95, 1.05]}]
2025-08-08 15:21:46,592   INFO  cfg.DATA_CONFIG.DATA_PROCESSOR: [{'NAME': 'mask_points_and_boxes_outside_range', 'REMOVE_OUTSIDE_BOXES': True}, {'NAME': 'shuffle_points', 'SHUFFLE_ENABLED': {'train': True, 'test': False}}, {'NAME': 'transform_points_to_voxels', 'VOXEL_SIZE': [0.16, 0.16, 4], 'MAX_POINTS_PER_VOXEL': 32, 'MAX_NUMBER_OF_VOXELS': {'train': 16000, 'test': 40000}}]
2025-08-08 15:21:46,592   INFO  cfg.DATA_CONFIG._BASE_CONFIG_: cfgs/dataset_configs/kitti_custom_dataset.yaml
2025-08-08 15:21:46,592   INFO  ----------- MODEL -----------
2025-08-08 15:21:46,592   INFO  cfg.MODEL.NAME: PointPillar
2025-08-08 15:21:46,592   INFO  ----------- VFE -----------
2025-08-08 15:21:46,592   INFO  cfg.MODEL.VFE.NAME: PillarVFE
2025-08-08 15:21:46,592   INFO  cfg.MODEL.VFE.WITH_DISTANCE: False
2025-08-08 15:21:46,592   INFO  cfg.MODEL.VFE.USE_ABSLOTE_XYZ: True
2025-08-08 15:21:46,592   INFO  cfg.MODEL.VFE.USE_NORM: True
2025-08-08 15:21:46,592   INFO  cfg.MODEL.VFE.NUM_FILTERS: [64]
2025-08-08 15:21:46,592   INFO  ----------- MAP_TO_BEV -----------
2025-08-08 15:21:46,592   INFO  cfg.MODEL.MAP_TO_BEV.NAME: PointPillarScatter
2025-08-08 15:21:46,592   INFO  cfg.MODEL.MAP_TO_BEV.NUM_BEV_FEATURES: 64
2025-08-08 15:21:46,592   INFO  ----------- BACKBONE_2D -----------
2025-08-08 15:21:46,592   INFO  cfg.MODEL.BACKBONE_2D.NAME: BaseBEVBackbone
2025-08-08 15:21:46,592   INFO  cfg.MODEL.BACKBONE_2D.LAYER_NUMS: [3, 5, 5]
2025-08-08 15:21:46,592   INFO  cfg.MODEL.BACKBONE_2D.LAYER_STRIDES: [2, 2, 2]
2025-08-08 15:21:46,592   INFO  cfg.MODEL.BACKBONE_2D.NUM_FILTERS: [64, 128, 256]
2025-08-08 15:21:46,592   INFO  cfg.MODEL.BACKBONE_2D.UPSAMPLE_STRIDES: [1, 2, 4]
2025-08-08 15:21:46,592   INFO  cfg.MODEL.BACKBONE_2D.NUM_UPSAMPLE_FILTERS: [128, 128, 128]
2025-08-08 15:21:46,592   INFO  ----------- DENSE_HEAD -----------
2025-08-08 15:21:46,592   INFO  cfg.MODEL.DENSE_HEAD.NAME: AnchorHeadSingle
2025-08-08 15:21:46,592   INFO  cfg.MODEL.DENSE_HEAD.CLASS_AGNOSTIC: False
2025-08-08 15:21:46,592   INFO  cfg.MODEL.DENSE_HEAD.USE_DIRECTION_CLASSIFIER: True
2025-08-08 15:21:46,592   INFO  cfg.MODEL.DENSE_HEAD.DIR_OFFSET: 0.78539
2025-08-08 15:21:46,592   INFO  cfg.MODEL.DENSE_HEAD.DIR_LIMIT_OFFSET: 0.0
2025-08-08 15:21:46,592   INFO  cfg.MODEL.DENSE_HEAD.NUM_DIR_BINS: 2
2025-08-08 15:21:46,592   INFO  cfg.MODEL.DENSE_HEAD.ANCHOR_GENERATOR_CONFIG: [{'class_name': 'Car', 'anchor_sizes': [[4.2, 2.2, 1.68]], 'anchor_rotations': [0, 1.57], 'anchor_bottom_heights': [-1.78], 'align_center': False, 'feature_map_stride': 2, 'matched_threshold': 0.6, 'unmatched_threshold': 0.45}, {'class_name': 'Bus', 'anchor_sizes': [[12.2, 3.0, 3.3]], 'anchor_rotations': [0, 1.57], 'anchor_bottom_heights': [-1.68], 'align_center': False, 'feature_map_stride': 2, 'matched_threshold': 0.6, 'unmatched_threshold': 0.45}, {'class_name': 'Pedestrian', 'anchor_sizes': [[0.51, 0.64, 1.71]], 'anchor_rotations': [0, 1.57], 'anchor_bottom_heights': [-0.6], 'align_center': False, 'feature_map_stride': 2, 'matched_threshold': 0.5, 'unmatched_threshold': 0.35}, {'class_name': 'Motorcycle', 'anchor_sizes': [[1.72, 1.0, 1.66]], 'anchor_rotations': [0, 1.57], 'anchor_bottom_heights': [-0.6], 'align_center': False, 'feature_map_stride': 2, 'matched_threshold': 0.5, 'unmatched_threshold': 0.35}]
2025-08-08 15:21:46,592   INFO  ----------- TARGET_ASSIGNER_CONFIG -----------
2025-08-08 15:21:46,592   INFO  cfg.MODEL.DENSE_HEAD.TARGET_ASSIGNER_CONFIG.NAME: AxisAlignedTargetAssigner
2025-08-08 15:21:46,592   INFO  cfg.MODEL.DENSE_HEAD.TARGET_ASSIGNER_CONFIG.POS_FRACTION: -1.0
2025-08-08 15:21:46,592   INFO  cfg.MODEL.DENSE_HEAD.TARGET_ASSIGNER_CONFIG.SAMPLE_SIZE: 512
2025-08-08 15:21:46,592   INFO  cfg.MODEL.DENSE_HEAD.TARGET_ASSIGNER_CONFIG.NORM_BY_NUM_EXAMPLES: False
2025-08-08 15:21:46,592   INFO  cfg.MODEL.DENSE_HEAD.TARGET_ASSIGNER_CONFIG.MATCH_HEIGHT: False
2025-08-08 15:21:46,592   INFO  cfg.MODEL.DENSE_HEAD.TARGET_ASSIGNER_CONFIG.BOX_CODER: ResidualCoder
2025-08-08 15:21:46,592   INFO  ----------- LOSS_CONFIG -----------
2025-08-08 15:21:46,592   INFO  ----------- LOSS_WEIGHTS -----------
2025-08-08 15:21:46,592   INFO  cfg.MODEL.DENSE_HEAD.LOSS_CONFIG.LOSS_WEIGHTS.cls_weight: 1.0
2025-08-08 15:21:46,592   INFO  cfg.MODEL.DENSE_HEAD.LOSS_CONFIG.LOSS_WEIGHTS.loc_weight: 2.0
2025-08-08 15:21:46,592   INFO  cfg.MODEL.DENSE_HEAD.LOSS_CONFIG.LOSS_WEIGHTS.dir_weight: 0.2
2025-08-08 15:21:46,592   INFO  cfg.MODEL.DENSE_HEAD.LOSS_CONFIG.LOSS_WEIGHTS.code_weights: [1.0, 1.0, 1.0, 1.0, 1.0, 1.0, 1.0]
2025-08-08 15:21:46,592   INFO  ----------- POST_PROCESSING -----------
2025-08-08 15:21:46,592   INFO  cfg.MODEL.POST_PROCESSING.RECALL_THRESH_LIST: [0.3, 0.5, 0.7]
2025-08-08 15:21:46,592   INFO  cfg.MODEL.POST_PROCESSING.SCORE_THRESH: 0.3
2025-08-08 15:21:46,592   INFO  cfg.MODEL.POST_PROCESSING.OUTPUT_RAW_SCORE: False
2025-08-08 15:21:46,592   INFO  cfg.MODEL.POST_PROCESSING.EVAL_METRIC: kitti
2025-08-08 15:21:46,592   INFO  ----------- NMS_CONFIG -----------
2025-08-08 15:21:46,593   INFO  cfg.MODEL.POST_PROCESSING.NMS_CONFIG.MULTI_CLASSES_NMS: False
2025-08-08 15:21:46,593   INFO  cfg.MODEL.POST_PROCESSING.NMS_CONFIG.NMS_TYPE: nms_gpu
2025-08-08 15:21:46,593   INFO  cfg.MODEL.POST_PROCESSING.NMS_CONFIG.NMS_THRESH: 0.01
2025-08-08 15:21:46,593   INFO  cfg.MODEL.POST_PROCESSING.NMS_CONFIG.NMS_PRE_MAXSIZE: 4096
2025-08-08 15:21:46,593   INFO  cfg.MODEL.POST_PROCESSING.NMS_CONFIG.NMS_POST_MAXSIZE: 500
2025-08-08 15:21:46,593   INFO  ----------- OPTIMIZATION -----------
2025-08-08 15:21:46,593   INFO  cfg.OPTIMIZATION.BATCH_SIZE_PER_GPU: 4
2025-08-08 15:21:46,593   INFO  cfg.OPTIMIZATION.NUM_EPOCHS: 80
2025-08-08 15:21:46,593   INFO  cfg.OPTIMIZATION.OPTIMIZER: adam_onecycle
2025-08-08 15:21:46,593   INFO  cfg.OPTIMIZATION.LR: 0.003
2025-08-08 15:21:46,593   INFO  cfg.OPTIMIZATION.WEIGHT_DECAY: 0.01
2025-08-08 15:21:46,593   INFO  cfg.OPTIMIZATION.MOMENTUM: 0.9
2025-08-08 15:21:46,593   INFO  cfg.OPTIMIZATION.MOMS: [0.95, 0.85]
2025-08-08 15:21:46,593   INFO  cfg.OPTIMIZATION.PCT_START: 0.4
2025-08-08 15:21:46,593   INFO  cfg.OPTIMIZATION.DIV_FACTOR: 10
2025-08-08 15:21:46,593   INFO  cfg.OPTIMIZATION.DECAY_STEP_LIST: [35, 45]
2025-08-08 15:21:46,593   INFO  cfg.OPTIMIZATION.LR_DECAY: 0.1
2025-08-08 15:21:46,593   INFO  cfg.OPTIMIZATION.LR_CLIP: 1e-07
2025-08-08 15:21:46,593   INFO  cfg.OPTIMIZATION.LR_WARMUP: False
2025-08-08 15:21:46,593   INFO  cfg.OPTIMIZATION.WARMUP_EPOCH: 1
2025-08-08 15:21:46,593   INFO  cfg.OPTIMIZATION.GRAD_NORM_CLIP: 10
2025-08-08 15:21:46,593   INFO  cfg.TAG: pointpillar_custom
2025-08-08 15:21:46,593   INFO  cfg.EXP_GROUP_PATH: kitti_models
2025-08-08 15:21:46,597   INFO  ----------- Create dataloader & network & optimizer -----------
2025-08-08 15:21:46,599   INFO  Database filter by min points Car: 306 => 306
2025-08-08 15:21:46,599   INFO  Database filter by min points Bus: 111 => 110
2025-08-08 15:21:46,599   INFO  Database filter by min points Pedestrian: 205 => 205
2025-08-08 15:21:46,599   INFO  Database filter by min points Motorcycle: 38 => 38
2025-08-08 15:21:46,599   INFO  Loading Custom dataset.
2025-08-08 15:21:46,601   INFO  Total samples for CUSTOM dataset: 88
2025-08-08 15:21:46,796   INFO  ==> Loading parameters from checkpoint /home/user/ChangTing/Code/Openpcdet/OpenPCDet/output/kitti_models/pointpillar_custom/default/ckpt/checkpoint_epoch_100.pth to GPU
2025-08-08 15:21:46,833   INFO  ==> Loading optimizer parameters from checkpoint /home/user/ChangTing/Code/Openpcdet/OpenPCDet/output/kitti_models/pointpillar_custom/default/ckpt/checkpoint_epoch_100.pth to GPU
2025-08-08 15:21:46,834   INFO  ==> Done
2025-08-08 15:21:46,834   INFO  ----------- Model PointPillar created, param count: 4847208 -----------
2025-08-08 15:21:46,834   INFO  PointPillar(
  (vfe): PillarVFE(
    (pfn_layers): ModuleList(
      (0): PFNLayer(
        (linear): Linear(in_features=10, out_features=64, bias=False)
        (norm): BatchNorm1d(64, eps=0.001, momentum=0.01, affine=True, track_running_stats=True)
      )
    )
  )
  (backbone_3d): None
  (map_to_bev_module): PointPillarScatter()
  (pfe): None
  (backbone_2d): BaseBEVBackbone(
    (blocks): ModuleList(
      (0): Sequential(
        (0): ZeroPad2d((1, 1, 1, 1))
        (1): Conv2d(64, 64, kernel_size=(3, 3), stride=(2, 2), bias=False)
        (2): BatchNorm2d(64, eps=0.001, momentum=0.01, affine=True, track_running_stats=True)
        (3): ReLU()
        (4): Conv2d(64, 64, kernel_size=(3, 3), stride=(1, 1), padding=(1, 1), bias=False)
        (5): BatchNorm2d(64, eps=0.001, momentum=0.01, affine=True, track_running_stats=True)
        (6): ReLU()
        (7): Conv2d(64, 64, kernel_size=(3, 3), stride=(1, 1), padding=(1, 1), bias=False)
        (8): BatchNorm2d(64, eps=0.001, momentum=0.01, affine=True, track_running_stats=True)
        (9): ReLU()
        (10): Conv2d(64, 64, kernel_size=(3, 3), stride=(1, 1), padding=(1, 1), bias=False)
        (11): BatchNorm2d(64, eps=0.001, momentum=0.01, affine=True, track_running_stats=True)
        (12): ReLU()
      )
      (1): Sequential(
        (0): ZeroPad2d((1, 1, 1, 1))
        (1): Conv2d(64, 128, kernel_size=(3, 3), stride=(2, 2), bias=False)
        (2): BatchNorm2d(128, eps=0.001, momentum=0.01, affine=True, track_running_stats=True)
        (3): ReLU()
        (4): Conv2d(128, 128, kernel_size=(3, 3), stride=(1, 1), padding=(1, 1), bias=False)
        (5): BatchNorm2d(128, eps=0.001, momentum=0.01, affine=True, track_running_stats=True)
        (6): ReLU()
        (7): Conv2d(128, 128, kernel_size=(3, 3), stride=(1, 1), padding=(1, 1), bias=False)
        (8): BatchNorm2d(128, eps=0.001, momentum=0.01, affine=True, track_running_stats=True)
        (9): ReLU()
        (10): Conv2d(128, 128, kernel_size=(3, 3), stride=(1, 1), padding=(1, 1), bias=False)
        (11): BatchNorm2d(128, eps=0.001, momentum=0.01, affine=True, track_running_stats=True)
        (12): ReLU()
        (13): Conv2d(128, 128, kernel_size=(3, 3), stride=(1, 1), padding=(1, 1), bias=False)
        (14): BatchNorm2d(128, eps=0.001, momentum=0.01, affine=True, track_running_stats=True)
        (15): ReLU()
        (16): Conv2d(128, 128, kernel_size=(3, 3), stride=(1, 1), padding=(1, 1), bias=False)
        (17): BatchNorm2d(128, eps=0.001, momentum=0.01, affine=True, track_running_stats=True)
        (18): ReLU()
      )
      (2): Sequential(
        (0): ZeroPad2d((1, 1, 1, 1))
        (1): Conv2d(128, 256, kernel_size=(3, 3), stride=(2, 2), bias=False)
        (2): BatchNorm2d(256, eps=0.001, momentum=0.01, affine=True, track_running_stats=True)
        (3): ReLU()
        (4): Conv2d(256, 256, kernel_size=(3, 3), stride=(1, 1), padding=(1, 1), bias=False)
        (5): BatchNorm2d(256, eps=0.001, momentum=0.01, affine=True, track_running_stats=True)
        (6): ReLU()
        (7): Conv2d(256, 256, kernel_size=(3, 3), stride=(1, 1), padding=(1, 1), bias=False)
        (8): BatchNorm2d(256, eps=0.001, momentum=0.01, affine=True, track_running_stats=True)
        (9): ReLU()
        (10): Conv2d(256, 256, kernel_size=(3, 3), stride=(1, 1), padding=(1, 1), bias=False)
        (11): BatchNorm2d(256, eps=0.001, momentum=0.01, affine=True, track_running_stats=True)
        (12): ReLU()
        (13): Conv2d(256, 256, kernel_size=(3, 3), stride=(1, 1), padding=(1, 1), bias=False)
        (14): BatchNorm2d(256, eps=0.001, momentum=0.01, affine=True, track_running_stats=True)
        (15): ReLU()
        (16): Conv2d(256, 256, kernel_size=(3, 3), stride=(1, 1), padding=(1, 1), bias=False)
        (17): BatchNorm2d(256, eps=0.001, momentum=0.01, affine=True, track_running_stats=True)
        (18): ReLU()
      )
    )
    (deblocks): ModuleList(
      (0): Sequential(
        (0): ConvTranspose2d(64, 128, kernel_size=(1, 1), stride=(1, 1), bias=False)
        (1): BatchNorm2d(128, eps=0.001, momentum=0.01, affine=True, track_running_stats=True)
        (2): ReLU()
      )
      (1): Sequential(
        (0): ConvTranspose2d(128, 128, kernel_size=(2, 2), stride=(2, 2), bias=False)
        (1): BatchNorm2d(128, eps=0.001, momentum=0.01, affine=True, track_running_stats=True)
        (2): ReLU()
      )
      (2): Sequential(
        (0): ConvTranspose2d(256, 128, kernel_size=(4, 4), stride=(4, 4), bias=False)
        (1): BatchNorm2d(128, eps=0.001, momentum=0.01, affine=True, track_running_stats=True)
        (2): ReLU()
      )
    )
  )
  (dense_head): AnchorHeadSingle(
    (cls_loss_func): SigmoidFocalClassificationLoss()
    (reg_loss_func): WeightedSmoothL1Loss()
    (dir_loss_func): WeightedCrossEntropyLoss()
    (conv_cls): Conv2d(384, 32, kernel_size=(1, 1), stride=(1, 1))
    (conv_box): Conv2d(384, 56, kernel_size=(1, 1), stride=(1, 1))
    (conv_dir_cls): Conv2d(384, 16, kernel_size=(1, 1), stride=(1, 1))
  )
  (point_head): None
  (roi_head): None
)
2025-08-08 15:21:46,835   INFO  **********************Start training kitti_models/pointpillar_custom(default)**********************
2025-08-08 15:21:48,281   INFO  Train:  101/200 ( 50%) [   0/44 (  0%)]  Loss: 0.1230 (0.123)  LR: 2.799e-03  Time cost: 00:01/00:57 [00:01/1:36:10]  Acc_iter 4401        Data time: 0.17(0.17)  Forward time: 1.15(1.15)  Batch time: 1.31(1.31)
2025-08-08 15:21:54,602   INFO  Train:  101/200 ( 50%) [  43/44 ( 98%)]  Loss: 0.4359 (0.319)  LR: 2.779e-03  Time cost: 00:07/00:00 [00:07/12:35]  Acc_iter 4444        Data time: 0.01(0.01)  Forward time: 0.14(0.16)  Batch time: 0.15(0.17)
2025-08-08 15:21:54,973   INFO  Train:  102/200 ( 51%) [   0/44 (  0%)]  Loss: 0.3038 (0.304)  LR: 2.779e-03  Time cost: 00:00/00:11 [00:08/19:42]  Acc_iter 4445        Data time: 0.10(0.10)  Forward time: 0.15(0.15)  Batch time: 0.26(0.26)
2025-08-08 15:21:55,705   INFO  Train:  102/200 ( 51%) [   5/44 ( 11%)]  Loss: 0.3020 (0.326)  LR: 2.777e-03  Time cost: 00:01/00:06 [00:08/12:07]  Acc_iter 4450        Data time: 0.01(0.03)  Forward time: 0.13(0.14)  Batch time: 0.14(0.17)
2025-08-08 15:22:01,258   INFO  Train:  102/200 ( 51%) [  43/44 ( 98%)]  Loss: 0.2834 (0.300)  LR: 2.758e-03  Time cost: 00:06/00:00 [00:14/10:42]  Acc_iter 4488        Data time: 0.01(0.01)  Forward time: 0.13(0.14)  Batch time: 0.14(0.15)
2025-08-08 15:22:01,596   INFO  Train:  103/200 ( 52%) [   0/44 (  0%)]  Loss: 0.3408 (0.341)  LR: 2.758e-03  Time cost: 00:00/00:10 [00:14/16:53]  Acc_iter 4489        Data time: 0.08(0.08)  Forward time: 0.15(0.15)  Batch time: 0.22(0.22)
2025-08-08 15:22:03,217   INFO  Train:  103/200 ( 52%) [  11/44 ( 25%)]  Loss: 0.2992 (0.293)  LR: 2.753e-03  Time cost: 00:01/00:05 [00:16/11:05]  Acc_iter 4500        Data time: 0.01(0.02)  Forward time: 0.14(0.14)  Batch time: 0.15(0.15)
2025-08-08 15:22:03,464   INFO  user                                   Fri Aug  8 15:22:03 2025  535.183.01
[0] NVIDIA GeForce RTX 4060 Laptop GPU | 61°C,  50 % |  6070 /  8188 MB | user(6052M) gdm(4M) user(4M)

2025-08-08 15:22:08,192   INFO  Train:  103/200 ( 52%) [  43/44 ( 98%)]  Loss: 0.3246 (0.290)  LR: 2.737e-03  Time cost: 00:06/00:00 [00:21/11:02]  Acc_iter 4532        Data time: 0.01(0.02)  Forward time: 0.13(0.14)  Batch time: 0.15(0.15)
2025-08-08 15:22:08,566   INFO  Train:  104/200 ( 52%) [   0/44 (  0%)]  Loss: 0.2611 (0.261)  LR: 2.736e-03  Time cost: 00:00/00:11 [00:21/18:59]  Acc_iter 4533        Data time: 0.07(0.07)  Forward time: 0.18(0.18)  Batch time: 0.26(0.26)
2025-08-08 15:22:11,061   INFO  Train:  104/200 ( 52%) [  17/44 ( 39%)]  Loss: 0.2792 (0.296)  LR: 2.728e-03  Time cost: 00:02/00:04 [00:24/10:52]  Acc_iter 4550        Data time: 0.01(0.01)  Forward time: 0.13(0.14)  Batch time: 0.15(0.15)
2025-08-08 15:22:14,916   INFO  Train:  104/200 ( 52%) [  43/44 ( 98%)]  Loss: 0.3227 (0.287)  LR: 2.714e-03  Time cost: 00:06/00:00 [00:28/10:35]  Acc_iter 4576        Data time: 0.01(0.01)  Forward time: 0.13(0.14)  Batch time: 0.14(0.15)
2025-08-08 15:22:15,302   INFO  Train:  105/200 ( 52%) [   0/44 (  0%)]  Loss: 0.3582 (0.358)  LR: 2.714e-03  Time cost: 00:00/00:11 [00:28/18:33]  Acc_iter 4577        Data time: 0.09(0.09)  Forward time: 0.16(0.16)  Batch time: 0.26(0.26)
2025-08-08 15:22:18,673   INFO  Train:  105/200 ( 52%) [  23/44 ( 52%)]  Loss: 0.3605 (0.285)  LR: 2.701e-03  Time cost: 00:03/00:03 [00:31/10:36]  Acc_iter 4600        Data time: 0.01(0.01)  Forward time: 0.14(0.14)  Batch time: 0.15(0.15)
2025-08-08 15:22:21,594   INFO  Train:  105/200 ( 52%) [  43/44 ( 98%)]  Loss: 0.2634 (0.279)  LR: 2.691e-03  Time cost: 00:06/00:00 [00:34/10:22]  Acc_iter 4620        Data time: 0.01(0.01)  Forward time: 0.13(0.14)  Batch time: 0.14(0.15)
2025-08-08 15:22:21,954   INFO  Train:  106/200 ( 53%) [   0/44 (  0%)]  Loss: 0.3007 (0.301)  LR: 2.690e-03  Time cost: 00:00/00:11 [00:35/17:46]  Acc_iter 4621        Data time: 0.09(0.09)  Forward time: 0.15(0.15)  Batch time: 0.24(0.24)
2025-08-08 15:22:26,255   INFO  Train:  106/200 ( 53%) [  29/44 ( 66%)]  Loss: 0.2372 (0.259)  LR: 2.674e-03  Time cost: 00:04/00:02 [00:39/10:30]  Acc_iter 4650        Data time: 0.01(0.01)  Forward time: 0.14(0.14)  Batch time: 0.15(0.15)
2025-08-08 15:22:26,445   INFO  user                                   Fri Aug  8 15:22:26 2025  535.183.01
[0] NVIDIA GeForce RTX 4060 Laptop GPU | 65°C,  71 % |  7598 /  8188 MB | user(7580M) gdm(4M) user(4M)

2025-08-08 15:22:28,498   INFO  Train:  106/200 ( 53%) [  43/44 ( 98%)]  Loss: 0.2517 (0.257)  LR: 2.666e-03  Time cost: 00:06/00:00 [00:41/10:39]  Acc_iter 4664        Data time: 0.01(0.02)  Forward time: 0.13(0.14)  Batch time: 0.15(0.15)
2025-08-08 15:22:28,857   INFO  Train:  107/200 ( 54%) [   0/44 (  0%)]  Loss: 0.2529 (0.253)  LR: 2.666e-03  Time cost: 00:00/00:11 [00:42/17:23]  Acc_iter 4665        Data time: 0.09(0.09)  Forward time: 0.15(0.15)  Batch time: 0.24(0.24)
2025-08-08 15:22:33,998   INFO  Train:  107/200 ( 54%) [  35/44 ( 80%)]  Loss: 0.3413 (0.286)  LR: 2.646e-03  Time cost: 00:05/00:01 [00:47/10:14]  Acc_iter 4700        Data time: 0.01(0.01)  Forward time: 0.13(0.14)  Batch time: 0.14(0.15)
2025-08-08 15:22:35,153   INFO  Train:  107/200 ( 54%) [  43/44 ( 98%)]  Loss: 0.2212 (0.282)  LR: 2.641e-03  Time cost: 00:06/00:00 [00:48/10:09]  Acc_iter 4708        Data time: 0.01(0.01)  Forward time: 0.13(0.14)  Batch time: 0.14(0.15)
2025-08-08 15:22:35,533   INFO  Train:  108/200 ( 54%) [   0/44 (  0%)]  Loss: 0.2759 (0.276)  LR: 2.641e-03  Time cost: 00:00/00:11 [00:48/18:19]  Acc_iter 4709        Data time: 0.10(0.10)  Forward time: 0.16(0.16)  Batch time: 0.26(0.26)
2025-08-08 15:22:41,537   INFO  Train:  108/200 ( 54%) [  41/44 ( 93%)]  Loss: 0.3103 (0.270)  LR: 2.617e-03  Time cost: 00:06/00:00 [00:54/10:05]  Acc_iter 4750        Data time: 0.01(0.01)  Forward time: 0.13(0.14)  Batch time: 0.14(0.15)
2025-08-08 15:22:41,826   INFO  Train:  108/200 ( 54%) [  43/44 ( 98%)]  Loss: 0.2318 (0.268)  LR: 2.615e-03  Time cost: 00:06/00:00 [00:54/10:03]  Acc_iter 4752        Data time: 0.01(0.01)  Forward time: 0.13(0.14)  Batch time: 0.14(0.15)
2025-08-08 15:22:42,196   INFO  Train:  109/200 ( 54%) [   0/44 (  0%)]  Loss: 0.3287 (0.329)  LR: 2.615e-03  Time cost: 00:00/00:11 [00:55/17:00]  Acc_iter 4753        Data time: 0.08(0.08)  Forward time: 0.16(0.16)  Batch time: 0.24(0.24)
2025-08-08 15:22:48,461   INFO  Train:  109/200 ( 54%) [  43/44 ( 98%)]  Loss: 0.1835 (0.241)  LR: 2.589e-03  Time cost: 00:06/00:00 [01:01/09:53]  Acc_iter 4796        Data time: 0.01(0.01)  Forward time: 0.13(0.13)  Batch time: 0.14(0.15)
2025-08-08 15:22:48,863   INFO  Train:  110/200 ( 55%) [   0/44 (  0%)]  Loss: 0.3352 (0.335)  LR: 2.588e-03  Time cost: 00:00/00:12 [01:02/19:15]  Acc_iter 4797        Data time: 0.10(0.10)  Forward time: 0.18(0.18)  Batch time: 0.28(0.28)
2025-08-08 15:22:49,305   INFO  Train:  110/200 ( 55%) [   3/44 (  7%)]  Loss: 0.2810 (0.307)  LR: 2.586e-03  Time cost: 00:00/00:07 [01:02/12:11]  Acc_iter 4800        Data time: 0.01(0.03)  Forward time: 0.13(0.15)  Batch time: 0.15(0.18)
2025-08-08 15:22:49,497   INFO  user                                   Fri Aug  8 15:22:49 2025  535.183.01
[0] NVIDIA GeForce RTX 4060 Laptop GPU | 66°C,  96 % |  7598 /  8188 MB | user(7580M) gdm(4M) user(4M)

2025-08-08 15:22:55,391   INFO  Train:  110/200 ( 55%) [  43/44 ( 98%)]  Loss: 0.2877 (0.272)  LR: 2.561e-03  Time cost: 00:06/00:00 [01:08/10:13]  Acc_iter 4840        Data time: 0.01(0.02)  Forward time: 0.13(0.14)  Batch time: 0.14(0.15)
2025-08-08 15:22:55,777   INFO  Train:  111/200 ( 56%) [   0/44 (  0%)]  Loss: 0.2744 (0.274)  LR: 2.561e-03  Time cost: 00:00/00:12 [01:08/18:10]  Acc_iter 4841        Data time: 0.10(0.10)  Forward time: 0.16(0.16)  Batch time: 0.26(0.26)
2025-08-08 15:22:57,112   INFO  Train:  111/200 ( 56%) [   9/44 ( 20%)]  Loss: 0.2942 (0.279)  LR: 2.555e-03  Time cost: 00:01/00:05 [01:10/10:36]  Acc_iter 4850        Data time: 0.01(0.02)  Forward time: 0.13(0.14)  Batch time: 0.15(0.16)
2025-08-08 15:23:02,094   INFO  Train:  111/200 ( 56%) [  43/44 ( 98%)]  Loss: 0.2175 (0.265)  LR: 2.533e-03  Time cost: 00:06/00:00 [01:15/09:46]  Acc_iter 4884        Data time: 0.01(0.01)  Forward time: 0.13(0.14)  Batch time: 0.14(0.15)
2025-08-08 15:23:02,485   INFO  Train:  112/200 ( 56%) [   0/44 (  0%)]  Loss: 0.2440 (0.244)  LR: 2.533e-03  Time cost: 00:00/00:11 [01:15/17:04]  Acc_iter 4885        Data time: 0.09(0.09)  Forward time: 0.16(0.16)  Batch time: 0.25(0.25)
2025-08-08 15:23:04,711   INFO  Train:  112/200 ( 56%) [  15/44 ( 34%)]  Loss: 0.3982 (0.250)  LR: 2.523e-03  Time cost: 00:02/00:04 [01:17/10:06]  Acc_iter 4900        Data time: 0.01(0.02)  Forward time: 0.14(0.14)  Batch time: 0.15(0.15)
2025-08-08 15:23:08,838   INFO  Train:  112/200 ( 56%) [  43/44 ( 98%)]  Loss: 0.2830 (0.243)  LR: 2.504e-03  Time cost: 00:06/00:00 [01:22/09:42]  Acc_iter 4928        Data time: 0.01(0.01)  Forward time: 0.13(0.14)  Batch time: 0.14(0.15)
2025-08-08 15:23:09,204   INFO  Train:  113/200 ( 56%) [   0/44 (  0%)]  Loss: 0.2035 (0.204)  LR: 2.504e-03  Time cost: 00:00/00:11 [01:22/16:16]  Acc_iter 4929        Data time: 0.09(0.09)  Forward time: 0.16(0.16)  Batch time: 0.24(0.24)
2025-08-08 15:23:12,317   INFO  Train:  113/200 ( 56%) [  21/44 ( 48%)]  Loss: 0.2175 (0.236)  LR: 2.490e-03  Time cost: 00:03/00:03 [01:25/09:49]  Acc_iter 4950        Data time: 0.01(0.01)  Forward time: 0.14(0.14)  Batch time: 0.15(0.15)
2025-08-08 15:23:12,504   INFO  user                                   Fri Aug  8 15:23:12 2025  535.183.01
[0] NVIDIA GeForce RTX 4060 Laptop GPU | 66°C,  95 % |  7598 /  8188 MB | user(7580M) gdm(4M) user(4M)

2025-08-08 15:23:15,745   INFO  Train:  113/200 ( 56%) [  43/44 ( 98%)]  Loss: 0.2398 (0.247)  LR: 2.475e-03  Time cost: 00:06/00:00 [01:28/09:51]  Acc_iter 4972        Data time: 0.01(0.02)  Forward time: 0.13(0.14)  Batch time: 0.14(0.15)
2025-08-08 15:23:16,132   INFO  Train:  114/200 ( 57%) [   0/44 (  0%)]  Loss: 0.1976 (0.198)  LR: 2.474e-03  Time cost: 00:00/00:12 [01:29/17:24]  Acc_iter 4973        Data time: 0.11(0.11)  Forward time: 0.16(0.16)  Batch time: 0.26(0.26)
2025-08-08 15:23:20,104   INFO  Train:  114/200 ( 57%) [  27/44 ( 61%)]  Loss: 0.2230 (0.258)  LR: 2.456e-03  Time cost: 00:04/00:02 [01:33/09:36]  Acc_iter 5000        Data time: 0.01(0.02)  Forward time: 0.14(0.14)  Batch time: 0.15(0.15)
2025-08-08 15:23:22,442   INFO  Train:  114/200 ( 57%) [  43/44 ( 98%)]  Loss: 0.1980 (0.244)  LR: 2.445e-03  Time cost: 00:06/00:00 [01:35/09:26]  Acc_iter 5016        Data time: 0.01(0.01)  Forward time: 0.13(0.14)  Batch time: 0.15(0.15)
2025-08-08 15:23:22,803   INFO  Train:  115/200 ( 58%) [   0/44 (  0%)]  Loss: 0.2926 (0.293)  LR: 2.444e-03  Time cost: 00:00/00:10 [01:35/15:28]  Acc_iter 5017        Data time: 0.07(0.07)  Forward time: 0.16(0.16)  Batch time: 0.23(0.23)
2025-08-08 15:23:27,654   INFO  Train:  115/200 ( 58%) [  33/44 ( 75%)]  Loss: 0.2666 (0.243)  LR: 2.421e-03  Time cost: 00:05/00:01 [01:40/09:22]  Acc_iter 5050        Data time: 0.01(0.01)  Forward time: 0.14(0.14)  Batch time: 0.15(0.15)
2025-08-08 15:23:29,096   INFO  Train:  115/200 ( 58%) [  43/44 ( 98%)]  Loss: 0.4040 (0.246)  LR: 2.414e-03  Time cost: 00:06/00:00 [01:42/09:15]  Acc_iter 5060        Data time: 0.01(0.01)  Forward time: 0.13(0.14)  Batch time: 0.14(0.15)
2025-08-08 15:23:29,458   INFO  Train:  116/200 ( 58%) [   0/44 (  0%)]  Loss: 0.3193 (0.319)  LR: 2.413e-03  Time cost: 00:00/00:10 [01:42/15:31]  Acc_iter 5061        Data time: 0.08(0.08)  Forward time: 0.16(0.16)  Batch time: 0.24(0.24)
2025-08-08 15:23:35,249   INFO  Train:  116/200 ( 58%) [  39/44 ( 89%)]  Loss: 0.2914 (0.255)  LR: 2.385e-03  Time cost: 00:06/00:00 [01:48/09:18]  Acc_iter 5100        Data time: 0.01(0.01)  Forward time: 0.13(0.14)  Batch time: 0.15(0.15)
2025-08-08 15:23:35,513   INFO  user                                   Fri Aug  8 15:23:35 2025  535.183.01
[0] NVIDIA GeForce RTX 4060 Laptop GPU | 66°C,  79 % |  7598 /  8188 MB | user(7580M) gdm(4M) user(4M)

2025-08-08 15:23:36,094   INFO  Train:  116/200 ( 58%) [  43/44 ( 98%)]  Loss: 0.2067 (0.252)  LR: 2.382e-03  Time cost: 00:06/00:00 [01:49/09:38]  Acc_iter 5104        Data time: 0.01(0.02)  Forward time: 0.13(0.14)  Batch time: 0.14(0.16)
2025-08-08 15:23:36,480   INFO  Train:  117/200 ( 58%) [   0/44 (  0%)]  Loss: 0.1718 (0.172)  LR: 2.382e-03  Time cost: 00:00/00:11 [01:49/16:42]  Acc_iter 5105        Data time: 0.10(0.10)  Forward time: 0.16(0.16)  Batch time: 0.26(0.26)
2025-08-08 15:23:42,862   INFO  Train:  117/200 ( 58%) [  43/44 ( 98%)]  Loss: 0.3158 (0.230)  LR: 2.350e-03  Time cost: 00:06/00:00 [01:56/09:12]  Acc_iter 5148        Data time: 0.01(0.01)  Forward time: 0.13(0.14)  Batch time: 0.14(0.15)
2025-08-08 15:23:43,262   INFO  Train:  118/200 ( 59%) [   0/44 (  0%)]  Loss: 0.2267 (0.227)  LR: 2.350e-03  Time cost: 00:00/00:12 [01:56/17:02]  Acc_iter 5149        Data time: 0.11(0.11)  Forward time: 0.15(0.15)  Batch time: 0.27(0.27)
2025-08-08 15:23:43,410   INFO  Train:  118/200 ( 59%) [   1/44 (  2%)]  Loss: 0.2458 (0.236)  LR: 2.349e-03  Time cost: 00:00/00:09 [01:56/13:01]  Acc_iter 5150        Data time: 0.01(0.06)  Forward time: 0.14(0.15)  Batch time: 0.15(0.21)
2025-08-08 15:23:49,628   INFO  Train:  118/200 ( 59%) [  43/44 ( 98%)]  Loss: 0.2560 (0.239)  LR: 2.318e-03  Time cost: 00:06/00:00 [02:02/09:05]  Acc_iter 5192        Data time: 0.01(0.01)  Forward time: 0.14(0.14)  Batch time: 0.15(0.15)
2025-08-08 15:23:50,071   INFO  Train:  119/200 ( 60%) [   0/44 (  0%)]  Loss: 0.3044 (0.304)  LR: 2.317e-03  Time cost: 00:00/00:12 [02:03/17:44]  Acc_iter 5193        Data time: 0.10(0.10)  Forward time: 0.18(0.18)  Batch time: 0.28(0.28)
2025-08-08 15:23:51,131   INFO  Train:  119/200 ( 60%) [   7/44 ( 16%)]  Loss: 0.1893 (0.229)  LR: 2.312e-03  Time cost: 00:01/00:06 [02:04/10:10]  Acc_iter 5200        Data time: 0.01(0.02)  Forward time: 0.14(0.15)  Batch time: 0.15(0.17)
2025-08-08 15:23:56,492   INFO  Train:  119/200 ( 60%) [  43/44 ( 98%)]  Loss: 0.2284 (0.241)  LR: 2.285e-03  Time cost: 00:06/00:00 [02:09/09:04]  Acc_iter 5236        Data time: 0.01(0.01)  Forward time: 0.14(0.14)  Batch time: 0.15(0.15)
2025-08-08 15:23:56,866   INFO  Train:  120/200 ( 60%) [   0/44 (  0%)]  Loss: 0.2313 (0.231)  LR: 2.284e-03  Time cost: 00:00/00:11 [02:10/14:53]  Acc_iter 5237        Data time: 0.09(0.09)  Forward time: 0.15(0.15)  Batch time: 0.24(0.24)
2025-08-08 15:23:58,788   INFO  Train:  120/200 ( 60%) [  13/44 ( 30%)]  Loss: 0.1690 (0.230)  LR: 2.274e-03  Time cost: 00:02/00:04 [02:11/09:11]  Acc_iter 5250        Data time: 0.01(0.02)  Forward time: 0.14(0.14)  Batch time: 0.15(0.15)
2025-08-08 15:23:58,982   INFO  user                                   Fri Aug  8 15:23:58 2025  535.183.01
[0] NVIDIA GeForce RTX 4060 Laptop GPU | 66°C,  91 % |  7598 /  8188 MB | user(7580M) gdm(4M) user(4M)

2025-08-08 15:24:03,410   INFO  Train:  120/200 ( 60%) [  43/44 ( 98%)]  Loss: 0.2197 (0.289)  LR: 2.251e-03  Time cost: 00:06/00:00 [02:16/09:03]  Acc_iter 5280        Data time: 0.01(0.02)  Forward time: 0.13(0.14)  Batch time: 0.15(0.15)
2025-08-08 15:24:03,775   INFO  Train:  121/200 ( 60%) [   0/44 (  0%)]  Loss: 1.118 (1.12)  LR: 2.250e-03  Time cost: 00:00/00:11 [02:16/14:55]  Acc_iter 5281        Data time: 0.08(0.08)  Forward time: 0.17(0.17)  Batch time: 0.24(0.24)
2025-08-08 15:24:06,581   INFO  Train:  121/200 ( 60%) [  19/44 ( 43%)]  Loss: 0.3433 (0.375)  LR: 2.235e-03  Time cost: 00:03/00:03 [02:19/08:55]  Acc_iter 5300        Data time: 0.01(0.01)  Forward time: 0.14(0.14)  Batch time: 0.15(0.15)
2025-08-08 15:24:10,111   INFO  Train:  121/200 ( 60%) [  43/44 ( 98%)]  Loss: 0.1870 (0.326)  LR: 2.217e-03  Time cost: 00:06/00:00 [02:23/08:40]  Acc_iter 5324        Data time: 0.01(0.01)  Forward time: 0.13(0.14)  Batch time: 0.14(0.15)
2025-08-08 15:24:10,463   INFO  Train:  122/200 ( 61%) [   0/44 (  0%)]  Loss: 0.2022 (0.202)  LR: 2.216e-03  Time cost: 00:00/00:10 [02:23/14:12]  Acc_iter 5325        Data time: 0.08(0.08)  Forward time: 0.16(0.16)  Batch time: 0.23(0.23)
2025-08-08 15:24:14,170   INFO  Train:  122/200 ( 61%) [  25/44 ( 57%)]  Loss: 0.2227 (0.218)  LR: 2.196e-03  Time cost: 00:03/00:02 [02:27/08:44]  Acc_iter 5350        Data time: 0.01(0.01)  Forward time: 0.13(0.14)  Batch time: 0.15(0.15)
2025-08-08 15:24:16,798   INFO  Train:  122/200 ( 61%) [  43/44 ( 98%)]  Loss: 0.1665 (0.210)  LR: 2.182e-03  Time cost: 00:06/00:00 [02:29/08:33]  Acc_iter 5368        Data time: 0.01(0.01)  Forward time: 0.13(0.14)  Batch time: 0.14(0.15)
2025-08-08 15:24:17,160   INFO  Train:  123/200 ( 62%) [   0/44 (  0%)]  Loss: 0.2591 (0.259)  LR: 2.181e-03  Time cost: 00:00/00:10 [02:30/14:10]  Acc_iter 5369        Data time: 0.07(0.07)  Forward time: 0.16(0.16)  Batch time: 0.24(0.24)
2025-08-08 15:24:21,818   INFO  Train:  123/200 ( 62%) [  31/44 ( 70%)]  Loss: 0.2532 (0.212)  LR: 2.156e-03  Time cost: 00:04/00:01 [02:34/08:41]  Acc_iter 5400        Data time: 0.01(0.01)  Forward time: 0.14(0.14)  Batch time: 0.15(0.15)
2025-08-08 15:24:22,025   INFO  user                                   Fri Aug  8 15:24:22 2025  535.183.01
[0] NVIDIA GeForce RTX 4060 Laptop GPU | 65°C,  71 % |  7598 /  8188 MB | user(7580M) gdm(4M) user(4M)

2025-08-08 15:24:23,777   INFO  Train:  123/200 ( 62%) [  43/44 ( 98%)]  Loss: 0.1511 (0.209)  LR: 2.147e-03  Time cost: 00:06/00:00 [02:36/08:48]  Acc_iter 5412        Data time: 0.01(0.02)  Forward time: 0.13(0.14)  Batch time: 0.15(0.16)
2025-08-08 15:24:24,137   INFO  Train:  124/200 ( 62%) [   0/44 (  0%)]  Loss: 0.2389 (0.239)  LR: 2.146e-03  Time cost: 00:00/00:11 [02:37/14:07]  Acc_iter 5413        Data time: 0.07(0.07)  Forward time: 0.17(0.17)  Batch time: 0.24(0.24)
2025-08-08 15:24:29,627   INFO  Train:  124/200 ( 62%) [  37/44 ( 84%)]  Loss: 0.2364 (0.232)  LR: 2.116e-03  Time cost: 00:05/00:01 [02:42/08:26]  Acc_iter 5450        Data time: 0.01(0.01)  Forward time: 0.13(0.14)  Batch time: 0.14(0.15)
2025-08-08 15:24:30,489   INFO  Train:  124/200 ( 62%) [  43/44 ( 98%)]  Loss: 0.2077 (0.236)  LR: 2.111e-03  Time cost: 00:06/00:00 [02:43/08:21]  Acc_iter 5456        Data time: 0.01(0.01)  Forward time: 0.13(0.14)  Batch time: 0.14(0.15)
2025-08-08 15:24:30,876   INFO  Train:  125/200 ( 62%) [   0/44 (  0%)]  Loss: 0.2381 (0.238)  LR: 2.110e-03  Time cost: 00:00/00:12 [02:44/15:16]  Acc_iter 5457        Data time: 0.11(0.11)  Forward time: 0.15(0.15)  Batch time: 0.26(0.26)
2025-08-08 15:24:37,167   INFO  Train:  125/200 ( 62%) [  43/44 ( 98%)]  Loss: 0.2168 (0.218)  LR: 2.075e-03  Time cost: 00:06/00:00 [02:50/08:12]  Acc_iter 5500        Data time: 0.01(0.01)  Forward time: 0.13(0.14)  Batch time: 0.14(0.15)
2025-08-08 15:24:37,517   INFO  Train:  126/200 ( 63%) [   0/44 (  0%)]  Loss: 0.1443 (0.144)  LR: 2.074e-03  Time cost: 00:00/00:10 [02:50/13:03]  Acc_iter 5501        Data time: 0.07(0.07)  Forward time: 0.16(0.16)  Batch time: 0.23(0.23)
2025-08-08 15:24:43,830   INFO  Train:  126/200 ( 63%) [  43/44 ( 98%)]  Loss: 0.3056 (0.215)  LR: 2.038e-03  Time cost: 00:06/00:00 [02:56/08:04]  Acc_iter 5544        Data time: 0.01(0.01)  Forward time: 0.14(0.14)  Batch time: 0.15(0.15)
2025-08-08 15:24:44,217   INFO  Train:  127/200 ( 64%) [   0/44 (  0%)]  Loss: 0.1865 (0.186)  LR: 2.038e-03  Time cost: 00:00/00:12 [02:57/14:57]  Acc_iter 5545        Data time: 0.10(0.10)  Forward time: 0.16(0.16)  Batch time: 0.26(0.26)
2025-08-08 15:24:44,954   INFO  Train:  127/200 ( 64%) [   5/44 ( 11%)]  Loss: 0.2050 (0.217)  LR: 2.033e-03  Time cost: 00:01/00:06 [02:58/09:08]  Acc_iter 5550        Data time: 0.01(0.03)  Forward time: 0.13(0.14)  Batch time: 0.15(0.17)
2025-08-08 15:24:45,146   INFO  user                                   Fri Aug  8 15:24:45 2025  535.183.01
[0] NVIDIA GeForce RTX 4060 Laptop GPU | 64°C,  93 % |  7598 /  8188 MB | user(7580M) gdm(4M) user(4M)

2025-08-08 15:24:50,713   INFO  Train:  127/200 ( 64%) [  43/44 ( 98%)]  Loss: 0.1992 (0.213)  LR: 2.002e-03  Time cost: 00:06/00:00 [03:03/08:14]  Acc_iter 5588        Data time: 0.01(0.02)  Forward time: 0.13(0.14)  Batch time: 0.14(0.15)
2025-08-08 15:24:51,063   INFO  Train:  128/200 ( 64%) [   0/44 (  0%)]  Loss: 0.2123 (0.212)  LR: 2.001e-03  Time cost: 00:00/00:10 [03:04/12:49]  Acc_iter 5589        Data time: 0.07(0.07)  Forward time: 0.15(0.15)  Batch time: 0.23(0.23)
2025-08-08 15:24:52,697   INFO  Train:  128/200 ( 64%) [  11/44 ( 25%)]  Loss: 0.1667 (0.200)  LR: 1.991e-03  Time cost: 00:01/00:05 [03:05/08:19]  Acc_iter 5600        Data time: 0.01(0.02)  Forward time: 0.14(0.14)  Batch time: 0.15(0.16)
2025-08-08 15:24:57,416   INFO  Train:  128/200 ( 64%) [  43/44 ( 98%)]  Loss: 0.2343 (0.213)  LR: 1.964e-03  Time cost: 00:06/00:00 [03:10/07:54]  Acc_iter 5632        Data time: 0.01(0.01)  Forward time: 0.13(0.14)  Batch time: 0.14(0.15)
2025-08-08 15:24:57,812   INFO  Train:  129/200 ( 64%) [   0/44 (  0%)]  Loss: 0.1814 (0.181)  LR: 1.964e-03  Time cost: 00:00/00:12 [03:10/14:52]  Acc_iter 5633        Data time: 0.11(0.11)  Forward time: 0.16(0.16)  Batch time: 0.27(0.27)
2025-08-08 15:25:00,341   INFO  Train:  129/200 ( 64%) [  17/44 ( 39%)]  Loss: 0.1670 (0.199)  LR: 1.949e-03  Time cost: 00:02/00:04 [03:13/08:11]  Acc_iter 5650        Data time: 0.01(0.02)  Forward time: 0.13(0.14)  Batch time: 0.15(0.16)
2025-08-08 15:25:04,163   INFO  Train:  129/200 ( 64%) [  43/44 ( 98%)]  Loss: 0.2663 (0.210)  LR: 1.927e-03  Time cost: 00:06/00:00 [03:17/07:51]  Acc_iter 5676        Data time: 0.01(0.01)  Forward time: 0.14(0.14)  Batch time: 0.15(0.15)
2025-08-08 15:25:04,575   INFO  Train:  130/200 ( 65%) [   0/44 (  0%)]  Loss: 0.1689 (0.169)  LR: 1.926e-03  Time cost: 00:00/00:12 [03:17/14:17]  Acc_iter 5677        Data time: 0.09(0.09)  Forward time: 0.17(0.17)  Batch time: 0.26(0.26)
2025-08-08 15:25:07,953   INFO  Train:  130/200 ( 65%) [  23/44 ( 52%)]  Loss: 0.2654 (0.229)  LR: 1.906e-03  Time cost: 00:03/00:03 [03:21/07:52]  Acc_iter 5700        Data time: 0.01(0.01)  Forward time: 0.13(0.14)  Batch time: 0.14(0.15)
2025-08-08 15:25:08,189   INFO  user                                   Fri Aug  8 15:25:08 2025  535.183.01
[0] NVIDIA GeForce RTX 4060 Laptop GPU | 64°C,  93 % |  7598 /  8188 MB | user(7580M) gdm(4M) user(4M)

2025-08-08 15:25:11,114   INFO  Train:  130/200 ( 65%) [  43/44 ( 98%)]  Loss: 0.3576 (0.215)  LR: 1.889e-03  Time cost: 00:06/00:00 [03:24/07:57]  Acc_iter 5720        Data time: 0.01(0.02)  Forward time: 0.14(0.14)  Batch time: 0.15(0.15)
2025-08-08 15:25:11,511   INFO  Train:  131/200 ( 66%) [   0/44 (  0%)]  Loss: 0.2319 (0.232)  LR: 1.888e-03  Time cost: 00:00/00:12 [03:24/14:26]  Acc_iter 5721        Data time: 0.11(0.11)  Forward time: 0.16(0.16)  Batch time: 0.27(0.27)
2025-08-08 15:25:15,766   INFO  Train:  131/200 ( 66%) [  29/44 ( 66%)]  Loss: 0.2083 (0.260)  LR: 1.863e-03  Time cost: 00:04/00:02 [03:28/07:41]  Acc_iter 5750        Data time: 0.01(0.01)  Forward time: 0.13(0.14)  Batch time: 0.15(0.15)
2025-08-08 15:25:17,815   INFO  Train:  131/200 ( 66%) [  43/44 ( 98%)]  Loss: 0.3044 (0.262)  LR: 1.851e-03  Time cost: 00:06/00:00 [03:30/07:34]  Acc_iter 5764        Data time: 0.01(0.01)  Forward time: 0.13(0.14)  Batch time: 0.15(0.15)
2025-08-08 15:25:18,177   INFO  Train:  132/200 ( 66%) [   0/44 (  0%)]  Loss: 0.3049 (0.305)  LR: 1.850e-03  Time cost: 00:00/00:11 [03:31/12:42]  Acc_iter 5765        Data time: 0.08(0.08)  Forward time: 0.16(0.16)  Batch time: 0.24(0.24)
2025-08-08 15:25:23,301   INFO  Train:  132/200 ( 66%) [  35/44 ( 80%)]  Loss: 0.2010 (0.210)  LR: 1.820e-03  Time cost: 00:05/00:01 [03:36/07:28]  Acc_iter 5800        Data time: 0.01(0.01)  Forward time: 0.13(0.14)  Batch time: 0.14(0.15)
2025-08-08 15:25:24,453   INFO  Train:  132/200 ( 66%) [  43/44 ( 98%)]  Loss: 0.1608 (0.209)  LR: 1.813e-03  Time cost: 00:06/00:00 [03:37/07:24]  Acc_iter 5808        Data time: 0.01(0.01)  Forward time: 0.13(0.13)  Batch time: 0.14(0.15)
2025-08-08 15:25:24,811   INFO  Train:  133/200 ( 66%) [   0/44 (  0%)]  Loss: 0.2039 (0.204)  LR: 1.812e-03  Time cost: 00:00/00:10 [03:37/12:08]  Acc_iter 5809        Data time: 0.07(0.07)  Forward time: 0.16(0.16)  Batch time: 0.23(0.23)
2025-08-08 15:25:30,807   INFO  Train:  133/200 ( 66%) [  41/44 ( 93%)]  Loss: 0.1995 (0.192)  LR: 1.776e-03  Time cost: 00:06/00:00 [03:43/07:18]  Acc_iter 5850        Data time: 0.01(0.01)  Forward time: 0.13(0.14)  Batch time: 0.14(0.15)
2025-08-08 15:25:30,992   INFO  user                                   Fri Aug  8 15:25:30 2025  535.183.01
[0] NVIDIA GeForce RTX 4060 Laptop GPU | 64°C,  78 % |  7598 /  8188 MB | user(7580M) gdm(4M) user(4M)

2025-08-08 15:25:31,284   INFO  Train:  133/200 ( 66%) [  43/44 ( 98%)]  Loss: 0.2514 (0.193)  LR: 1.774e-03  Time cost: 00:06/00:00 [03:44/07:30]  Acc_iter 5852        Data time: 0.01(0.02)  Forward time: 0.13(0.14)  Batch time: 0.15(0.15)
2025-08-08 15:25:31,653   INFO  Train:  134/200 ( 67%) [   0/44 (  0%)]  Loss: 0.2154 (0.215)  LR: 1.773e-03  Time cost: 00:00/00:11 [03:44/12:29]  Acc_iter 5853        Data time: 0.09(0.09)  Forward time: 0.15(0.15)  Batch time: 0.24(0.24)
2025-08-08 15:25:37,954   INFO  Train:  134/200 ( 67%) [  43/44 ( 98%)]  Loss: 0.1806 (0.183)  LR: 1.736e-03  Time cost: 00:06/00:00 [03:51/07:12]  Acc_iter 5896        Data time: 0.01(0.01)  Forward time: 0.13(0.14)  Batch time: 0.14(0.15)
2025-08-08 15:25:38,355   INFO  Train:  135/200 ( 68%) [   0/44 (  0%)]  Loss: 0.2077 (0.208)  LR: 1.735e-03  Time cost: 00:00/00:12 [03:51/13:49]  Acc_iter 5897        Data time: 0.13(0.13)  Forward time: 0.15(0.15)  Batch time: 0.28(0.28)
2025-08-08 15:25:38,799   INFO  Train:  135/200 ( 68%) [   3/44 (  7%)]  Loss: 0.1361 (0.175)  LR: 1.732e-03  Time cost: 00:00/00:07 [03:51/08:49]  Acc_iter 5900        Data time: 0.01(0.04)  Forward time: 0.14(0.14)  Batch time: 0.15(0.18)
2025-08-08 15:25:44,666   INFO  Train:  135/200 ( 68%) [  43/44 ( 98%)]  Loss: 0.1665 (0.183)  LR: 1.697e-03  Time cost: 00:06/00:00 [03:57/07:08]  Acc_iter 5940        Data time: 0.01(0.01)  Forward time: 0.13(0.14)  Batch time: 0.14(0.15)
2025-08-08 15:25:45,033   INFO  Train:  136/200 ( 68%) [   0/44 (  0%)]  Loss: 0.1564 (0.156)  LR: 1.696e-03  Time cost: 00:00/00:11 [03:58/12:12]  Acc_iter 5941        Data time: 0.09(0.09)  Forward time: 0.16(0.16)  Batch time: 0.25(0.25)
2025-08-08 15:25:46,357   INFO  Train:  136/200 ( 68%) [   9/44 ( 20%)]  Loss: 0.2190 (0.202)  LR: 1.688e-03  Time cost: 00:01/00:05 [03:59/07:30]  Acc_iter 5950        Data time: 0.01(0.02)  Forward time: 0.13(0.14)  Batch time: 0.15(0.16)
2025-08-08 15:25:51,332   INFO  Train:  136/200 ( 68%) [  43/44 ( 98%)]  Loss: 0.1806 (0.207)  LR: 1.658e-03  Time cost: 00:06/00:00 [04:04/06:59]  Acc_iter 5984        Data time: 0.01(0.01)  Forward time: 0.13(0.14)  Batch time: 0.14(0.15)
2025-08-08 15:25:51,684   INFO  Train:  137/200 ( 68%) [   0/44 (  0%)]  Loss: 0.1708 (0.171)  LR: 1.657e-03  Time cost: 00:00/00:10 [04:04/11:08]  Acc_iter 5985        Data time: 0.07(0.07)  Forward time: 0.16(0.16)  Batch time: 0.23(0.23)
2025-08-08 15:25:53,887   INFO  Train:  137/200 ( 68%) [  15/44 ( 34%)]  Loss: 0.3349 (0.211)  LR: 1.643e-03  Time cost: 00:02/00:04 [04:07/07:07]  Acc_iter 6000        Data time: 0.01(0.02)  Forward time: 0.13(0.14)  Batch time: 0.14(0.15)
2025-08-08 15:25:54,118   INFO  user                                   Fri Aug  8 15:25:54 2025  535.183.01
[0] NVIDIA GeForce RTX 4060 Laptop GPU | 64°C,  93 % |  7598 /  8188 MB | user(7580M) gdm(4M) user(4M)

2025-08-08 15:25:58,237   INFO  Train:  137/200 ( 68%) [  43/44 ( 98%)]  Loss: 0.2858 (0.207)  LR: 1.619e-03  Time cost: 00:06/00:00 [04:11/07:07]  Acc_iter 6028        Data time: 0.01(0.02)  Forward time: 0.14(0.14)  Batch time: 0.15(0.15)
2025-08-08 15:25:58,617   INFO  Train:  138/200 ( 69%) [   0/44 (  0%)]  Loss: 0.3182 (0.318)  LR: 1.618e-03  Time cost: 00:00/00:11 [04:11/12:10]  Acc_iter 6029        Data time: 0.09(0.09)  Forward time: 0.16(0.16)  Batch time: 0.25(0.25)
2025-08-08 15:26:01,714   INFO  Train:  138/200 ( 69%) [  21/44 ( 48%)]  Loss: 0.1716 (0.216)  LR: 1.599e-03  Time cost: 00:03/00:03 [04:14/07:00]  Acc_iter 6050        Data time: 0.01(0.02)  Forward time: 0.14(0.14)  Batch time: 0.15(0.15)
2025-08-08 15:26:04,936   INFO  Train:  138/200 ( 69%) [  43/44 ( 98%)]  Loss: 0.1864 (0.208)  LR: 1.579e-03  Time cost: 00:06/00:00 [04:18/06:48]  Acc_iter 6072        Data time: 0.01(0.01)  Forward time: 0.13(0.14)  Batch time: 0.14(0.15)
2025-08-08 15:26:05,299   INFO  Train:  139/200 ( 70%) [   0/44 (  0%)]  Loss: 0.1825 (0.182)  LR: 1.579e-03  Time cost: 00:00/00:10 [04:18/11:21]  Acc_iter 6073        Data time: 0.08(0.08)  Forward time: 0.16(0.16)  Batch time: 0.24(0.24)
2025-08-08 15:26:09,273   INFO  Train:  139/200 ( 70%) [  27/44 ( 61%)]  Loss: 0.2058 (0.180)  LR: 1.554e-03  Time cost: 00:04/00:02 [04:22/06:47]  Acc_iter 6100        Data time: 0.01(0.01)  Forward time: 0.14(0.14)  Batch time: 0.15(0.15)
2025-08-08 15:26:11,607   INFO  Train:  139/200 ( 70%) [  43/44 ( 98%)]  Loss: 0.1781 (0.183)  LR: 1.540e-03  Time cost: 00:06/00:00 [04:24/06:40]  Acc_iter 6116        Data time: 0.01(0.01)  Forward time: 0.13(0.14)  Batch time: 0.15(0.15)
2025-08-08 15:26:11,968   INFO  Train:  140/200 ( 70%) [   0/44 (  0%)]  Loss: 0.1690 (0.169)  LR: 1.539e-03  Time cost: 00:00/00:10 [04:25/11:05]  Acc_iter 6117        Data time: 0.08(0.08)  Forward time: 0.16(0.16)  Batch time: 0.24(0.24)
2025-08-08 15:26:16,801   INFO  Train:  140/200 ( 70%) [  33/44 ( 75%)]  Loss: 0.1305 (0.189)  LR: 1.510e-03  Time cost: 00:05/00:01 [04:29/06:36]  Acc_iter 6150        Data time: 0.01(0.01)  Forward time: 0.13(0.14)  Batch time: 0.14(0.15)
2025-08-08 15:26:17,054   INFO  user                                   Fri Aug  8 15:26:17 2025  535.183.01
[0] NVIDIA GeForce RTX 4060 Laptop GPU | 64°C,  81 % |  7598 /  8188 MB | user(7580M) gdm(4M) user(4M)

2025-08-08 15:26:18,498   INFO  Train:  140/200 ( 70%) [  43/44 ( 98%)]  Loss: 0.1765 (0.188)  LR: 1.501e-03  Time cost: 00:06/00:00 [04:31/06:46]  Acc_iter 6160        Data time: 0.01(0.02)  Forward time: 0.13(0.14)  Batch time: 0.14(0.15)
2025-08-08 15:26:18,878   INFO  Train:  141/200 ( 70%) [   0/44 (  0%)]  Loss: 0.1623 (0.162)  LR: 1.500e-03  Time cost: 00:00/00:11 [04:32/11:51]  Acc_iter 6161        Data time: 0.10(0.10)  Forward time: 0.16(0.16)  Batch time: 0.26(0.26)
2025-08-08 15:26:24,628   INFO  Train:  141/200 ( 70%) [  39/44 ( 89%)]  Loss: 0.2406 (0.180)  LR: 1.465e-03  Time cost: 00:06/00:00 [04:37/06:31]  Acc_iter 6200        Data time: 0.01(0.01)  Forward time: 0.13(0.14)  Batch time: 0.14(0.15)
2025-08-08 15:26:25,202   INFO  Train:  141/200 ( 70%) [  43/44 ( 98%)]  Loss: 0.1826 (0.179)  LR: 1.462e-03  Time cost: 00:06/00:00 [04:38/06:29]  Acc_iter 6204        Data time: 0.01(0.01)  Forward time: 0.13(0.14)  Batch time: 0.14(0.15)
2025-08-08 15:26:25,561   INFO  Train:  142/200 ( 71%) [   0/44 (  0%)]  Loss: 0.1639 (0.164)  LR: 1.461e-03  Time cost: 00:00/00:10 [04:38/10:37]  Acc_iter 6205        Data time: 0.07(0.07)  Forward time: 0.16(0.16)  Batch time: 0.24(0.24)
2025-08-08 15:26:31,841   INFO  Train:  142/200 ( 71%) [  43/44 ( 98%)]  Loss: 0.1317 (0.178)  LR: 1.422e-03  Time cost: 00:06/00:00 [04:45/06:18]  Acc_iter 6248        Data time: 0.01(0.01)  Forward time: 0.13(0.14)  Batch time: 0.15(0.15)
2025-08-08 15:26:32,229   INFO  Train:  143/200 ( 72%) [   0/44 (  0%)]  Loss: 0.2455 (0.245)  LR: 1.422e-03  Time cost: 00:00/00:12 [04:45/11:39]  Acc_iter 6249        Data time: 0.09(0.09)  Forward time: 0.17(0.17)  Batch time: 0.26(0.26)
2025-08-08 15:26:32,379   INFO  Train:  143/200 ( 72%) [   1/44 (  2%)]  Loss: 0.1994 (0.222)  LR: 1.421e-03  Time cost: 00:00/00:09 [04:45/09:01]  Acc_iter 6250        Data time: 0.01(0.05)  Forward time: 0.14(0.15)  Batch time: 0.15(0.21)
2025-08-08 15:26:38,510   INFO  Train:  143/200 ( 72%) [  43/44 ( 98%)]  Loss: 0.1741 (0.169)  LR: 1.383e-03  Time cost: 00:06/00:00 [04:51/06:13]  Acc_iter 6292        Data time: 0.01(0.01)  Forward time: 0.13(0.14)  Batch time: 0.14(0.15)
2025-08-08 15:26:38,876   INFO  Train:  144/200 ( 72%) [   0/44 (  0%)]  Loss: 0.1099 (0.110)  LR: 1.382e-03  Time cost: 00:00/00:11 [04:52/10:42]  Acc_iter 6293        Data time: 0.08(0.08)  Forward time: 0.16(0.16)  Batch time: 0.25(0.25)
2025-08-08 15:26:39,907   INFO  Train:  144/200 ( 72%) [   7/44 ( 16%)]  Loss: 0.1468 (0.148)  LR: 1.376e-03  Time cost: 00:01/00:05 [04:53/06:42]  Acc_iter 6300        Data time: 0.01(0.02)  Forward time: 0.14(0.14)  Batch time: 0.15(0.16)
2025-08-08 15:26:40,094   INFO  user                                   Fri Aug  8 15:26:40 2025  535.183.01
[0] NVIDIA GeForce RTX 4060 Laptop GPU | 65°C,  90 % |  7598 /  8188 MB | user(7580M) gdm(4M) user(4M)

2025-08-08 15:26:45,383   INFO  Train:  144/200 ( 72%) [  43/44 ( 98%)]  Loss: 0.1835 (0.167)  LR: 1.344e-03  Time cost: 00:06/00:00 [04:58/06:18]  Acc_iter 6336        Data time: 0.01(0.02)  Forward time: 0.13(0.14)  Batch time: 0.14(0.15)
2025-08-08 15:26:45,742   INFO  Train:  145/200 ( 72%) [   0/44 (  0%)]  Loss: 0.1396 (0.140)  LR: 1.343e-03  Time cost: 00:00/00:10 [04:58/10:07]  Acc_iter 6337        Data time: 0.07(0.07)  Forward time: 0.16(0.16)  Batch time: 0.24(0.24)
2025-08-08 15:26:47,669   INFO  Train:  145/200 ( 72%) [  13/44 ( 30%)]  Loss: 0.1560 (0.168)  LR: 1.332e-03  Time cost: 00:02/00:04 [05:00/06:20]  Acc_iter 6350        Data time: 0.01(0.02)  Forward time: 0.13(0.14)  Batch time: 0.15(0.15)
2025-08-08 15:26:52,038   INFO  Train:  145/200 ( 72%) [  43/44 ( 98%)]  Loss: 0.1340 (0.174)  LR: 1.305e-03  Time cost: 00:06/00:00 [05:05/06:00]  Acc_iter 6380        Data time: 0.01(0.01)  Forward time: 0.13(0.14)  Batch time: 0.15(0.15)
2025-08-08 15:26:52,401   INFO  Train:  146/200 ( 73%) [   0/44 (  0%)]  Loss: 0.2077 (0.208)  LR: 1.304e-03  Time cost: 00:00/00:11 [05:05/10:08]  Acc_iter 6381        Data time: 0.08(0.08)  Forward time: 0.16(0.16)  Batch time: 0.24(0.24)
2025-08-08 15:26:55,241   INFO  Train:  146/200 ( 73%) [  19/44 ( 43%)]  Loss: 0.1114 (0.163)  LR: 1.287e-03  Time cost: 00:03/00:03 [05:08/06:11]  Acc_iter 6400        Data time: 0.01(0.02)  Forward time: 0.14(0.14)  Batch time: 0.15(0.15)
2025-08-08 15:26:58,738   INFO  Train:  146/200 ( 73%) [  43/44 ( 98%)]  Loss: 0.09265 (0.164)  LR: 1.266e-03  Time cost: 00:06/00:00 [05:11/05:55]  Acc_iter 6424        Data time: 0.01(0.01)  Forward time: 0.13(0.14)  Batch time: 0.14(0.15)
2025-08-08 15:26:59,083   INFO  Train:  147/200 ( 74%) [   0/44 (  0%)]  Loss: 0.1608 (0.161)  LR: 1.265e-03  Time cost: 00:00/00:10 [05:12/09:04]  Acc_iter 6425        Data time: 0.07(0.07)  Forward time: 0.15(0.15)  Batch time: 0.22(0.22)
2025-08-08 15:27:02,747   INFO  Train:  147/200 ( 74%) [  25/44 ( 57%)]  Loss: 0.2107 (0.174)  LR: 1.243e-03  Time cost: 00:03/00:02 [05:15/05:52]  Acc_iter 6450        Data time: 0.01(0.01)  Forward time: 0.14(0.14)  Batch time: 0.15(0.15)
2025-08-08 15:27:02,941   INFO  user                                   Fri Aug  8 15:27:02 2025  535.183.01
[0] NVIDIA GeForce RTX 4060 Laptop GPU | 64°C,  62 % |  7598 /  8188 MB | user(7580M) gdm(4M) user(4M)

2025-08-08 15:27:05,568   INFO  Train:  147/200 ( 74%) [  43/44 ( 98%)]  Loss: 0.1713 (0.179)  LR: 1.228e-03  Time cost: 00:06/00:00 [05:18/05:56]  Acc_iter 6468        Data time: 0.01(0.02)  Forward time: 0.13(0.13)  Batch time: 0.14(0.15)
2025-08-08 15:27:05,961   INFO  Train:  148/200 ( 74%) [   0/44 (  0%)]  Loss: 0.1528 (0.153)  LR: 1.227e-03  Time cost: 00:00/00:12 [05:19/10:45]  Acc_iter 6469        Data time: 0.11(0.11)  Forward time: 0.16(0.16)  Batch time: 0.27(0.27)
2025-08-08 15:27:10,509   INFO  Train:  148/200 ( 74%) [  31/44 ( 70%)]  Loss: 0.1830 (0.164)  LR: 1.200e-03  Time cost: 00:04/00:01 [05:23/05:46]  Acc_iter 6500        Data time: 0.01(0.01)  Forward time: 0.13(0.14)  Batch time: 0.15(0.15)
2025-08-08 15:27:12,259   INFO  Train:  148/200 ( 74%) [  43/44 ( 98%)]  Loss: 0.1916 (0.169)  LR: 1.189e-03  Time cost: 00:06/00:00 [05:25/05:42]  Acc_iter 6512        Data time: 0.01(0.01)  Forward time: 0.13(0.14)  Batch time: 0.15(0.15)
2025-08-08 15:27:12,663   INFO  Train:  149/200 ( 74%) [   0/44 (  0%)]  Loss: 0.1245 (0.124)  LR: 1.188e-03  Time cost: 00:00/00:12 [05:25/10:52]  Acc_iter 6513        Data time: 0.12(0.12)  Forward time: 0.16(0.16)  Batch time: 0.28(0.28)
2025-08-08 15:27:18,088   INFO  Train:  149/200 ( 74%) [  37/44 ( 84%)]  Loss: 0.1375 (0.169)  LR: 1.156e-03  Time cost: 00:05/00:01 [05:31/05:38]  Acc_iter 6550        Data time: 0.01(0.01)  Forward time: 0.13(0.14)  Batch time: 0.14(0.15)
2025-08-08 15:27:18,955   INFO  Train:  149/200 ( 74%) [  43/44 ( 98%)]  Loss: 0.1604 (0.166)  LR: 1.151e-03  Time cost: 00:06/00:00 [05:32/05:35]  Acc_iter 6556        Data time: 0.01(0.01)  Forward time: 0.13(0.14)  Batch time: 0.14(0.15)
2025-08-08 15:27:19,338   INFO  Train:  150/200 ( 75%) [   0/44 (  0%)]  Loss: 0.1306 (0.131)  LR: 1.150e-03  Time cost: 00:00/00:11 [05:32/10:06]  Acc_iter 6557        Data time: 0.09(0.09)  Forward time: 0.17(0.17)  Batch time: 0.26(0.26)
2025-08-08 15:27:25,638   INFO  Train:  150/200 ( 75%) [  43/44 ( 98%)]  Loss: 0.1422 (0.156)  LR: 1.113e-03  Time cost: 00:06/00:00 [05:38/05:28]  Acc_iter 6600        Data time: 0.01(0.01)  Forward time: 0.13(0.14)  Batch time: 0.15(0.15)
2025-08-08 15:27:25,832   INFO  user                                   Fri Aug  8 15:27:25 2025  535.183.01
[0] NVIDIA GeForce RTX 4060 Laptop GPU | 64°C,  96 % |  7598 /  8188 MB | user(7580M) gdm(4M) user(4M)

2025-08-08 15:27:26,228   INFO  Train:  151/200 ( 76%) [   0/44 (  0%)]  Loss: 0.1906 (0.191)  LR: 1.112e-03  Time cost: 00:00/00:12 [05:39/10:13]  Acc_iter 6601        Data time: 0.11(0.11)  Forward time: 0.16(0.16)  Batch time: 0.27(0.27)
2025-08-08 15:27:32,498   INFO  Train:  151/200 ( 76%) [  43/44 ( 98%)]  Loss: 0.1412 (0.158)  LR: 1.075e-03  Time cost: 00:06/00:00 [05:45/05:21]  Acc_iter 6644        Data time: 0.01(0.01)  Forward time: 0.13(0.13)  Batch time: 0.14(0.15)
2025-08-08 15:27:32,858   INFO  Train:  152/200 ( 76%) [   0/44 (  0%)]  Loss: 0.1237 (0.124)  LR: 1.074e-03  Time cost: 00:00/00:10 [05:46/08:52]  Acc_iter 6645        Data time: 0.08(0.08)  Forward time: 0.16(0.16)  Batch time: 0.24(0.24)
2025-08-08 15:27:33,616   INFO  Train:  152/200 ( 76%) [   5/44 ( 11%)]  Loss: 0.1561 (0.161)  LR: 1.070e-03  Time cost: 00:01/00:06 [05:46/06:00]  Acc_iter 6650        Data time: 0.01(0.02)  Forward time: 0.14(0.14)  Batch time: 0.15(0.17)
2025-08-08 15:27:39,162   INFO  Train:  152/200 ( 76%) [  43/44 ( 98%)]  Loss: 0.1539 (0.163)  LR: 1.037e-03  Time cost: 00:06/00:00 [05:52/05:14]  Acc_iter 6688        Data time: 0.01(0.01)  Forward time: 0.13(0.14)  Batch time: 0.15(0.15)
2025-08-08 15:27:39,520   INFO  Train:  153/200 ( 76%) [   0/44 (  0%)]  Loss: 0.1452 (0.145)  LR: 1.036e-03  Time cost: 00:00/00:10 [05:52/08:31]  Acc_iter 6689        Data time: 0.07(0.07)  Forward time: 0.16(0.16)  Batch time: 0.23(0.23)
2025-08-08 15:27:41,138   INFO  Train:  153/200 ( 76%) [  11/44 ( 25%)]  Loss: 0.1135 (0.138)  LR: 1.027e-03  Time cost: 00:01/00:05 [05:54/05:25]  Acc_iter 6700        Data time: 0.01(0.02)  Forward time: 0.13(0.14)  Batch time: 0.14(0.15)
2025-08-08 15:27:45,833   INFO  Train:  153/200 ( 76%) [  43/44 ( 98%)]  Loss: 0.1984 (0.147)  LR: 1.000e-03  Time cost: 00:06/00:00 [05:58/05:08]  Acc_iter 6732        Data time: 0.01(0.01)  Forward time: 0.14(0.14)  Batch time: 0.15(0.15)
2025-08-08 15:27:46,226   INFO  Train:  154/200 ( 77%) [   0/44 (  0%)]  Loss: 0.1485 (0.148)  LR: 9.993e-04  Time cost: 00:00/00:12 [05:59/09:24]  Acc_iter 6733        Data time: 0.10(0.10)  Forward time: 0.16(0.16)  Batch time: 0.26(0.26)
2025-08-08 15:27:48,769   INFO  Train:  154/200 ( 77%) [  17/44 ( 39%)]  Loss: 0.1517 (0.153)  LR: 9.850e-04  Time cost: 00:02/00:04 [06:01/05:20]  Acc_iter 6750        Data time: 0.01(0.02)  Forward time: 0.14(0.14)  Batch time: 0.15(0.16)
2025-08-08 15:27:48,961   INFO  user                                   Fri Aug  8 15:27:48 2025  535.183.01
[0] NVIDIA GeForce RTX 4060 Laptop GPU | 64°C,  77 % |  7598 /  8188 MB | user(7580M) gdm(4M) user(4M)

2025-08-08 15:27:52,778   INFO  Train:  154/200 ( 77%) [  43/44 ( 98%)]  Loss: 0.1223 (0.155)  LR: 9.633e-04  Time cost: 00:06/00:00 [06:05/05:14]  Acc_iter 6776        Data time: 0.01(0.02)  Forward time: 0.14(0.14)  Batch time: 0.15(0.15)
2025-08-08 15:27:53,166   INFO  Train:  155/200 ( 78%) [   0/44 (  0%)]  Loss: 0.1469 (0.147)  LR: 9.625e-04  Time cost: 00:00/00:12 [06:06/09:16]  Acc_iter 6777        Data time: 0.10(0.10)  Forward time: 0.17(0.17)  Batch time: 0.26(0.26)
2025-08-08 15:27:56,553   INFO  Train:  155/200 ( 78%) [  23/44 ( 52%)]  Loss: 0.1685 (0.154)  LR: 9.434e-04  Time cost: 00:03/00:03 [06:09/05:05]  Acc_iter 6800        Data time: 0.01(0.02)  Forward time: 0.13(0.14)  Batch time: 0.14(0.15)
2025-08-08 15:27:59,450   INFO  Train:  155/200 ( 78%) [  43/44 ( 98%)]  Loss: 0.1905 (0.153)  LR: 9.268e-04  Time cost: 00:06/00:00 [06:12/04:55]  Acc_iter 6820        Data time: 0.01(0.01)  Forward time: 0.13(0.14)  Batch time: 0.14(0.15)
2025-08-08 15:27:59,811   INFO  Train:  156/200 ( 78%) [   0/44 (  0%)]  Loss: 0.1579 (0.158)  LR: 9.260e-04  Time cost: 00:00/00:11 [06:12/08:15]  Acc_iter 6821        Data time: 0.09(0.09)  Forward time: 0.15(0.15)  Batch time: 0.24(0.24)
2025-08-08 15:28:04,085   INFO  Train:  156/200 ( 78%) [  29/44 ( 66%)]  Loss: 0.1935 (0.154)  LR: 9.022e-04  Time cost: 00:04/00:02 [06:17/04:54]  Acc_iter 6850        Data time: 0.01(0.01)  Forward time: 0.13(0.14)  Batch time: 0.15(0.15)
2025-08-08 15:28:06,114   INFO  Train:  156/200 ( 78%) [  43/44 ( 98%)]  Loss: 0.1577 (0.155)  LR: 8.907e-04  Time cost: 00:06/00:00 [06:19/04:48]  Acc_iter 6864        Data time: 0.01(0.01)  Forward time: 0.13(0.14)  Batch time: 0.14(0.15)
2025-08-08 15:28:06,471   INFO  Train:  157/200 ( 78%) [   0/44 (  0%)]  Loss: 0.1808 (0.181)  LR: 8.899e-04  Time cost: 00:00/00:10 [06:19/07:41]  Acc_iter 6865        Data time: 0.08(0.08)  Forward time: 0.15(0.15)  Batch time: 0.23(0.23)
2025-08-08 15:28:11,633   INFO  Train:  157/200 ( 78%) [  35/44 ( 80%)]  Loss: 0.1056 (0.160)  LR: 8.615e-04  Time cost: 00:05/00:01 [06:24/04:45]  Acc_iter 6900        Data time: 0.01(0.01)  Forward time: 0.14(0.14)  Batch time: 0.15(0.15)
2025-08-08 15:28:11,830   INFO  user                                   Fri Aug  8 15:28:11 2025  535.183.01
[0] NVIDIA GeForce RTX 4060 Laptop GPU | 65°C,  94 % |  7598 /  8188 MB | user(7580M) gdm(4M) user(4M)

2025-08-08 15:28:12,987   INFO  Train:  157/200 ( 78%) [  43/44 ( 98%)]  Loss: 0.1326 (0.162)  LR: 8.551e-04  Time cost: 00:06/00:00 [06:26/04:50]  Acc_iter 6908        Data time: 0.01(0.02)  Forward time: 0.13(0.14)  Batch time: 0.14(0.15)
2025-08-08 15:28:13,379   INFO  Train:  158/200 ( 79%) [   0/44 (  0%)]  Loss: 0.1645 (0.165)  LR: 8.543e-04  Time cost: 00:00/00:12 [06:26/08:40]  Acc_iter 6909        Data time: 0.10(0.10)  Forward time: 0.16(0.16)  Batch time: 0.26(0.26)
2025-08-08 15:28:19,375   INFO  Train:  158/200 ( 79%) [  41/44 ( 93%)]  Loss: 0.1317 (0.149)  LR: 8.214e-04  Time cost: 00:06/00:00 [06:32/04:36]  Acc_iter 6950        Data time: 0.01(0.01)  Forward time: 0.13(0.14)  Batch time: 0.14(0.15)
2025-08-08 15:28:19,663   INFO  Train:  158/200 ( 79%) [  43/44 ( 98%)]  Loss: 0.2008 (0.148)  LR: 8.198e-04  Time cost: 00:06/00:00 [06:32/04:35]  Acc_iter 6952        Data time: 0.01(0.01)  Forward time: 0.13(0.14)  Batch time: 0.14(0.15)
2025-08-08 15:28:20,043   INFO  Train:  159/200 ( 80%) [   0/44 (  0%)]  Loss: 0.1669 (0.167)  LR: 8.190e-04  Time cost: 00:00/00:11 [06:33/08:03]  Acc_iter 6953        Data time: 0.09(0.09)  Forward time: 0.16(0.16)  Batch time: 0.25(0.25)
2025-08-08 15:28:26,323   INFO  Train:  159/200 ( 80%) [  43/44 ( 98%)]  Loss: 0.1249 (0.151)  LR: 7.851e-04  Time cost: 00:06/00:00 [06:39/04:28]  Acc_iter 6996        Data time: 0.01(0.01)  Forward time: 0.13(0.14)  Batch time: 0.14(0.15)
2025-08-08 15:28:26,720   INFO  Train:  160/200 ( 80%) [   0/44 (  0%)]  Loss: 0.1661 (0.166)  LR: 7.843e-04  Time cost: 00:00/00:12 [06:39/08:26]  Acc_iter 6997        Data time: 0.12(0.12)  Forward time: 0.15(0.15)  Batch time: 0.27(0.27)
2025-08-08 15:28:27,162   INFO  Train:  160/200 ( 80%) [   3/44 (  7%)]  Loss: 0.1637 (0.142)  LR: 7.819e-04  Time cost: 00:00/00:07 [06:40/05:25]  Acc_iter 7000        Data time: 0.01(0.04)  Forward time: 0.14(0.14)  Batch time: 0.15(0.18)
2025-08-08 15:28:33,024   INFO  Train:  160/200 ( 80%) [  43/44 ( 98%)]  Loss: 0.1428 (0.143)  LR: 7.508e-04  Time cost: 00:06/00:00 [06:46/04:23]  Acc_iter 7040        Data time: 0.01(0.01)  Forward time: 0.13(0.14)  Batch time: 0.15(0.15)
2025-08-08 15:28:33,416   INFO  Train:  161/200 ( 80%) [   0/44 (  0%)]  Loss: 0.2047 (0.205)  LR: 7.500e-04  Time cost: 00:00/00:12 [06:46/08:00]  Acc_iter 7041        Data time: 0.11(0.11)  Forward time: 0.15(0.15)  Batch time: 0.26(0.26)
2025-08-08 15:28:34,745   INFO  Train:  161/200 ( 80%) [   9/44 ( 20%)]  Loss: 0.1423 (0.152)  LR: 7.431e-04  Time cost: 00:01/00:05 [06:47/04:40]  Acc_iter 7050        Data time: 0.01(0.02)  Forward time: 0.14(0.14)  Batch time: 0.15(0.16)
2025-08-08 15:28:34,974   INFO  user                                   Fri Aug  8 15:28:34 2025  535.183.01
[0] NVIDIA GeForce RTX 4060 Laptop GPU | 64°C,  73 % |  7598 /  8188 MB | user(7580M) gdm(4M) user(4M)

2025-08-08 15:28:39,963   INFO  Train:  161/200 ( 80%) [  43/44 ( 98%)]  Loss: 0.1477 (0.147)  LR: 7.170e-04  Time cost: 00:06/00:00 [06:53/04:26]  Acc_iter 7084        Data time: 0.01(0.02)  Forward time: 0.14(0.14)  Batch time: 0.15(0.15)
2025-08-08 15:28:40,361   INFO  Train:  162/200 ( 81%) [   0/44 (  0%)]  Loss: 0.1505 (0.151)  LR: 7.163e-04  Time cost: 00:00/00:12 [06:53/07:49]  Acc_iter 7085        Data time: 0.10(0.10)  Forward time: 0.16(0.16)  Batch time: 0.26(0.26)
2025-08-08 15:28:42,558   INFO  Train:  162/200 ( 81%) [  15/44 ( 34%)]  Loss: 0.1574 (0.149)  LR: 7.049e-04  Time cost: 00:02/00:04 [06:55/04:22]  Acc_iter 7100        Data time: 0.01(0.02)  Forward time: 0.13(0.14)  Batch time: 0.15(0.15)
2025-08-08 15:28:46,618   INFO  Train:  162/200 ( 81%) [  43/44 ( 98%)]  Loss: 0.1470 (0.146)  LR: 6.838e-04  Time cost: 00:06/00:00 [06:59/04:08]  Acc_iter 7128        Data time: 0.01(0.01)  Forward time: 0.13(0.13)  Batch time: 0.15(0.15)
2025-08-08 15:28:47,082   INFO  Train:  163/200 ( 82%) [   0/44 (  0%)]  Loss: 0.1665 (0.166)  LR: 6.831e-04  Time cost: 00:00/00:11 [07:00/07:27]  Acc_iter 7129        Data time: 0.10(0.10)  Forward time: 0.16(0.16)  Batch time: 0.26(0.26)
2025-08-08 15:28:50,184   INFO  Train:  163/200 ( 82%) [  21/44 ( 48%)]  Loss: 0.1487 (0.129)  LR: 6.674e-04  Time cost: 00:03/00:03 [07:03/04:12]  Acc_iter 7150        Data time: 0.01(0.02)  Forward time: 0.13(0.14)  Batch time: 0.15(0.15)
2025-08-08 15:28:53,389   INFO  Train:  163/200 ( 82%) [  43/44 ( 98%)]  Loss: 0.1050 (0.140)  LR: 6.511e-04  Time cost: 00:06/00:00 [07:06/04:03]  Acc_iter 7172        Data time: 0.01(0.01)  Forward time: 0.13(0.14)  Batch time: 0.14(0.15)
2025-08-08 15:28:53,761   INFO  Train:  164/200 ( 82%) [   0/44 (  0%)]  Loss: 0.1121 (0.112)  LR: 6.504e-04  Time cost: 00:00/00:11 [07:06/06:52]  Acc_iter 7173        Data time: 0.08(0.08)  Forward time: 0.16(0.16)  Batch time: 0.24(0.24)
2025-08-08 15:28:57,707   INFO  Train:  164/200 ( 82%) [  27/44 ( 61%)]  Loss: 0.2197 (0.139)  LR: 6.307e-04  Time cost: 00:04/00:02 [07:10/04:00]  Acc_iter 7200        Data time: 0.01(0.01)  Forward time: 0.13(0.14)  Batch time: 0.15(0.15)
2025-08-08 15:28:57,927   INFO  user                                   Fri Aug  8 15:28:57 2025  535.183.01
[0] NVIDIA GeForce RTX 4060 Laptop GPU | 64°C,  94 % |  7598 /  8188 MB | user(7580M) gdm(4M) user(4M)

2025-08-08 15:29:00,272   INFO  Train:  164/200 ( 82%) [  43/44 ( 98%)]  Loss: 0.1056 (0.136)  LR: 6.191e-04  Time cost: 00:06/00:00 [07:13/04:03]  Acc_iter 7216        Data time: 0.01(0.02)  Forward time: 0.13(0.14)  Batch time: 0.14(0.15)
2025-08-08 15:29:00,669   INFO  Train:  165/200 ( 82%) [   0/44 (  0%)]  Loss: 0.1629 (0.163)  LR: 6.183e-04  Time cost: 00:00/00:12 [07:13/07:21]  Acc_iter 7217        Data time: 0.11(0.11)  Forward time: 0.16(0.16)  Batch time: 0.27(0.27)
2025-08-08 15:29:05,528   INFO  Train:  165/200 ( 82%) [  33/44 ( 75%)]  Loss: 0.1227 (0.145)  LR: 5.947e-04  Time cost: 00:05/00:01 [07:18/03:54]  Acc_iter 7250        Data time: 0.01(0.01)  Forward time: 0.13(0.14)  Batch time: 0.14(0.15)
2025-08-08 15:29:06,977   INFO  Train:  165/200 ( 82%) [  43/44 ( 98%)]  Loss: 0.1236 (0.140)  LR: 5.876e-04  Time cost: 00:06/00:00 [07:20/03:50]  Acc_iter 7260        Data time: 0.01(0.01)  Forward time: 0.13(0.14)  Batch time: 0.14(0.15)
2025-08-08 15:29:07,343   INFO  Train:  166/200 ( 83%) [   0/44 (  0%)]  Loss: 0.1430 (0.143)  LR: 5.869e-04  Time cost: 00:00/00:10 [07:20/06:24]  Acc_iter 7261        Data time: 0.07(0.07)  Forward time: 0.17(0.17)  Batch time: 0.24(0.24)
2025-08-08 15:29:13,048   INFO  Train:  166/200 ( 83%) [  39/44 ( 89%)]  Loss: 0.1062 (0.132)  LR: 5.595e-04  Time cost: 00:05/00:00 [07:26/03:43]  Acc_iter 7300        Data time: 0.01(0.01)  Forward time: 0.13(0.14)  Batch time: 0.14(0.15)
2025-08-08 15:29:13,624   INFO  Train:  166/200 ( 83%) [  43/44 ( 98%)]  Loss: 0.1587 (0.133)  LR: 5.567e-04  Time cost: 00:06/00:00 [07:26/03:42]  Acc_iter 7304        Data time: 0.01(0.01)  Forward time: 0.13(0.14)  Batch time: 0.14(0.15)
2025-08-08 15:29:14,004   INFO  Train:  167/200 ( 84%) [   0/44 (  0%)]  Loss: 0.1056 (0.106)  LR: 5.560e-04  Time cost: 00:00/00:11 [07:27/06:30]  Acc_iter 7305        Data time: 0.10(0.10)  Forward time: 0.15(0.15)  Batch time: 0.25(0.25)
2025-08-08 15:29:20,353   INFO  Train:  167/200 ( 84%) [  43/44 ( 98%)]  Loss: 0.1610 (0.132)  LR: 5.265e-04  Time cost: 00:06/00:00 [07:33/03:38]  Acc_iter 7348        Data time: 0.01(0.01)  Forward time: 0.14(0.14)  Batch time: 0.15(0.15)
2025-08-08 15:29:20,757   INFO  Train:  168/200 ( 84%) [   0/44 (  0%)]  Loss: 0.1784 (0.178)  LR: 5.259e-04  Time cost: 00:00/00:12 [07:33/06:44]  Acc_iter 7349        Data time: 0.11(0.11)  Forward time: 0.15(0.15)  Batch time: 0.27(0.27)
2025-08-08 15:29:20,905   INFO  Train:  168/200 ( 84%) [   1/44 (  2%)]  Loss: 0.07160 (0.125)  LR: 5.252e-04  Time cost: 00:00/00:09 [07:34/05:09]  Acc_iter 7350        Data time: 0.01(0.06)  Forward time: 0.14(0.15)  Batch time: 0.15(0.21)
2025-08-08 15:29:21,157   INFO  user                                   Fri Aug  8 15:29:21 2025  535.183.01
[0] NVIDIA GeForce RTX 4060 Laptop GPU | 64°C,  61 % |  7598 /  8188 MB | user(7580M) gdm(4M) user(4M)

2025-08-08 15:29:27,311   INFO  Train:  168/200 ( 84%) [  43/44 ( 98%)]  Loss: 0.1353 (0.134)  LR: 4.970e-04  Time cost: 00:06/00:00 [07:40/03:38]  Acc_iter 7392        Data time: 0.01(0.02)  Forward time: 0.13(0.14)  Batch time: 0.15(0.16)
2025-08-08 15:29:27,748   INFO  Train:  169/200 ( 84%) [   0/44 (  0%)]  Loss: 0.1565 (0.156)  LR: 4.963e-04  Time cost: 00:00/00:13 [07:40/07:05]  Acc_iter 7393        Data time: 0.13(0.13)  Forward time: 0.16(0.16)  Batch time: 0.29(0.29)
2025-08-08 15:29:28,794   INFO  Train:  169/200 ( 84%) [   7/44 ( 16%)]  Loss: 0.1630 (0.152)  LR: 4.917e-04  Time cost: 00:01/00:06 [07:41/03:56]  Acc_iter 7400        Data time: 0.01(0.03)  Forward time: 0.14(0.14)  Batch time: 0.15(0.17)
2025-08-08 15:29:34,053   INFO  Train:  169/200 ( 84%) [  43/44 ( 98%)]  Loss: 0.1931 (0.145)  LR: 4.681e-04  Time cost: 00:06/00:00 [07:47/03:24]  Acc_iter 7436        Data time: 0.01(0.01)  Forward time: 0.14(0.14)  Batch time: 0.15(0.15)
2025-08-08 15:29:34,427   INFO  Train:  170/200 ( 85%) [   0/44 (  0%)]  Loss: 0.1154 (0.115)  LR: 4.675e-04  Time cost: 00:00/00:10 [07:47/05:40]  Acc_iter 7437        Data time: 0.07(0.07)  Forward time: 0.17(0.17)  Batch time: 0.24(0.24)
2025-08-08 15:29:36,325   INFO  Train:  170/200 ( 85%) [  13/44 ( 30%)]  Loss: 0.1520 (0.129)  LR: 4.591e-04  Time cost: 00:02/00:04 [07:49/03:27]  Acc_iter 7450        Data time: 0.01(0.02)  Forward time: 0.13(0.14)  Batch time: 0.14(0.15)
2025-08-08 15:29:40,729   INFO  Train:  170/200 ( 85%) [  43/44 ( 98%)]  Loss: 0.1382 (0.127)  LR: 4.400e-04  Time cost: 00:06/00:00 [07:53/03:16]  Acc_iter 7480        Data time: 0.01(0.01)  Forward time: 0.14(0.14)  Batch time: 0.15(0.15)
2025-08-08 15:29:41,146   INFO  Train:  171/200 ( 86%) [   0/44 (  0%)]  Loss: 0.1439 (0.144)  LR: 4.394e-04  Time cost: 00:00/00:12 [07:54/06:25]  Acc_iter 7481        Data time: 0.14(0.14)  Forward time: 0.15(0.15)  Batch time: 0.28(0.28)
2025-08-08 15:29:43,945   INFO  Train:  171/200 ( 86%) [  19/44 ( 43%)]  Loss: 0.09664 (0.136)  LR: 4.274e-04  Time cost: 00:03/00:03 [07:57/03:21]  Acc_iter 7500        Data time: 0.01(0.02)  Forward time: 0.13(0.14)  Batch time: 0.15(0.15)
2025-08-08 15:29:44,145   INFO  user                                   Fri Aug  8 15:29:44 2025  535.183.01
[0] NVIDIA GeForce RTX 4060 Laptop GPU | 64°C,  85 % |  7598 /  8188 MB | user(7580M) gdm(4M) user(4M)

2025-08-08 15:29:47,689   INFO  Train:  171/200 ( 86%) [  43/44 ( 98%)]  Loss: 0.1858 (0.136)  LR: 4.126e-04  Time cost: 00:06/00:00 [08:00/03:18]  Acc_iter 7524        Data time: 0.01(0.02)  Forward time: 0.13(0.14)  Batch time: 0.15(0.16)
2025-08-08 15:29:48,075   INFO  Train:  172/200 ( 86%) [   0/44 (  0%)]  Loss: 0.2042 (0.204)  LR: 4.120e-04  Time cost: 00:00/00:11 [08:01/05:28]  Acc_iter 7525        Data time: 0.09(0.09)  Forward time: 0.16(0.16)  Batch time: 0.25(0.25)
2025-08-08 15:29:51,761   INFO  Train:  172/200 ( 86%) [  25/44 ( 57%)]  Loss: 0.1293 (0.127)  LR: 3.967e-04  Time cost: 00:03/00:02 [08:04/03:09]  Acc_iter 7550        Data time: 0.01(0.01)  Forward time: 0.13(0.14)  Batch time: 0.14(0.15)
2025-08-08 15:29:54,378   INFO  Train:  172/200 ( 86%) [  43/44 ( 98%)]  Loss: 0.1993 (0.137)  LR: 3.859e-04  Time cost: 00:06/00:00 [08:07/03:03]  Acc_iter 7568        Data time: 0.01(0.01)  Forward time: 0.13(0.14)  Batch time: 0.14(0.15)
2025-08-08 15:29:54,782   INFO  Train:  173/200 ( 86%) [   0/44 (  0%)]  Loss: 0.1428 (0.143)  LR: 3.853e-04  Time cost: 00:00/00:12 [08:07/05:44]  Acc_iter 7569        Data time: 0.11(0.11)  Forward time: 0.15(0.15)  Batch time: 0.27(0.27)
2025-08-08 15:29:59,345   INFO  Train:  173/200 ( 86%) [  31/44 ( 70%)]  Loss: 0.09706 (0.129)  LR: 3.670e-04  Time cost: 00:04/00:01 [08:12/03:01]  Acc_iter 7600        Data time: 0.01(0.01)  Forward time: 0.13(0.14)  Batch time: 0.15(0.15)
2025-08-08 15:30:01,082   INFO  Train:  173/200 ( 86%) [  43/44 ( 98%)]  Loss: 0.08410 (0.129)  LR: 3.600e-04  Time cost: 00:06/00:00 [08:14/02:57]  Acc_iter 7612        Data time: 0.01(0.01)  Forward time: 0.13(0.14)  Batch time: 0.14(0.15)
2025-08-08 15:30:01,491   INFO  Train:  174/200 ( 87%) [   0/44 (  0%)]  Loss: 0.1260 (0.126)  LR: 3.594e-04  Time cost: 00:00/00:12 [08:14/05:31]  Acc_iter 7613        Data time: 0.12(0.12)  Forward time: 0.15(0.15)  Batch time: 0.27(0.27)
2025-08-08 15:30:06,921   INFO  Train:  174/200 ( 87%) [  37/44 ( 84%)]  Loss: 0.1060 (0.140)  LR: 3.382e-04  Time cost: 00:05/00:01 [08:20/02:52]  Acc_iter 7650        Data time: 0.01(0.01)  Forward time: 0.13(0.14)  Batch time: 0.15(0.15)
2025-08-08 15:30:07,123   INFO  user                                   Fri Aug  8 15:30:07 2025  535.183.01
[0] NVIDIA GeForce RTX 4060 Laptop GPU | 64°C,  77 % |  7598 /  8188 MB | user(7580M) gdm(4M) user(4M)

2025-08-08 15:30:07,997   INFO  Train:  174/200 ( 87%) [  43/44 ( 98%)]  Loss: 0.1672 (0.141)  LR: 3.349e-04  Time cost: 00:06/00:00 [08:21/02:56]  Acc_iter 7656        Data time: 0.01(0.02)  Forward time: 0.14(0.14)  Batch time: 0.15(0.15)
2025-08-08 15:30:08,387   INFO  Train:  175/200 ( 88%) [   0/44 (  0%)]  Loss: 0.1353 (0.135)  LR: 3.343e-04  Time cost: 00:00/00:11 [08:21/04:58]  Acc_iter 7657        Data time: 0.09(0.09)  Forward time: 0.17(0.17)  Batch time: 0.25(0.25)
2025-08-08 15:30:14,868   INFO  Train:  175/200 ( 88%) [  43/44 ( 98%)]  Loss: 0.1589 (0.126)  LR: 3.105e-04  Time cost: 00:06/00:00 [08:28/02:48]  Acc_iter 7700        Data time: 0.01(0.01)  Forward time: 0.13(0.14)  Batch time: 0.14(0.15)
2025-08-08 15:30:15,265   INFO  Train:  176/200 ( 88%) [   0/44 (  0%)]  Loss: 0.09221 (0.0922)  LR: 3.100e-04  Time cost: 00:00/00:11 [08:28/04:57]  Acc_iter 7701        Data time: 0.09(0.09)  Forward time: 0.17(0.17)  Batch time: 0.26(0.26)
2025-08-08 15:30:21,578   INFO  Train:  176/200 ( 88%) [  43/44 ( 98%)]  Loss: 0.1795 (0.125)  LR: 2.870e-04  Time cost: 00:06/00:00 [08:34/02:38]  Acc_iter 7744        Data time: 0.01(0.01)  Forward time: 0.14(0.14)  Batch time: 0.15(0.15)
2025-08-08 15:30:21,953   INFO  Train:  177/200 ( 88%) [   0/44 (  0%)]  Loss: 0.1217 (0.122)  LR: 2.865e-04  Time cost: 00:00/00:10 [08:35/04:23]  Acc_iter 7745        Data time: 0.07(0.07)  Forward time: 0.17(0.17)  Batch time: 0.24(0.24)
2025-08-08 15:30:22,709   INFO  Train:  177/200 ( 88%) [   5/44 ( 11%)]  Loss: 0.1835 (0.132)  LR: 2.839e-04  Time cost: 00:01/00:06 [08:35/02:56]  Acc_iter 7750        Data time: 0.01(0.02)  Forward time: 0.14(0.14)  Batch time: 0.15(0.17)
2025-08-08 15:30:28,303   INFO  Train:  177/200 ( 88%) [  43/44 ( 98%)]  Loss: 0.1454 (0.122)  LR: 2.643e-04  Time cost: 00:06/00:00 [08:41/02:31]  Acc_iter 7788        Data time: 0.01(0.01)  Forward time: 0.13(0.14)  Batch time: 0.14(0.15)
2025-08-08 15:30:28,714   INFO  Train:  178/200 ( 89%) [   0/44 (  0%)]  Loss: 0.1149 (0.115)  LR: 2.638e-04  Time cost: 00:00/00:12 [08:41/04:47]  Acc_iter 7789        Data time: 0.11(0.11)  Forward time: 0.16(0.16)  Batch time: 0.27(0.27)
2025-08-08 15:30:30,334   INFO  Train:  178/200 ( 89%) [  11/44 ( 25%)]  Loss: 0.08084 (0.139)  LR: 2.583e-04  Time cost: 00:01/00:05 [08:43/02:38]  Acc_iter 7800        Data time: 0.01(0.02)  Forward time: 0.14(0.14)  Batch time: 0.15(0.16)
2025-08-08 15:30:30,541   INFO  user                                   Fri Aug  8 15:30:30 2025  535.183.01
[0] NVIDIA GeForce RTX 4060 Laptop GPU | 64°C,  85 % |  3598 /  8188 MB | user(3580M) gdm(4M) user(4M)

2025-08-08 15:30:35,234   INFO  Train:  178/200 ( 89%) [  43/44 ( 98%)]  Loss: 0.09736 (0.129)  LR: 2.425e-04  Time cost: 00:06/00:00 [08:48/02:29]  Acc_iter 7832        Data time: 0.01(0.02)  Forward time: 0.13(0.14)  Batch time: 0.14(0.15)
2025-08-08 15:30:35,636   INFO  Train:  179/200 ( 90%) [   0/44 (  0%)]  Loss: 0.1633 (0.163)  LR: 2.420e-04  Time cost: 00:00/00:11 [08:48/04:18]  Acc_iter 7833        Data time: 0.10(0.10)  Forward time: 0.16(0.16)  Batch time: 0.26(0.26)
2025-08-08 15:30:38,170   INFO  Train:  179/200 ( 90%) [  17/44 ( 39%)]  Loss: 0.1208 (0.120)  LR: 2.338e-04  Time cost: 00:02/00:04 [08:51/02:27]  Acc_iter 7850        Data time: 0.01(0.02)  Forward time: 0.13(0.14)  Batch time: 0.14(0.15)
2025-08-08 15:30:41,990   INFO  Train:  179/200 ( 90%) [  43/44 ( 98%)]  Loss: 0.2001 (0.122)  LR: 2.215e-04  Time cost: 00:06/00:00 [08:55/02:19]  Acc_iter 7876        Data time: 0.01(0.01)  Forward time: 0.13(0.14)  Batch time: 0.14(0.15)
2025-08-08 15:30:42,353   INFO  Train:  180/200 ( 90%) [   0/44 (  0%)]  Loss: 0.1253 (0.125)  LR: 2.211e-04  Time cost: 00:00/00:10 [08:55/03:44]  Acc_iter 7877        Data time: 0.08(0.08)  Forward time: 0.16(0.16)  Batch time: 0.23(0.23)
2025-08-08 15:30:45,754   INFO  Train:  180/200 ( 90%) [  23/44 ( 52%)]  Loss: 0.1008 (0.129)  LR: 2.105e-04  Time cost: 00:03/00:03 [08:58/02:16]  Acc_iter 7900        Data time: 0.01(0.01)  Forward time: 0.14(0.14)  Batch time: 0.15(0.15)
2025-08-08 15:30:48,679   INFO  Train:  180/200 ( 90%) [  43/44 ( 98%)]  Loss: 0.09891 (0.127)  LR: 2.014e-04  Time cost: 00:06/00:00 [09:01/02:11]  Acc_iter 7920        Data time: 0.01(0.01)  Forward time: 0.13(0.14)  Batch time: 0.15(0.15)
2025-08-08 15:30:49,050   INFO  Train:  181/200 ( 90%) [   0/44 (  0%)]  Loss: 0.1548 (0.155)  LR: 2.010e-04  Time cost: 00:00/00:10 [09:02/03:39]  Acc_iter 7921        Data time: 0.07(0.07)  Forward time: 0.17(0.17)  Batch time: 0.24(0.24)
2025-08-08 15:30:53,379   INFO  Train:  181/200 ( 90%) [  29/44 ( 66%)]  Loss: 0.1322 (0.120)  LR: 1.882e-04  Time cost: 00:04/00:02 [09:06/02:09]  Acc_iter 7950        Data time: 0.01(0.01)  Forward time: 0.14(0.14)  Batch time: 0.15(0.15)
2025-08-08 15:30:53,601   INFO  user                                   Fri Aug  8 15:30:53 2025  535.183.01
[0] NVIDIA GeForce RTX 4060 Laptop GPU | 64°C,  94 % |  3598 /  8188 MB | user(3580M) gdm(4M) user(4M)

2025-08-08 15:30:55,653   INFO  Train:  181/200 ( 90%) [  43/44 ( 98%)]  Loss: 0.1509 (0.120)  LR: 1.822e-04  Time cost: 00:06/00:00 [09:08/02:10]  Acc_iter 7964        Data time: 0.01(0.02)  Forward time: 0.13(0.14)  Batch time: 0.14(0.16)
2025-08-08 15:30:56,097   INFO  Train:  182/200 ( 91%) [   0/44 (  0%)]  Loss: 0.1296 (0.130)  LR: 1.818e-04  Time cost: 00:00/00:13 [09:09/04:09]  Acc_iter 7965        Data time: 0.13(0.13)  Forward time: 0.16(0.16)  Batch time: 0.29(0.29)
2025-08-08 15:31:01,257   INFO  Train:  182/200 ( 91%) [  35/44 ( 80%)]  Loss: 0.1277 (0.125)  LR: 1.672e-04  Time cost: 00:05/00:01 [09:14/02:01]  Acc_iter 8000        Data time: 0.01(0.01)  Forward time: 0.14(0.14)  Batch time: 0.15(0.15)
2025-08-08 15:31:02,412   INFO  Train:  182/200 ( 91%) [  43/44 ( 98%)]  Loss: 0.1046 (0.123)  LR: 1.639e-04  Time cost: 00:06/00:00 [09:15/01:59]  Acc_iter 8008        Data time: 0.01(0.01)  Forward time: 0.13(0.14)  Batch time: 0.14(0.15)
2025-08-08 15:31:02,816   INFO  Train:  183/200 ( 92%) [   0/44 (  0%)]  Loss: 0.1559 (0.156)  LR: 1.635e-04  Time cost: 00:00/00:12 [09:15/03:43]  Acc_iter 8009        Data time: 0.12(0.12)  Forward time: 0.15(0.15)  Batch time: 0.27(0.27)
2025-08-08 15:31:08,800   INFO  Train:  183/200 ( 92%) [  41/44 ( 93%)]  Loss: 0.1069 (0.118)  LR: 1.473e-04  Time cost: 00:06/00:00 [09:21/01:52]  Acc_iter 8050        Data time: 0.01(0.01)  Forward time: 0.13(0.13)  Batch time: 0.14(0.15)
2025-08-08 15:31:09,089   INFO  Train:  183/200 ( 92%) [  43/44 ( 98%)]  Loss: 0.1196 (0.120)  LR: 1.465e-04  Time cost: 00:06/00:00 [09:22/01:51]  Acc_iter 8052        Data time: 0.01(0.01)  Forward time: 0.13(0.13)  Batch time: 0.14(0.15)
2025-08-08 15:31:09,479   INFO  Train:  184/200 ( 92%) [   0/44 (  0%)]  Loss: 0.09495 (0.0949)  LR: 1.462e-04  Time cost: 00:00/00:11 [09:22/03:21]  Acc_iter 8053        Data time: 0.10(0.10)  Forward time: 0.16(0.16)  Batch time: 0.26(0.26)
2025-08-08 15:31:15,762   INFO  Train:  184/200 ( 92%) [  43/44 ( 98%)]  Loss: 0.1281 (0.129)  LR: 1.301e-04  Time cost: 00:06/00:00 [09:28/01:44]  Acc_iter 8096        Data time: 0.01(0.01)  Forward time: 0.13(0.14)  Batch time: 0.14(0.15)
2025-08-08 15:31:16,127   INFO  Train:  185/200 ( 92%) [   0/44 (  0%)]  Loss: 0.1227 (0.123)  LR: 1.297e-04  Time cost: 00:00/00:10 [09:29/02:54]  Acc_iter 8097        Data time: 0.07(0.07)  Forward time: 0.16(0.16)  Batch time: 0.24(0.24)
2025-08-08 15:31:16,569   INFO  Train:  185/200 ( 92%) [   3/44 (  7%)]  Loss: 0.1666 (0.137)  LR: 1.286e-04  Time cost: 00:00/00:07 [09:29/02:00]  Acc_iter 8100        Data time: 0.01(0.03)  Forward time: 0.13(0.14)  Batch time: 0.15(0.17)
2025-08-08 15:31:16,791   INFO  user                                   Fri Aug  8 15:31:16 2025  535.183.01
[0] NVIDIA GeForce RTX 4060 Laptop GPU | 64°C,  96 % |  3600 /  8188 MB | user(3582M) gdm(4M) user(4M)

2025-08-08 15:31:22,653   INFO  Train:  185/200 ( 92%) [  43/44 ( 98%)]  Loss: 0.1090 (0.116)  LR: 1.146e-04  Time cost: 00:06/00:00 [09:35/01:41]  Acc_iter 8140        Data time: 0.01(0.02)  Forward time: 0.13(0.14)  Batch time: 0.14(0.15)
2025-08-08 15:31:23,018   INFO  Train:  186/200 ( 93%) [   0/44 (  0%)]  Loss: 0.08807 (0.0881)  LR: 1.142e-04  Time cost: 00:00/00:10 [09:36/02:40]  Acc_iter 8141        Data time: 0.07(0.07)  Forward time: 0.16(0.16)  Batch time: 0.23(0.23)
2025-08-08 15:31:24,354   INFO  Train:  186/200 ( 93%) [   9/44 ( 20%)]  Loss: 0.1539 (0.128)  LR: 1.112e-04  Time cost: 00:01/00:05 [09:37/01:42]  Acc_iter 8150        Data time: 0.01(0.02)  Forward time: 0.14(0.14)  Batch time: 0.15(0.16)
2025-08-08 15:31:29,324   INFO  Train:  186/200 ( 93%) [  43/44 ( 98%)]  Loss: 0.08609 (0.122)  LR: 9.998e-05  Time cost: 00:06/00:00 [09:42/01:31]  Acc_iter 8184        Data time: 0.01(0.01)  Forward time: 0.13(0.14)  Batch time: 0.14(0.15)
2025-08-08 15:31:29,724   INFO  Train:  187/200 ( 94%) [   0/44 (  0%)]  Loss: 0.07301 (0.0730)  LR: 9.966e-05  Time cost: 00:00/00:12 [09:42/02:49]  Acc_iter 8185        Data time: 0.11(0.11)  Forward time: 0.15(0.15)  Batch time: 0.26(0.26)
2025-08-08 15:31:31,939   INFO  Train:  187/200 ( 94%) [  15/44 ( 34%)]  Loss: 0.1162 (0.117)  LR: 9.492e-05  Time cost: 00:02/00:04 [09:45/01:33]  Acc_iter 8200        Data time: 0.01(0.02)  Forward time: 0.13(0.14)  Batch time: 0.14(0.16)
2025-08-08 15:31:36,033   INFO  Train:  187/200 ( 94%) [  43/44 ( 98%)]  Loss: 0.1306 (0.121)  LR: 8.637e-05  Time cost: 00:06/00:00 [09:49/01:25]  Acc_iter 8228        Data time: 0.01(0.01)  Forward time: 0.13(0.14)  Batch time: 0.14(0.15)
2025-08-08 15:31:36,392   INFO  Train:  188/200 ( 94%) [   0/44 (  0%)]  Loss: 0.1396 (0.140)  LR: 8.607e-05  Time cost: 00:00/00:10 [09:49/02:16]  Acc_iter 8229        Data time: 0.07(0.07)  Forward time: 0.16(0.16)  Batch time: 0.23(0.23)
2025-08-08 15:31:39,472   INFO  Train:  188/200 ( 94%) [  21/44 ( 48%)]  Loss: 0.07090 (0.118)  LR: 7.992e-05  Time cost: 00:03/00:03 [09:52/01:23]  Acc_iter 8250        Data time: 0.01(0.01)  Forward time: 0.13(0.14)  Batch time: 0.14(0.15)
2025-08-08 15:31:39,699   INFO  user                                   Fri Aug  8 15:31:39 2025  535.183.01
[0] NVIDIA GeForce RTX 4060 Laptop GPU | 64°C,  68 % |  3600 /  8188 MB | user(3582M) gdm(4M) user(4M)

2025-08-08 15:31:42,906   INFO  Train:  188/200 ( 94%) [  43/44 ( 98%)]  Loss: 0.1194 (0.124)  LR: 7.372e-05  Time cost: 00:06/00:00 [09:56/01:21]  Acc_iter 8272        Data time: 0.01(0.02)  Forward time: 0.14(0.14)  Batch time: 0.15(0.15)
2025-08-08 15:31:43,291   INFO  Train:  189/200 ( 94%) [   0/44 (  0%)]  Loss: 0.09015 (0.0902)  LR: 7.344e-05  Time cost: 00:00/00:11 [09:56/02:19]  Acc_iter 8273        Data time: 0.10(0.10)  Forward time: 0.15(0.15)  Batch time: 0.25(0.25)
2025-08-08 15:31:47,258   INFO  Train:  189/200 ( 94%) [  27/44 ( 61%)]  Loss: 0.1599 (0.122)  LR: 6.618e-05  Time cost: 00:04/00:02 [10:00/01:15]  Acc_iter 8300        Data time: 0.01(0.01)  Forward time: 0.13(0.14)  Batch time: 0.15(0.15)
2025-08-08 15:31:49,594   INFO  Train:  189/200 ( 94%) [  43/44 ( 98%)]  Loss: 0.1256 (0.124)  LR: 6.205e-05  Time cost: 00:06/00:00 [10:02/01:12]  Acc_iter 8316        Data time: 0.01(0.01)  Forward time: 0.13(0.14)  Batch time: 0.15(0.15)
2025-08-08 15:31:49,995   INFO  Train:  190/200 ( 95%) [   0/44 (  0%)]  Loss: 0.1404 (0.140)  LR: 6.180e-05  Time cost: 00:00/00:12 [10:03/02:15]  Acc_iter 8317        Data time: 0.11(0.11)  Forward time: 0.16(0.16)  Batch time: 0.27(0.27)
2025-08-08 15:31:54,843   INFO  Train:  190/200 ( 95%) [  33/44 ( 75%)]  Loss: 0.1113 (0.114)  LR: 5.371e-05  Time cost: 00:05/00:01 [10:08/01:08]  Acc_iter 8350        Data time: 0.01(0.01)  Forward time: 0.14(0.14)  Batch time: 0.15(0.15)
2025-08-08 15:31:56,290   INFO  Train:  190/200 ( 95%) [  43/44 ( 98%)]  Loss: 0.1341 (0.114)  LR: 5.137e-05  Time cost: 00:06/00:00 [10:09/01:05]  Acc_iter 8360        Data time: 0.01(0.01)  Forward time: 0.13(0.14)  Batch time: 0.14(0.15)
2025-08-08 15:31:56,684   INFO  Train:  191/200 ( 96%) [   0/44 (  0%)]  Loss: 0.1017 (0.102)  LR: 5.114e-05  Time cost: 00:00/00:12 [10:09/02:01]  Acc_iter 8361        Data time: 0.10(0.10)  Forward time: 0.16(0.16)  Batch time: 0.27(0.27)
2025-08-08 15:32:02,405   INFO  Train:  191/200 ( 96%) [  39/44 ( 89%)]  Loss: 0.09785 (0.118)  LR: 4.252e-05  Time cost: 00:05/00:00 [10:15/01:00]  Acc_iter 8400        Data time: 0.01(0.01)  Forward time: 0.13(0.14)  Batch time: 0.14(0.15)
2025-08-08 15:32:02,604   INFO  user                                   Fri Aug  8 15:32:02 2025  535.183.01
[0] NVIDIA GeForce RTX 4060 Laptop GPU | 64°C,  95 % |  3600 /  8188 MB | user(3582M) gdm(4M) user(4M)

2025-08-08 15:32:03,186   INFO  Train:  191/200 ( 96%) [  43/44 ( 98%)]  Loss: 0.1569 (0.117)  LR: 4.168e-05  Time cost: 00:06/00:00 [10:16/01:01]  Acc_iter 8404        Data time: 0.01(0.02)  Forward time: 0.14(0.14)  Batch time: 0.15(0.15)
2025-08-08 15:32:03,568   INFO  Train:  192/200 ( 96%) [   0/44 (  0%)]  Loss: 0.09966 (0.0997)  LR: 4.147e-05  Time cost: 00:00/00:11 [10:16/01:44]  Acc_iter 8405        Data time: 0.10(0.10)  Forward time: 0.15(0.15)  Batch time: 0.25(0.25)
2025-08-08 15:32:09,888   INFO  Train:  192/200 ( 96%) [  43/44 ( 98%)]  Loss: 0.1236 (0.115)  LR: 3.299e-05  Time cost: 00:06/00:00 [10:23/00:52]  Acc_iter 8448        Data time: 0.01(0.01)  Forward time: 0.13(0.14)  Batch time: 0.14(0.15)
2025-08-08 15:32:10,262   INFO  Train:  193/200 ( 96%) [   0/44 (  0%)]  Loss: 0.1058 (0.106)  LR: 3.281e-05  Time cost: 00:00/00:11 [10:23/01:28]  Acc_iter 8449        Data time: 0.08(0.08)  Forward time: 0.16(0.16)  Batch time: 0.24(0.24)
2025-08-08 15:32:10,409   INFO  Train:  193/200 ( 96%) [   1/44 (  2%)]  Loss: 0.1059 (0.106)  LR: 3.262e-05  Time cost: 00:00/00:08 [10:23/01:10]  Acc_iter 8450        Data time: 0.01(0.05)  Forward time: 0.14(0.15)  Batch time: 0.15(0.19)
2025-08-08 15:32:16,548   INFO  Train:  193/200 ( 96%) [  43/44 ( 98%)]  Loss: 0.09220 (0.118)  LR: 2.531e-05  Time cost: 00:06/00:00 [10:29/00:45]  Acc_iter 8492        Data time: 0.01(0.01)  Forward time: 0.13(0.14)  Batch time: 0.14(0.15)
2025-08-08 15:32:16,946   INFO  Train:  194/200 ( 97%) [   0/44 (  0%)]  Loss: 0.1469 (0.147)  LR: 2.515e-05  Time cost: 00:00/00:12 [10:30/01:25]  Acc_iter 8493        Data time: 0.11(0.11)  Forward time: 0.16(0.16)  Batch time: 0.27(0.27)
2025-08-08 15:32:17,982   INFO  Train:  194/200 ( 97%) [   7/44 ( 16%)]  Loss: 0.1336 (0.121)  LR: 2.402e-05  Time cost: 00:01/00:06 [10:31/00:49]  Acc_iter 8500        Data time: 0.01(0.02)  Forward time: 0.14(0.14)  Batch time: 0.15(0.16)
2025-08-08 15:32:23,236   INFO  Train:  194/200 ( 97%) [  43/44 ( 98%)]  Loss: 0.1247 (0.119)  LR: 1.864e-05  Time cost: 00:06/00:00 [10:36/00:39]  Acc_iter 8536        Data time: 0.01(0.01)  Forward time: 0.13(0.14)  Batch time: 0.15(0.15)
2025-08-08 15:32:23,617   INFO  Train:  195/200 ( 98%) [   0/44 (  0%)]  Loss: 0.1282 (0.128)  LR: 1.850e-05  Time cost: 00:00/00:11 [10:36/01:08]  Acc_iter 8537        Data time: 0.09(0.09)  Forward time: 0.16(0.16)  Batch time: 0.25(0.25)
2025-08-08 15:32:25,522   INFO  Train:  195/200 ( 98%) [  13/44 ( 30%)]  Loss: 0.1072 (0.126)  LR: 1.673e-05  Time cost: 00:02/00:04 [10:38/00:38]  Acc_iter 8550        Data time: 0.01(0.02)  Forward time: 0.13(0.14)  Batch time: 0.15(0.15)
2025-08-08 15:32:25,709   INFO  user                                   Fri Aug  8 15:32:25 2025  535.183.01
[0] NVIDIA GeForce RTX 4060 Laptop GPU | 64°C,  96 % |  3600 /  8188 MB | user(3582M) gdm(4M) user(4M)

2025-08-08 15:32:30,105   INFO  Train:  195/200 ( 98%) [  43/44 ( 98%)]  Loss: 0.1524 (0.117)  LR: 1.298e-05  Time cost: 00:06/00:00 [10:43/00:33]  Acc_iter 8580        Data time: 0.01(0.02)  Forward time: 0.13(0.14)  Batch time: 0.14(0.15)
2025-08-08 15:32:30,502   INFO  Train:  196/200 ( 98%) [   0/44 (  0%)]  Loss: 0.1467 (0.147)  LR: 1.286e-05  Time cost: 00:00/00:12 [10:43/01:00]  Acc_iter 8581        Data time: 0.11(0.11)  Forward time: 0.15(0.15)  Batch time: 0.26(0.26)
2025-08-08 15:32:33,303   INFO  Train:  196/200 ( 98%) [  19/44 ( 43%)]  Loss: 0.1235 (0.121)  LR: 1.074e-05  Time cost: 00:03/00:03 [10:46/00:30]  Acc_iter 8600        Data time: 0.01(0.02)  Forward time: 0.13(0.14)  Batch time: 0.15(0.15)
2025-08-08 15:32:36,819   INFO  Train:  196/200 ( 98%) [  43/44 ( 98%)]  Loss: 0.1342 (0.122)  LR: 8.341e-06  Time cost: 00:06/00:00 [10:49/00:26]  Acc_iter 8624        Data time: 0.01(0.01)  Forward time: 0.13(0.14)  Batch time: 0.14(0.15)
2025-08-08 15:32:37,203   INFO  Train:  197/200 ( 98%) [   0/44 (  0%)]  Loss: 0.1163 (0.116)  LR: 8.247e-06  Time cost: 00:00/00:11 [10:50/00:45]  Acc_iter 8625        Data time: 0.09(0.09)  Forward time: 0.16(0.16)  Batch time: 0.25(0.25)
2025-08-08 15:32:40,900   INFO  Train:  197/200 ( 98%) [  25/44 ( 57%)]  Loss: 0.08867 (0.115)  LR: 6.080e-06  Time cost: 00:03/00:02 [10:54/00:22]  Acc_iter 8650        Data time: 0.01(0.01)  Forward time: 0.14(0.14)  Batch time: 0.15(0.15)
2025-08-08 15:32:43,517   INFO  Train:  197/200 ( 98%) [  43/44 ( 98%)]  Loss: 0.07674 (0.115)  LR: 4.724e-06  Time cost: 00:06/00:00 [10:56/00:19]  Acc_iter 8668        Data time: 0.01(0.01)  Forward time: 0.13(0.14)  Batch time: 0.14(0.15)
2025-08-08 15:32:43,892   INFO  Train:  198/200 ( 99%) [   0/44 (  0%)]  Loss: 0.05637 (0.0564)  LR: 4.654e-06  Time cost: 00:00/00:11 [10:57/00:33]  Acc_iter 8669        Data time: 0.08(0.08)  Forward time: 0.16(0.16)  Batch time: 0.24(0.24)
2025-08-08 15:32:48,471   INFO  Train:  198/200 ( 99%) [  31/44 ( 70%)]  Loss: 0.1086 (0.112)  LR: 2.738e-06  Time cost: 00:04/00:01 [11:01/00:15]  Acc_iter 8700        Data time: 0.01(0.01)  Forward time: 0.14(0.14)  Batch time: 0.15(0.15)
2025-08-08 15:32:48,717   INFO  user                                   Fri Aug  8 15:32:48 2025  535.183.01
[0] NVIDIA GeForce RTX 4060 Laptop GPU | 64°C,  78 % |  3600 /  8188 MB | user(3582M) gdm(4M) user(4M)

2025-08-08 15:32:50,461   INFO  Train:  198/200 ( 99%) [  43/44 ( 98%)]  Loss: 0.1128 (0.112)  LR: 2.133e-06  Time cost: 00:06/00:00 [11:03/00:13]  Acc_iter 8712        Data time: 0.01(0.02)  Forward time: 0.13(0.14)  Batch time: 0.14(0.15)
2025-08-08 15:32:50,859   INFO  Train:  199/200 (100%) [   0/44 (  0%)]  Loss: 0.09661 (0.0966)  LR: 2.086e-06  Time cost: 00:00/00:12 [11:04/00:24]  Acc_iter 8713        Data time: 0.11(0.11)  Forward time: 0.16(0.16)  Batch time: 0.26(0.26)
2025-08-08 15:32:56,268   INFO  Train:  199/200 (100%) [  37/44 ( 84%)]  Loss: 0.1080 (0.120)  LR: 7.206e-07  Time cost: 00:05/00:01 [11:09/00:07]  Acc_iter 8750        Data time: 0.01(0.01)  Forward time: 0.13(0.14)  Batch time: 0.15(0.15)
2025-08-08 15:32:57,136   INFO  Train:  199/200 (100%) [  43/44 ( 98%)]  Loss: 0.1316 (0.119)  LR: 5.676e-07  Time cost: 00:06/00:00 [11:10/00:06]  Acc_iter 8756        Data time: 0.01(0.01)  Forward time: 0.13(0.13)  Batch time: 0.15(0.15)
2025-08-08 15:32:57,530   INFO  Train:  200/200 (100%) [   0/44 (  0%)]  Loss: 0.1213 (0.121)  LR: 5.440e-07  Time cost: 00:00/00:12 [11:10/00:12]  Acc_iter 8757        Data time: 0.10(0.10)  Forward time: 0.16(0.16)  Batch time: 0.26(0.26)
2025-08-08 15:33:03,795   INFO  Train:  200/200 (100%) [  43/44 ( 98%)]  Loss: 0.1720 (0.114)  LR: 3.027e-08  Time cost: 00:06/00:00 [11:16/00:00]  Acc_iter 8800        Data time: 0.01(0.01)  Forward time: 0.13(0.13)  Batch time: 0.15(0.15)
2025-08-08 15:33:03,878   INFO  **********************End training kitti_models/pointpillar_custom(default)**********************



2025-08-08 15:33:03,878   INFO  **********************Start evaluation kitti_models/pointpillar_custom(default)**********************
2025-08-08 15:33:03,882   INFO  Loading Custom dataset.
2025-08-08 15:33:03,883   INFO  Total samples for CUSTOM dataset: 23
2025-08-08 15:33:03,885   INFO  ==> Loading parameters from checkpoint /home/user/ChangTing/Code/Openpcdet/OpenPCDet/output/kitti_models/pointpillar_custom/default/ckpt/checkpoint_epoch_200.pth to GPU
2025-08-08 15:33:03,907   INFO  ==> Checkpoint trained from version: pcdet+0.6.0+8caccce
2025-08-08 15:33:03,909   INFO  ==> Done (loaded 127/127)
2025-08-08 15:33:03,910   INFO  *************** EPOCH 200 EVALUATION *****************
2025-08-08 15:33:04,678   INFO  *************** Performance of EPOCH 200 *****************
2025-08-08 15:33:04,678   INFO  Generate label finished(sec_per_example: 0.0333 second).
2025-08-08 15:33:04,678   INFO  recall_roi_0.3: 0.000000
2025-08-08 15:33:04,678   INFO  recall_rcnn_0.3: 0.902857
2025-08-08 15:33:04,678   INFO  recall_roi_0.5: 0.000000
2025-08-08 15:33:04,678   INFO  recall_rcnn_0.5: 0.897143
2025-08-08 15:33:04,678   INFO  recall_roi_0.7: 0.000000
2025-08-08 15:33:04,678   INFO  recall_rcnn_0.7: 0.708571
2025-08-08 15:33:04,678   INFO  Average predicted number of objects(23 samples): 8.174
2025-08-08 15:33:08,475   INFO  Car AP@0.70, 0.70, 0.70:
bbox AP:0.0000, 0.0000, 0.0000
bev  AP:0.0000, 0.0000, 0.0000
3d   AP:0.0000, 0.0000, 0.0000
Car AP_R40@0.70, 0.70, 0.70:
bbox AP:0.0000, 0.0000, 0.0000
bev  AP:0.0000, 0.0000, 0.0000
3d   AP:0.0000, 0.0000, 0.0000
Car AP@0.70, 0.50, 0.50:
bbox AP:0.0000, 0.0000, 0.0000
bev  AP:0.0000, 0.0000, 0.0000
3d   AP:0.0000, 0.0000, 0.0000
Car AP_R40@0.70, 0.50, 0.50:
bbox AP:0.0000, 0.0000, 0.0000
bev  AP:0.0000, 0.0000, 0.0000
3d   AP:0.0000, 0.0000, 0.0000
Bus AP@0.70, 0.70, 0.70:
bbox AP:0.0000, 0.0000, 0.0000
bev  AP:0.0000, 0.0000, 0.0000
3d   AP:0.0000, 0.0000, 0.0000
Bus AP_R40@0.70, 0.70, 0.70:
bbox AP:0.0000, 0.0000, 0.0000
bev  AP:0.0000, 0.0000, 0.0000
3d   AP:0.0000, 0.0000, 0.0000
Bus AP@0.70, 0.50, 0.50:
bbox AP:0.0000, 0.0000, 0.0000
bev  AP:0.0000, 0.0000, 0.0000
3d   AP:0.0000, 0.0000, 0.0000
Bus AP_R40@0.70, 0.50, 0.50:
bbox AP:0.0000, 0.0000, 0.0000
bev  AP:0.0000, 0.0000, 0.0000
3d   AP:0.0000, 0.0000, 0.0000
Pedestrian AP@0.50, 0.50, 0.50:
bbox AP:0.0000, 0.0000, 0.0000
bev  AP:0.0000, 0.0000, 0.0000
3d   AP:0.0000, 0.0000, 0.0000
Pedestrian AP_R40@0.50, 0.50, 0.50:
bbox AP:0.0000, 0.0000, 0.0000
bev  AP:0.0000, 0.0000, 0.0000
3d   AP:0.0000, 0.0000, 0.0000
Pedestrian AP@0.50, 0.25, 0.25:
bbox AP:0.0000, 0.0000, 0.0000
bev  AP:0.0000, 0.0000, 0.0000
3d   AP:0.0000, 0.0000, 0.0000
Pedestrian AP_R40@0.50, 0.25, 0.25:
bbox AP:0.0000, 0.0000, 0.0000
bev  AP:0.0000, 0.0000, 0.0000
3d   AP:0.0000, 0.0000, 0.0000
Motorcycle AP@0.70, 0.70, 0.70:
bbox AP:0.0000, 0.0000, 0.0000
bev  AP:0.0000, 0.0000, 0.0000
3d   AP:0.0000, 0.0000, 0.0000
Motorcycle AP_R40@0.70, 0.70, 0.70:
bbox AP:0.0000, 0.0000, 0.0000
bev  AP:0.0000, 0.0000, 0.0000
3d   AP:0.0000, 0.0000, 0.0000
Motorcycle AP@0.50, 0.50, 0.50:
bbox AP:0.0000, 0.0000, 0.0000
bev  AP:0.0000, 0.0000, 0.0000
3d   AP:0.0000, 0.0000, 0.0000
Motorcycle AP_R40@0.50, 0.50, 0.50:
bbox AP:0.0000, 0.0000, 0.0000
bev  AP:0.0000, 0.0000, 0.0000
3d   AP:0.0000, 0.0000, 0.0000

2025-08-08 15:33:08,475   INFO  Result is saved to /home/user/ChangTing/Code/Openpcdet/OpenPCDet/output/kitti_models/pointpillar_custom/default/eval/eval_with_train/epoch_200/val
2025-08-08 15:33:08,475   INFO  ****************Evaluation done.*****************
2025-08-08 15:33:08,479   INFO  Epoch 200 has been evaluated
2025-08-08 15:33:38,506   INFO  **********************End evaluation kitti_models/pointpillar_custom(default)**********************
