2024-11-08 17:51:39,132   INFO  **********************Start logging**********************
2024-11-08 17:51:39,132   INFO  CUDA_VISIBLE_DEVICES=0
2024-11-08 17:51:39,132   INFO  Training with a single process
2024-11-08 17:51:39,132   INFO  cfg_file         cfgs/kitti_models/pointpillar.yaml
2024-11-08 17:51:39,132   INFO  batch_size       4
2024-11-08 17:51:39,132   INFO  epochs           1
2024-11-08 17:51:39,132   INFO  workers          4
2024-11-08 17:51:39,132   INFO  extra_tag        default
2024-11-08 17:51:39,132   INFO  ckpt             None
2024-11-08 17:51:39,132   INFO  pretrained_model None
2024-11-08 17:51:39,132   INFO  launcher         none
2024-11-08 17:51:39,132   INFO  tcp_port         18888
2024-11-08 17:51:39,132   INFO  sync_bn          False
2024-11-08 17:51:39,132   INFO  fix_random_seed  False
2024-11-08 17:51:39,132   INFO  ckpt_save_interval 1
2024-11-08 17:51:39,132   INFO  local_rank       None
2024-11-08 17:51:39,132   INFO  max_ckpt_save_num 30
2024-11-08 17:51:39,132   INFO  merge_all_iters_to_one_epoch False
2024-11-08 17:51:39,132   INFO  set_cfgs         None
2024-11-08 17:51:39,132   INFO  max_waiting_mins 0
2024-11-08 17:51:39,132   INFO  start_epoch      0
2024-11-08 17:51:39,132   INFO  num_epochs_to_eval 0
2024-11-08 17:51:39,132   INFO  save_to_file     False
2024-11-08 17:51:39,132   INFO  use_tqdm_to_record False
2024-11-08 17:51:39,132   INFO  logger_iter_interval 50
2024-11-08 17:51:39,132   INFO  ckpt_save_time_interval 300
2024-11-08 17:51:39,132   INFO  wo_gpu_stat      False
2024-11-08 17:51:39,132   INFO  use_amp          False
2024-11-08 17:51:39,132   INFO  cfg.ROOT_DIR: /home/user/ChangTing/Code/Openpcdet/OpenPCDet
2024-11-08 17:51:39,132   INFO  cfg.LOCAL_RANK: 0
2024-11-08 17:51:39,132   INFO  cfg.CLASS_NAMES: ['Car', 'Pedestrian', 'Cyclist']
2024-11-08 17:51:39,132   INFO  ----------- DATA_CONFIG -----------
2024-11-08 17:51:39,132   INFO  cfg.DATA_CONFIG.DATASET: KittiDataset
2024-11-08 17:51:39,132   INFO  cfg.DATA_CONFIG.DATA_PATH: ../data/kitti
2024-11-08 17:51:39,132   INFO  cfg.DATA_CONFIG.POINT_CLOUD_RANGE: [0, -39.68, -3, 69.12, 39.68, 1]
2024-11-08 17:51:39,132   INFO  ----------- DATA_SPLIT -----------
2024-11-08 17:51:39,132   INFO  cfg.DATA_CONFIG.DATA_SPLIT.train: train
2024-11-08 17:51:39,132   INFO  cfg.DATA_CONFIG.DATA_SPLIT.test: val
2024-11-08 17:51:39,132   INFO  ----------- INFO_PATH -----------
2024-11-08 17:51:39,132   INFO  cfg.DATA_CONFIG.INFO_PATH.train: ['kitti_infos_train.pkl']
2024-11-08 17:51:39,132   INFO  cfg.DATA_CONFIG.INFO_PATH.test: ['kitti_infos_val.pkl']
2024-11-08 17:51:39,132   INFO  cfg.DATA_CONFIG.GET_ITEM_LIST: ['points']
2024-11-08 17:51:39,132   INFO  cfg.DATA_CONFIG.FOV_POINTS_ONLY: True
2024-11-08 17:51:39,132   INFO  ----------- DATA_AUGMENTOR -----------
2024-11-08 17:51:39,132   INFO  cfg.DATA_CONFIG.DATA_AUGMENTOR.DISABLE_AUG_LIST: ['placeholder']
2024-11-08 17:51:39,132   INFO  cfg.DATA_CONFIG.DATA_AUGMENTOR.AUG_CONFIG_LIST: [{'NAME': 'gt_sampling', 'USE_ROAD_PLANE': False, 'DB_INFO_PATH': ['kitti_dbinfos_train.pkl'], 'PREPARE': {'filter_by_min_points': ['Car:5', 'Pedestrian:5', 'Cyclist:5'], 'filter_by_difficulty': [-1]}, 'SAMPLE_GROUPS': ['Car:15', 'Pedestrian:15', 'Cyclist:15'], 'NUM_POINT_FEATURES': 4, 'DATABASE_WITH_FAKELIDAR': False, 'REMOVE_EXTRA_WIDTH': [0.0, 0.0, 0.0], 'LIMIT_WHOLE_SCENE': False}, {'NAME': 'random_world_flip', 'ALONG_AXIS_LIST': ['x']}, {'NAME': 'random_world_rotation', 'WORLD_ROT_ANGLE': [-0.78539816, 0.78539816]}, {'NAME': 'random_world_scaling', 'WORLD_SCALE_RANGE': [0.95, 1.05]}]
2024-11-08 17:51:39,132   INFO  ----------- POINT_FEATURE_ENCODING -----------
2024-11-08 17:51:39,132   INFO  cfg.DATA_CONFIG.POINT_FEATURE_ENCODING.encoding_type: absolute_coordinates_encoding
2024-11-08 17:51:39,132   INFO  cfg.DATA_CONFIG.POINT_FEATURE_ENCODING.used_feature_list: ['x', 'y', 'z', 'intensity']
2024-11-08 17:51:39,132   INFO  cfg.DATA_CONFIG.POINT_FEATURE_ENCODING.src_feature_list: ['x', 'y', 'z', 'intensity']
2024-11-08 17:51:39,132   INFO  cfg.DATA_CONFIG.DATA_PROCESSOR: [{'NAME': 'mask_points_and_boxes_outside_range', 'REMOVE_OUTSIDE_BOXES': True}, {'NAME': 'shuffle_points', 'SHUFFLE_ENABLED': {'train': True, 'test': False}}, {'NAME': 'transform_points_to_voxels', 'VOXEL_SIZE': [0.16, 0.16, 4], 'MAX_POINTS_PER_VOXEL': 32, 'MAX_NUMBER_OF_VOXELS': {'train': 16000, 'test': 40000}}]
2024-11-08 17:51:39,132   INFO  cfg.DATA_CONFIG._BASE_CONFIG_: cfgs/dataset_configs/kitti_dataset.yaml
2024-11-08 17:51:39,132   INFO  ----------- MODEL -----------
2024-11-08 17:51:39,132   INFO  cfg.MODEL.NAME: PointPillar
2024-11-08 17:51:39,132   INFO  ----------- VFE -----------
2024-11-08 17:51:39,132   INFO  cfg.MODEL.VFE.NAME: PillarVFE
2024-11-08 17:51:39,132   INFO  cfg.MODEL.VFE.WITH_DISTANCE: False
2024-11-08 17:51:39,132   INFO  cfg.MODEL.VFE.USE_ABSLOTE_XYZ: True
2024-11-08 17:51:39,132   INFO  cfg.MODEL.VFE.USE_NORM: True
2024-11-08 17:51:39,132   INFO  cfg.MODEL.VFE.NUM_FILTERS: [64]
2024-11-08 17:51:39,132   INFO  ----------- MAP_TO_BEV -----------
2024-11-08 17:51:39,132   INFO  cfg.MODEL.MAP_TO_BEV.NAME: PointPillarScatter
2024-11-08 17:51:39,132   INFO  cfg.MODEL.MAP_TO_BEV.NUM_BEV_FEATURES: 64
2024-11-08 17:51:39,132   INFO  ----------- BACKBONE_2D -----------
2024-11-08 17:51:39,132   INFO  cfg.MODEL.BACKBONE_2D.NAME: BaseBEVBackbone
2024-11-08 17:51:39,132   INFO  cfg.MODEL.BACKBONE_2D.LAYER_NUMS: [3, 5, 5]
2024-11-08 17:51:39,132   INFO  cfg.MODEL.BACKBONE_2D.LAYER_STRIDES: [2, 2, 2]
2024-11-08 17:51:39,132   INFO  cfg.MODEL.BACKBONE_2D.NUM_FILTERS: [64, 128, 256]
2024-11-08 17:51:39,133   INFO  cfg.MODEL.BACKBONE_2D.UPSAMPLE_STRIDES: [1, 2, 4]
2024-11-08 17:51:39,133   INFO  cfg.MODEL.BACKBONE_2D.NUM_UPSAMPLE_FILTERS: [128, 128, 128]
2024-11-08 17:51:39,133   INFO  ----------- DENSE_HEAD -----------
2024-11-08 17:51:39,133   INFO  cfg.MODEL.DENSE_HEAD.NAME: AnchorHeadSingle
2024-11-08 17:51:39,133   INFO  cfg.MODEL.DENSE_HEAD.CLASS_AGNOSTIC: False
2024-11-08 17:51:39,133   INFO  cfg.MODEL.DENSE_HEAD.USE_DIRECTION_CLASSIFIER: True
2024-11-08 17:51:39,133   INFO  cfg.MODEL.DENSE_HEAD.DIR_OFFSET: 0.78539
2024-11-08 17:51:39,133   INFO  cfg.MODEL.DENSE_HEAD.DIR_LIMIT_OFFSET: 0.0
2024-11-08 17:51:39,133   INFO  cfg.MODEL.DENSE_HEAD.NUM_DIR_BINS: 2
2024-11-08 17:51:39,133   INFO  cfg.MODEL.DENSE_HEAD.ANCHOR_GENERATOR_CONFIG: [{'class_name': 'Car', 'anchor_sizes': [[3.9, 1.6, 1.56]], 'anchor_rotations': [0, 1.57], 'anchor_bottom_heights': [-1.78], 'align_center': False, 'feature_map_stride': 2, 'matched_threshold': 0.6, 'unmatched_threshold': 0.45}, {'class_name': 'Pedestrian', 'anchor_sizes': [[0.8, 0.6, 1.73]], 'anchor_rotations': [0, 1.57], 'anchor_bottom_heights': [-0.6], 'align_center': False, 'feature_map_stride': 2, 'matched_threshold': 0.5, 'unmatched_threshold': 0.35}, {'class_name': 'Cyclist', 'anchor_sizes': [[1.76, 0.6, 1.73]], 'anchor_rotations': [0, 1.57], 'anchor_bottom_heights': [-0.6], 'align_center': False, 'feature_map_stride': 2, 'matched_threshold': 0.5, 'unmatched_threshold': 0.35}]
2024-11-08 17:51:39,133   INFO  ----------- TARGET_ASSIGNER_CONFIG -----------
2024-11-08 17:51:39,133   INFO  cfg.MODEL.DENSE_HEAD.TARGET_ASSIGNER_CONFIG.NAME: AxisAlignedTargetAssigner
2024-11-08 17:51:39,133   INFO  cfg.MODEL.DENSE_HEAD.TARGET_ASSIGNER_CONFIG.POS_FRACTION: -1.0
2024-11-08 17:51:39,133   INFO  cfg.MODEL.DENSE_HEAD.TARGET_ASSIGNER_CONFIG.SAMPLE_SIZE: 512
2024-11-08 17:51:39,133   INFO  cfg.MODEL.DENSE_HEAD.TARGET_ASSIGNER_CONFIG.NORM_BY_NUM_EXAMPLES: False
2024-11-08 17:51:39,133   INFO  cfg.MODEL.DENSE_HEAD.TARGET_ASSIGNER_CONFIG.MATCH_HEIGHT: False
2024-11-08 17:51:39,133   INFO  cfg.MODEL.DENSE_HEAD.TARGET_ASSIGNER_CONFIG.BOX_CODER: ResidualCoder
2024-11-08 17:51:39,133   INFO  ----------- LOSS_CONFIG -----------
2024-11-08 17:51:39,133   INFO  ----------- LOSS_WEIGHTS -----------
2024-11-08 17:51:39,133   INFO  cfg.MODEL.DENSE_HEAD.LOSS_CONFIG.LOSS_WEIGHTS.cls_weight: 1.0
2024-11-08 17:51:39,133   INFO  cfg.MODEL.DENSE_HEAD.LOSS_CONFIG.LOSS_WEIGHTS.loc_weight: 2.0
2024-11-08 17:51:39,133   INFO  cfg.MODEL.DENSE_HEAD.LOSS_CONFIG.LOSS_WEIGHTS.dir_weight: 0.2
2024-11-08 17:51:39,133   INFO  cfg.MODEL.DENSE_HEAD.LOSS_CONFIG.LOSS_WEIGHTS.code_weights: [1.0, 1.0, 1.0, 1.0, 1.0, 1.0, 1.0]
2024-11-08 17:51:39,133   INFO  ----------- POST_PROCESSING -----------
2024-11-08 17:51:39,133   INFO  cfg.MODEL.POST_PROCESSING.RECALL_THRESH_LIST: [0.3, 0.5, 0.7]
2024-11-08 17:51:39,133   INFO  cfg.MODEL.POST_PROCESSING.SCORE_THRESH: 0.1
2024-11-08 17:51:39,133   INFO  cfg.MODEL.POST_PROCESSING.OUTPUT_RAW_SCORE: False
2024-11-08 17:51:39,133   INFO  cfg.MODEL.POST_PROCESSING.EVAL_METRIC: kitti
2024-11-08 17:51:39,133   INFO  ----------- NMS_CONFIG -----------
2024-11-08 17:51:39,133   INFO  cfg.MODEL.POST_PROCESSING.NMS_CONFIG.MULTI_CLASSES_NMS: False
2024-11-08 17:51:39,133   INFO  cfg.MODEL.POST_PROCESSING.NMS_CONFIG.NMS_TYPE: nms_gpu
2024-11-08 17:51:39,133   INFO  cfg.MODEL.POST_PROCESSING.NMS_CONFIG.NMS_THRESH: 0.01
2024-11-08 17:51:39,133   INFO  cfg.MODEL.POST_PROCESSING.NMS_CONFIG.NMS_PRE_MAXSIZE: 4096
2024-11-08 17:51:39,133   INFO  cfg.MODEL.POST_PROCESSING.NMS_CONFIG.NMS_POST_MAXSIZE: 500
2024-11-08 17:51:39,133   INFO  ----------- OPTIMIZATION -----------
2024-11-08 17:51:39,133   INFO  cfg.OPTIMIZATION.BATCH_SIZE_PER_GPU: 4
2024-11-08 17:51:39,133   INFO  cfg.OPTIMIZATION.NUM_EPOCHS: 80
2024-11-08 17:51:39,133   INFO  cfg.OPTIMIZATION.OPTIMIZER: adam_onecycle
2024-11-08 17:51:39,133   INFO  cfg.OPTIMIZATION.LR: 0.003
2024-11-08 17:51:39,133   INFO  cfg.OPTIMIZATION.WEIGHT_DECAY: 0.01
2024-11-08 17:51:39,133   INFO  cfg.OPTIMIZATION.MOMENTUM: 0.9
2024-11-08 17:51:39,133   INFO  cfg.OPTIMIZATION.MOMS: [0.95, 0.85]
2024-11-08 17:51:39,133   INFO  cfg.OPTIMIZATION.PCT_START: 0.4
2024-11-08 17:51:39,133   INFO  cfg.OPTIMIZATION.DIV_FACTOR: 10
2024-11-08 17:51:39,133   INFO  cfg.OPTIMIZATION.DECAY_STEP_LIST: [35, 45]
2024-11-08 17:51:39,133   INFO  cfg.OPTIMIZATION.LR_DECAY: 0.1
2024-11-08 17:51:39,133   INFO  cfg.OPTIMIZATION.LR_CLIP: 1e-07
2024-11-08 17:51:39,133   INFO  cfg.OPTIMIZATION.LR_WARMUP: False
2024-11-08 17:51:39,133   INFO  cfg.OPTIMIZATION.WARMUP_EPOCH: 1
2024-11-08 17:51:39,133   INFO  cfg.OPTIMIZATION.GRAD_NORM_CLIP: 10
2024-11-08 17:51:39,133   INFO  cfg.TAG: pointpillar
2024-11-08 17:51:39,133   INFO  cfg.EXP_GROUP_PATH: kitti_models
2024-11-08 17:51:39,138   INFO  ----------- Create dataloader & network & optimizer -----------
2024-11-08 17:51:39,195   INFO  Database filter by min points Car: 14357 => 13532
2024-11-08 17:51:39,195   INFO  Database filter by min points Pedestrian: 2207 => 2168
2024-11-08 17:51:39,196   INFO  Database filter by min points Cyclist: 734 => 705
2024-11-08 17:51:39,204   INFO  Database filter by difficulty Car: 13532 => 10759
2024-11-08 17:51:39,205   INFO  Database filter by difficulty Pedestrian: 2168 => 2075
2024-11-08 17:51:39,206   INFO  Database filter by difficulty Cyclist: 705 => 581
2024-11-08 17:51:39,208   INFO  Loading KITTI dataset
2024-11-08 17:51:39,261   INFO  Total samples for KITTI dataset: 3712
2024-11-08 17:51:39,408   INFO  ----------- Model PointPillar created, param count: 4834888 -----------
2024-11-08 17:51:39,408   INFO  PointPillar(
  (vfe): PillarVFE(
    (pfn_layers): ModuleList(
      (0): PFNLayer(
        (linear): Linear(in_features=10, out_features=64, bias=False)
        (norm): BatchNorm1d(64, eps=0.001, momentum=0.01, affine=True, track_running_stats=True)
      )
    )
  )
  (backbone_3d): None
  (map_to_bev_module): PointPillarScatter()
  (pfe): None
  (backbone_2d): BaseBEVBackbone(
    (blocks): ModuleList(
      (0): Sequential(
        (0): ZeroPad2d((1, 1, 1, 1))
        (1): Conv2d(64, 64, kernel_size=(3, 3), stride=(2, 2), bias=False)
        (2): BatchNorm2d(64, eps=0.001, momentum=0.01, affine=True, track_running_stats=True)
        (3): ReLU()
        (4): Conv2d(64, 64, kernel_size=(3, 3), stride=(1, 1), padding=(1, 1), bias=False)
        (5): BatchNorm2d(64, eps=0.001, momentum=0.01, affine=True, track_running_stats=True)
        (6): ReLU()
        (7): Conv2d(64, 64, kernel_size=(3, 3), stride=(1, 1), padding=(1, 1), bias=False)
        (8): BatchNorm2d(64, eps=0.001, momentum=0.01, affine=True, track_running_stats=True)
        (9): ReLU()
        (10): Conv2d(64, 64, kernel_size=(3, 3), stride=(1, 1), padding=(1, 1), bias=False)
        (11): BatchNorm2d(64, eps=0.001, momentum=0.01, affine=True, track_running_stats=True)
        (12): ReLU()
      )
      (1): Sequential(
        (0): ZeroPad2d((1, 1, 1, 1))
        (1): Conv2d(64, 128, kernel_size=(3, 3), stride=(2, 2), bias=False)
        (2): BatchNorm2d(128, eps=0.001, momentum=0.01, affine=True, track_running_stats=True)
        (3): ReLU()
        (4): Conv2d(128, 128, kernel_size=(3, 3), stride=(1, 1), padding=(1, 1), bias=False)
        (5): BatchNorm2d(128, eps=0.001, momentum=0.01, affine=True, track_running_stats=True)
        (6): ReLU()
        (7): Conv2d(128, 128, kernel_size=(3, 3), stride=(1, 1), padding=(1, 1), bias=False)
        (8): BatchNorm2d(128, eps=0.001, momentum=0.01, affine=True, track_running_stats=True)
        (9): ReLU()
        (10): Conv2d(128, 128, kernel_size=(3, 3), stride=(1, 1), padding=(1, 1), bias=False)
        (11): BatchNorm2d(128, eps=0.001, momentum=0.01, affine=True, track_running_stats=True)
        (12): ReLU()
        (13): Conv2d(128, 128, kernel_size=(3, 3), stride=(1, 1), padding=(1, 1), bias=False)
        (14): BatchNorm2d(128, eps=0.001, momentum=0.01, affine=True, track_running_stats=True)
        (15): ReLU()
        (16): Conv2d(128, 128, kernel_size=(3, 3), stride=(1, 1), padding=(1, 1), bias=False)
        (17): BatchNorm2d(128, eps=0.001, momentum=0.01, affine=True, track_running_stats=True)
        (18): ReLU()
      )
      (2): Sequential(
        (0): ZeroPad2d((1, 1, 1, 1))
        (1): Conv2d(128, 256, kernel_size=(3, 3), stride=(2, 2), bias=False)
        (2): BatchNorm2d(256, eps=0.001, momentum=0.01, affine=True, track_running_stats=True)
        (3): ReLU()
        (4): Conv2d(256, 256, kernel_size=(3, 3), stride=(1, 1), padding=(1, 1), bias=False)
        (5): BatchNorm2d(256, eps=0.001, momentum=0.01, affine=True, track_running_stats=True)
        (6): ReLU()
        (7): Conv2d(256, 256, kernel_size=(3, 3), stride=(1, 1), padding=(1, 1), bias=False)
        (8): BatchNorm2d(256, eps=0.001, momentum=0.01, affine=True, track_running_stats=True)
        (9): ReLU()
        (10): Conv2d(256, 256, kernel_size=(3, 3), stride=(1, 1), padding=(1, 1), bias=False)
        (11): BatchNorm2d(256, eps=0.001, momentum=0.01, affine=True, track_running_stats=True)
        (12): ReLU()
        (13): Conv2d(256, 256, kernel_size=(3, 3), stride=(1, 1), padding=(1, 1), bias=False)
        (14): BatchNorm2d(256, eps=0.001, momentum=0.01, affine=True, track_running_stats=True)
        (15): ReLU()
        (16): Conv2d(256, 256, kernel_size=(3, 3), stride=(1, 1), padding=(1, 1), bias=False)
        (17): BatchNorm2d(256, eps=0.001, momentum=0.01, affine=True, track_running_stats=True)
        (18): ReLU()
      )
    )
    (deblocks): ModuleList(
      (0): Sequential(
        (0): ConvTranspose2d(64, 128, kernel_size=(1, 1), stride=(1, 1), bias=False)
        (1): BatchNorm2d(128, eps=0.001, momentum=0.01, affine=True, track_running_stats=True)
        (2): ReLU()
      )
      (1): Sequential(
        (0): ConvTranspose2d(128, 128, kernel_size=(2, 2), stride=(2, 2), bias=False)
        (1): BatchNorm2d(128, eps=0.001, momentum=0.01, affine=True, track_running_stats=True)
        (2): ReLU()
      )
      (2): Sequential(
        (0): ConvTranspose2d(256, 128, kernel_size=(4, 4), stride=(4, 4), bias=False)
        (1): BatchNorm2d(128, eps=0.001, momentum=0.01, affine=True, track_running_stats=True)
        (2): ReLU()
      )
    )
  )
  (dense_head): AnchorHeadSingle(
    (cls_loss_func): SigmoidFocalClassificationLoss()
    (reg_loss_func): WeightedSmoothL1Loss()
    (dir_loss_func): WeightedCrossEntropyLoss()
    (conv_cls): Conv2d(384, 18, kernel_size=(1, 1), stride=(1, 1))
    (conv_box): Conv2d(384, 42, kernel_size=(1, 1), stride=(1, 1))
    (conv_dir_cls): Conv2d(384, 12, kernel_size=(1, 1), stride=(1, 1))
  )
  (point_head): None
  (roi_head): None
)
2024-11-08 17:51:39,408   INFO  **********************Start training kitti_models/pointpillar(default)**********************
2024-11-08 17:51:40,584   INFO  Train:    1/1 (100%) [   0/928 (  0%)]  Loss: 2.912 (2.91)  LR: 3.000e-04  Time cost: 00:01/15:56 [00:01/15:56]  Acc_iter 1           Data time: 0.21(0.21)  Forward time: 0.82(0.82)  Batch time: 1.03(1.03)
2024-11-08 17:51:52,496   INFO  Train:    1/1 (100%) [  49/928 (  5%)]  Loss: 1.737 (2.11)  LR: 4.146e-04  Time cost: 00:12/03:47 [00:13/03:47]  Acc_iter 50          Data time: 0.01(0.02)  Forward time: 0.25(0.24)  Batch time: 0.26(0.26)
2024-11-08 17:52:04,639   INFO  Train:    1/1 (100%) [  99/928 ( 11%)]  Loss: 1.544 (1.88)  LR: 7.472e-04  Time cost: 00:25/03:27 [00:25/03:27]  Acc_iter 100         Data time: 0.01(0.02)  Forward time: 0.22(0.24)  Batch time: 0.24(0.25)
2024-11-08 17:52:16,700   INFO  Train:    1/1 (100%) [ 149/928 ( 16%)]  Loss: 1.535 (1.78)  LR: 1.239e-03  Time cost: 00:37/03:12 [00:37/03:12]  Acc_iter 150         Data time: 0.01(0.01)  Forward time: 0.22(0.23)  Batch time: 0.24(0.25)
2024-11-08 17:52:16,939   INFO  user                                   Fri Nov  8 17:52:16 2024  535.183.01
[0] NVIDIA GeForce RTX 4060 Laptop GPU | 65°C,  58 % |  5744 /  8188 MB | user(5726M) gdm(4M) user(4M)

2024-11-08 17:52:28,921   INFO  Train:    1/1 (100%) [ 199/928 ( 21%)]  Loss: 1.377 (1.71)  LR: 1.804e-03  Time cost: 00:49/02:59 [00:49/02:59]  Acc_iter 200         Data time: 0.02(0.02)  Forward time: 0.23(0.23)  Batch time: 0.24(0.25)
2024-11-08 17:52:40,894   INFO  Train:    1/1 (100%) [ 249/928 ( 27%)]  Loss: 1.597 (1.65)  LR: 2.341e-03  Time cost: 01:01/02:46 [01:01/02:46]  Acc_iter 250         Data time: 0.01(0.02)  Forward time: 0.22(0.23)  Batch time: 0.24(0.25)
2024-11-08 17:52:52,911   INFO  Train:    1/1 (100%) [ 299/928 ( 32%)]  Loss: 1.283 (1.61)  LR: 2.757e-03  Time cost: 01:13/02:33 [01:13/02:33]  Acc_iter 300         Data time: 0.02(0.01)  Forward time: 0.23(0.23)  Batch time: 0.24(0.24)
2024-11-08 17:52:53,156   INFO  user                                   Fri Nov  8 17:52:53 2024  535.183.01
[0] NVIDIA GeForce RTX 4060 Laptop GPU | 65°C,  70 % |  5744 /  8188 MB | user(5726M) gdm(4M) user(4M)

2024-11-08 17:53:05,102   INFO  Train:    1/1 (100%) [ 349/928 ( 38%)]  Loss: 1.433 (1.58)  LR: 2.977e-03  Time cost: 01:25/02:21 [01:25/02:21]  Acc_iter 350         Data time: 0.01(0.02)  Forward time: 0.23(0.23)  Batch time: 0.24(0.24)
2024-11-08 17:53:17,008   INFO  Train:    1/1 (100%) [ 399/928 ( 43%)]  Loss: 1.350 (1.55)  LR: 2.981e-03  Time cost: 01:37/02:08 [01:37/02:08]  Acc_iter 400         Data time: 0.01(0.02)  Forward time: 0.22(0.23)  Batch time: 0.24(0.24)
2024-11-08 17:53:28,864   INFO  Train:    1/1 (100%) [ 449/928 ( 48%)]  Loss: 1.115 (1.51)  LR: 2.857e-03  Time cost: 01:49/01:56 [01:49/01:56]  Acc_iter 450         Data time: 0.01(0.01)  Forward time: 0.23(0.23)  Batch time: 0.24(0.24)
2024-11-08 17:53:29,082   INFO  user                                   Fri Nov  8 17:53:29 2024  535.183.01
[0] NVIDIA GeForce RTX 4060 Laptop GPU | 64°C,  94 % |  5744 /  8188 MB | user(5726M) gdm(4M) user(4M)

2024-11-08 17:53:41,018   INFO  Train:    1/1 (100%) [ 499/928 ( 54%)]  Loss: 1.058 (1.48)  LR: 2.626e-03  Time cost: 02:01/01:44 [02:01/01:44]  Acc_iter 500         Data time: 0.01(0.02)  Forward time: 0.23(0.23)  Batch time: 0.24(0.24)
2024-11-08 17:53:52,924   INFO  Train:    1/1 (100%) [ 549/928 ( 59%)]  Loss: 1.114 (1.45)  LR: 2.305e-03  Time cost: 02:13/01:31 [02:13/01:31]  Acc_iter 550         Data time: 0.01(0.01)  Forward time: 0.23(0.23)  Batch time: 0.24(0.24)
2024-11-08 17:54:04,869   INFO  Train:    1/1 (100%) [ 599/928 ( 65%)]  Loss: 1.010 (1.42)  LR: 1.922e-03  Time cost: 02:25/01:19 [02:25/01:19]  Acc_iter 600         Data time: 0.01(0.01)  Forward time: 0.22(0.23)  Batch time: 0.24(0.24)
2024-11-08 17:54:05,067   INFO  user                                   Fri Nov  8 17:54:05 2024  535.183.01
[0] NVIDIA GeForce RTX 4060 Laptop GPU | 64°C,  95 % |  5746 /  8188 MB | user(5728M) gdm(4M) user(4M)

2024-11-08 17:54:16,981   INFO  Train:    1/1 (100%) [ 649/928 ( 70%)]  Loss: 0.9732 (1.39)  LR: 1.504e-03  Time cost: 02:37/01:07 [02:37/01:07]  Acc_iter 650         Data time: 0.01(0.01)  Forward time: 0.23(0.23)  Batch time: 0.24(0.24)
2024-11-08 17:54:28,896   INFO  Train:    1/1 (100%) [ 699/928 ( 75%)]  Loss: 0.9738 (1.37)  LR: 1.087e-03  Time cost: 02:49/00:55 [02:49/00:55]  Acc_iter 700         Data time: 0.01(0.01)  Forward time: 0.22(0.23)  Batch time: 0.24(0.24)
2024-11-08 17:54:40,828   INFO  Train:    1/1 (100%) [ 749/928 ( 81%)]  Loss: 1.043 (1.34)  LR: 7.017e-04  Time cost: 03:01/00:43 [03:01/00:43]  Acc_iter 750         Data time: 0.01(0.01)  Forward time: 0.23(0.23)  Batch time: 0.24(0.24)
2024-11-08 17:54:41,022   INFO  user                                   Fri Nov  8 17:54:41 2024  535.183.01
[0] NVIDIA GeForce RTX 4060 Laptop GPU | 64°C,  95 % |  5746 /  8188 MB | user(5728M) gdm(4M) user(4M)

2024-11-08 17:54:52,991   INFO  Train:    1/1 (100%) [ 799/928 ( 86%)]  Loss: 0.9109 (1.31)  LR: 3.799e-04  Time cost: 03:13/00:31 [03:13/00:31]  Acc_iter 800         Data time: 0.01(0.01)  Forward time: 0.23(0.23)  Batch time: 0.24(0.24)
2024-11-08 17:55:04,940   INFO  Train:    1/1 (100%) [ 849/928 ( 91%)]  Loss: 0.8165 (1.29)  LR: 1.465e-04  Time cost: 03:25/00:19 [03:25/00:19]  Acc_iter 850         Data time: 0.01(0.01)  Forward time: 0.22(0.23)  Batch time: 0.24(0.24)
2024-11-08 17:55:16,886   INFO  Train:    1/1 (100%) [ 899/928 ( 97%)]  Loss: 0.9540 (1.27)  LR: 2.005e-05  Time cost: 03:37/00:07 [03:37/00:07]  Acc_iter 900         Data time: 0.01(0.01)  Forward time: 0.22(0.23)  Batch time: 0.23(0.24)
2024-11-08 17:55:17,080   INFO  user                                   Fri Nov  8 17:55:17 2024  535.183.01
[0] NVIDIA GeForce RTX 4060 Laptop GPU | 63°C,  78 % |  5746 /  8188 MB | user(5728M) gdm(4M) user(4M)

2024-11-08 17:55:23,724   INFO  Train:    1/1 (100%) [ 927/928 (100%)]  Loss: 0.9133 (1.26)  LR: 5.386e-08  Time cost: 03:44/00:00 [03:44/00:00]  Acc_iter 928         Data time: 0.01(0.01)  Forward time: 0.22(0.23)  Batch time: 0.24(0.24)
2024-11-08 17:55:23,797   INFO  **********************End training kitti_models/pointpillar(default)**********************



2024-11-08 17:55:23,797   INFO  **********************Start evaluation kitti_models/pointpillar(default)**********************
2024-11-08 17:55:23,797   INFO  Loading KITTI dataset
2024-11-08 17:55:23,857   INFO  Total samples for KITTI dataset: 3769
