2024-11-05 12:04:34,748   INFO  **********************Start logging**********************
2024-11-05 12:04:34,749   INFO  CUDA_VISIBLE_DEVICES=0
2024-11-05 12:04:34,749   INFO  Training with a single process
2024-11-05 12:04:34,749   INFO  cfg_file         cfgs/kitti_models/pointpillar.yaml
2024-11-05 12:04:34,749   INFO  batch_size       4
2024-11-05 12:04:34,749   INFO  epochs           1
2024-11-05 12:04:34,749   INFO  workers          4
2024-11-05 12:04:34,749   INFO  extra_tag        default
2024-11-05 12:04:34,749   INFO  ckpt             None
2024-11-05 12:04:34,749   INFO  pretrained_model None
2024-11-05 12:04:34,749   INFO  launcher         none
2024-11-05 12:04:34,749   INFO  tcp_port         18888
2024-11-05 12:04:34,749   INFO  sync_bn          False
2024-11-05 12:04:34,749   INFO  fix_random_seed  False
2024-11-05 12:04:34,749   INFO  ckpt_save_interval 1
2024-11-05 12:04:34,749   INFO  local_rank       None
2024-11-05 12:04:34,749   INFO  max_ckpt_save_num 30
2024-11-05 12:04:34,749   INFO  merge_all_iters_to_one_epoch False
2024-11-05 12:04:34,749   INFO  set_cfgs         None
2024-11-05 12:04:34,749   INFO  max_waiting_mins 0
2024-11-05 12:04:34,749   INFO  start_epoch      0
2024-11-05 12:04:34,749   INFO  num_epochs_to_eval 0
2024-11-05 12:04:34,749   INFO  save_to_file     False
2024-11-05 12:04:34,749   INFO  use_tqdm_to_record False
2024-11-05 12:04:34,749   INFO  logger_iter_interval 50
2024-11-05 12:04:34,749   INFO  ckpt_save_time_interval 300
2024-11-05 12:04:34,749   INFO  wo_gpu_stat      False
2024-11-05 12:04:34,749   INFO  use_amp          False
2024-11-05 12:04:34,749   INFO  cfg.ROOT_DIR: /home/user/ChangTing/Code/Openpcdet/OpenPCDet
2024-11-05 12:04:34,749   INFO  cfg.LOCAL_RANK: 0
2024-11-05 12:04:34,749   INFO  cfg.CLASS_NAMES: ['Car', 'Pedestrian', 'Cyclist']
2024-11-05 12:04:34,749   INFO  ----------- DATA_CONFIG -----------
2024-11-05 12:04:34,749   INFO  cfg.DATA_CONFIG.DATASET: KittiDataset
2024-11-05 12:04:34,749   INFO  cfg.DATA_CONFIG.DATA_PATH: ../data/kitti
2024-11-05 12:04:34,749   INFO  cfg.DATA_CONFIG.POINT_CLOUD_RANGE: [0, -39.68, -3, 69.12, 39.68, 1]
2024-11-05 12:04:34,749   INFO  ----------- DATA_SPLIT -----------
2024-11-05 12:04:34,749   INFO  cfg.DATA_CONFIG.DATA_SPLIT.train: train
2024-11-05 12:04:34,749   INFO  cfg.DATA_CONFIG.DATA_SPLIT.test: val
2024-11-05 12:04:34,749   INFO  ----------- INFO_PATH -----------
2024-11-05 12:04:34,749   INFO  cfg.DATA_CONFIG.INFO_PATH.train: ['kitti_infos_train.pkl']
2024-11-05 12:04:34,749   INFO  cfg.DATA_CONFIG.INFO_PATH.test: ['kitti_infos_val.pkl']
2024-11-05 12:04:34,749   INFO  cfg.DATA_CONFIG.GET_ITEM_LIST: ['points']
2024-11-05 12:04:34,749   INFO  cfg.DATA_CONFIG.FOV_POINTS_ONLY: True
2024-11-05 12:04:34,749   INFO  ----------- DATA_AUGMENTOR -----------
2024-11-05 12:04:34,749   INFO  cfg.DATA_CONFIG.DATA_AUGMENTOR.DISABLE_AUG_LIST: ['placeholder']
2024-11-05 12:04:34,749   INFO  cfg.DATA_CONFIG.DATA_AUGMENTOR.AUG_CONFIG_LIST: [{'NAME': 'gt_sampling', 'USE_ROAD_PLANE': False, 'DB_INFO_PATH': ['kitti_dbinfos_train.pkl'], 'PREPARE': {'filter_by_min_points': ['Car:5', 'Pedestrian:5', 'Cyclist:5'], 'filter_by_difficulty': [-1]}, 'SAMPLE_GROUPS': ['Car:15', 'Pedestrian:15', 'Cyclist:15'], 'NUM_POINT_FEATURES': 4, 'DATABASE_WITH_FAKELIDAR': False, 'REMOVE_EXTRA_WIDTH': [0.0, 0.0, 0.0], 'LIMIT_WHOLE_SCENE': False}, {'NAME': 'random_world_flip', 'ALONG_AXIS_LIST': ['x']}, {'NAME': 'random_world_rotation', 'WORLD_ROT_ANGLE': [-0.78539816, 0.78539816]}, {'NAME': 'random_world_scaling', 'WORLD_SCALE_RANGE': [0.95, 1.05]}]
2024-11-05 12:04:34,749   INFO  ----------- POINT_FEATURE_ENCODING -----------
2024-11-05 12:04:34,749   INFO  cfg.DATA_CONFIG.POINT_FEATURE_ENCODING.encoding_type: absolute_coordinates_encoding
2024-11-05 12:04:34,749   INFO  cfg.DATA_CONFIG.POINT_FEATURE_ENCODING.used_feature_list: ['x', 'y', 'z', 'intensity']
2024-11-05 12:04:34,749   INFO  cfg.DATA_CONFIG.POINT_FEATURE_ENCODING.src_feature_list: ['x', 'y', 'z', 'intensity']
2024-11-05 12:04:34,749   INFO  cfg.DATA_CONFIG.DATA_PROCESSOR: [{'NAME': 'mask_points_and_boxes_outside_range', 'REMOVE_OUTSIDE_BOXES': True}, {'NAME': 'shuffle_points', 'SHUFFLE_ENABLED': {'train': True, 'test': False}}, {'NAME': 'transform_points_to_voxels', 'VOXEL_SIZE': [0.16, 0.16, 4], 'MAX_POINTS_PER_VOXEL': 32, 'MAX_NUMBER_OF_VOXELS': {'train': 16000, 'test': 40000}}]
2024-11-05 12:04:34,749   INFO  cfg.DATA_CONFIG._BASE_CONFIG_: cfgs/dataset_configs/kitti_dataset.yaml
2024-11-05 12:04:34,749   INFO  ----------- MODEL -----------
2024-11-05 12:04:34,749   INFO  cfg.MODEL.NAME: PointPillar
2024-11-05 12:04:34,749   INFO  ----------- VFE -----------
2024-11-05 12:04:34,749   INFO  cfg.MODEL.VFE.NAME: PillarVFE
2024-11-05 12:04:34,749   INFO  cfg.MODEL.VFE.WITH_DISTANCE: False
2024-11-05 12:04:34,749   INFO  cfg.MODEL.VFE.USE_ABSLOTE_XYZ: True
2024-11-05 12:04:34,749   INFO  cfg.MODEL.VFE.USE_NORM: True
2024-11-05 12:04:34,749   INFO  cfg.MODEL.VFE.NUM_FILTERS: [64]
2024-11-05 12:04:34,749   INFO  ----------- MAP_TO_BEV -----------
2024-11-05 12:04:34,749   INFO  cfg.MODEL.MAP_TO_BEV.NAME: PointPillarScatter
2024-11-05 12:04:34,749   INFO  cfg.MODEL.MAP_TO_BEV.NUM_BEV_FEATURES: 64
2024-11-05 12:04:34,749   INFO  ----------- BACKBONE_2D -----------
2024-11-05 12:04:34,749   INFO  cfg.MODEL.BACKBONE_2D.NAME: BaseBEVBackbone
2024-11-05 12:04:34,749   INFO  cfg.MODEL.BACKBONE_2D.LAYER_NUMS: [3, 5, 5]
2024-11-05 12:04:34,749   INFO  cfg.MODEL.BACKBONE_2D.LAYER_STRIDES: [2, 2, 2]
2024-11-05 12:04:34,749   INFO  cfg.MODEL.BACKBONE_2D.NUM_FILTERS: [64, 128, 256]
2024-11-05 12:04:34,749   INFO  cfg.MODEL.BACKBONE_2D.UPSAMPLE_STRIDES: [1, 2, 4]
2024-11-05 12:04:34,749   INFO  cfg.MODEL.BACKBONE_2D.NUM_UPSAMPLE_FILTERS: [128, 128, 128]
2024-11-05 12:04:34,749   INFO  ----------- DENSE_HEAD -----------
2024-11-05 12:04:34,749   INFO  cfg.MODEL.DENSE_HEAD.NAME: AnchorHeadSingle
2024-11-05 12:04:34,749   INFO  cfg.MODEL.DENSE_HEAD.CLASS_AGNOSTIC: False
2024-11-05 12:04:34,750   INFO  cfg.MODEL.DENSE_HEAD.USE_DIRECTION_CLASSIFIER: True
2024-11-05 12:04:34,750   INFO  cfg.MODEL.DENSE_HEAD.DIR_OFFSET: 0.78539
2024-11-05 12:04:34,750   INFO  cfg.MODEL.DENSE_HEAD.DIR_LIMIT_OFFSET: 0.0
2024-11-05 12:04:34,750   INFO  cfg.MODEL.DENSE_HEAD.NUM_DIR_BINS: 2
2024-11-05 12:04:34,750   INFO  cfg.MODEL.DENSE_HEAD.ANCHOR_GENERATOR_CONFIG: [{'class_name': 'Car', 'anchor_sizes': [[3.9, 1.6, 1.56]], 'anchor_rotations': [0, 1.57], 'anchor_bottom_heights': [-1.78], 'align_center': False, 'feature_map_stride': 2, 'matched_threshold': 0.6, 'unmatched_threshold': 0.45}, {'class_name': 'Pedestrian', 'anchor_sizes': [[0.8, 0.6, 1.73]], 'anchor_rotations': [0, 1.57], 'anchor_bottom_heights': [-0.6], 'align_center': False, 'feature_map_stride': 2, 'matched_threshold': 0.5, 'unmatched_threshold': 0.35}, {'class_name': 'Cyclist', 'anchor_sizes': [[1.76, 0.6, 1.73]], 'anchor_rotations': [0, 1.57], 'anchor_bottom_heights': [-0.6], 'align_center': False, 'feature_map_stride': 2, 'matched_threshold': 0.5, 'unmatched_threshold': 0.35}]
2024-11-05 12:04:34,750   INFO  ----------- TARGET_ASSIGNER_CONFIG -----------
2024-11-05 12:04:34,750   INFO  cfg.MODEL.DENSE_HEAD.TARGET_ASSIGNER_CONFIG.NAME: AxisAlignedTargetAssigner
2024-11-05 12:04:34,750   INFO  cfg.MODEL.DENSE_HEAD.TARGET_ASSIGNER_CONFIG.POS_FRACTION: -1.0
2024-11-05 12:04:34,750   INFO  cfg.MODEL.DENSE_HEAD.TARGET_ASSIGNER_CONFIG.SAMPLE_SIZE: 512
2024-11-05 12:04:34,750   INFO  cfg.MODEL.DENSE_HEAD.TARGET_ASSIGNER_CONFIG.NORM_BY_NUM_EXAMPLES: False
2024-11-05 12:04:34,750   INFO  cfg.MODEL.DENSE_HEAD.TARGET_ASSIGNER_CONFIG.MATCH_HEIGHT: False
2024-11-05 12:04:34,750   INFO  cfg.MODEL.DENSE_HEAD.TARGET_ASSIGNER_CONFIG.BOX_CODER: ResidualCoder
2024-11-05 12:04:34,750   INFO  ----------- LOSS_CONFIG -----------
2024-11-05 12:04:34,750   INFO  ----------- LOSS_WEIGHTS -----------
2024-11-05 12:04:34,750   INFO  cfg.MODEL.DENSE_HEAD.LOSS_CONFIG.LOSS_WEIGHTS.cls_weight: 1.0
2024-11-05 12:04:34,750   INFO  cfg.MODEL.DENSE_HEAD.LOSS_CONFIG.LOSS_WEIGHTS.loc_weight: 2.0
2024-11-05 12:04:34,750   INFO  cfg.MODEL.DENSE_HEAD.LOSS_CONFIG.LOSS_WEIGHTS.dir_weight: 0.2
2024-11-05 12:04:34,750   INFO  cfg.MODEL.DENSE_HEAD.LOSS_CONFIG.LOSS_WEIGHTS.code_weights: [1.0, 1.0, 1.0, 1.0, 1.0, 1.0, 1.0]
2024-11-05 12:04:34,750   INFO  ----------- POST_PROCESSING -----------
2024-11-05 12:04:34,750   INFO  cfg.MODEL.POST_PROCESSING.RECALL_THRESH_LIST: [0.3, 0.5, 0.7]
2024-11-05 12:04:34,750   INFO  cfg.MODEL.POST_PROCESSING.SCORE_THRESH: 0.1
2024-11-05 12:04:34,750   INFO  cfg.MODEL.POST_PROCESSING.OUTPUT_RAW_SCORE: False
2024-11-05 12:04:34,750   INFO  cfg.MODEL.POST_PROCESSING.EVAL_METRIC: kitti
2024-11-05 12:04:34,750   INFO  ----------- NMS_CONFIG -----------
2024-11-05 12:04:34,750   INFO  cfg.MODEL.POST_PROCESSING.NMS_CONFIG.MULTI_CLASSES_NMS: False
2024-11-05 12:04:34,750   INFO  cfg.MODEL.POST_PROCESSING.NMS_CONFIG.NMS_TYPE: nms_gpu
2024-11-05 12:04:34,750   INFO  cfg.MODEL.POST_PROCESSING.NMS_CONFIG.NMS_THRESH: 0.01
2024-11-05 12:04:34,750   INFO  cfg.MODEL.POST_PROCESSING.NMS_CONFIG.NMS_PRE_MAXSIZE: 4096
2024-11-05 12:04:34,750   INFO  cfg.MODEL.POST_PROCESSING.NMS_CONFIG.NMS_POST_MAXSIZE: 500
2024-11-05 12:04:34,750   INFO  ----------- OPTIMIZATION -----------
2024-11-05 12:04:34,750   INFO  cfg.OPTIMIZATION.BATCH_SIZE_PER_GPU: 4
2024-11-05 12:04:34,750   INFO  cfg.OPTIMIZATION.NUM_EPOCHS: 80
2024-11-05 12:04:34,750   INFO  cfg.OPTIMIZATION.OPTIMIZER: adam_onecycle
2024-11-05 12:04:34,750   INFO  cfg.OPTIMIZATION.LR: 0.003
2024-11-05 12:04:34,750   INFO  cfg.OPTIMIZATION.WEIGHT_DECAY: 0.01
2024-11-05 12:04:34,750   INFO  cfg.OPTIMIZATION.MOMENTUM: 0.9
2024-11-05 12:04:34,750   INFO  cfg.OPTIMIZATION.MOMS: [0.95, 0.85]
2024-11-05 12:04:34,750   INFO  cfg.OPTIMIZATION.PCT_START: 0.4
2024-11-05 12:04:34,750   INFO  cfg.OPTIMIZATION.DIV_FACTOR: 10
2024-11-05 12:04:34,750   INFO  cfg.OPTIMIZATION.DECAY_STEP_LIST: [35, 45]
2024-11-05 12:04:34,750   INFO  cfg.OPTIMIZATION.LR_DECAY: 0.1
2024-11-05 12:04:34,750   INFO  cfg.OPTIMIZATION.LR_CLIP: 1e-07
2024-11-05 12:04:34,750   INFO  cfg.OPTIMIZATION.LR_WARMUP: False
2024-11-05 12:04:34,750   INFO  cfg.OPTIMIZATION.WARMUP_EPOCH: 1
2024-11-05 12:04:34,750   INFO  cfg.OPTIMIZATION.GRAD_NORM_CLIP: 10
2024-11-05 12:04:34,750   INFO  cfg.TAG: pointpillar
2024-11-05 12:04:34,750   INFO  cfg.EXP_GROUP_PATH: kitti_models
2024-11-05 12:04:34,754   INFO  ----------- Create dataloader & network & optimizer -----------
2024-11-05 12:04:34,813   INFO  Database filter by min points Car: 14357 => 13532
2024-11-05 12:04:34,813   INFO  Database filter by min points Pedestrian: 2207 => 2168
2024-11-05 12:04:34,813   INFO  Database filter by min points Cyclist: 734 => 705
2024-11-05 12:04:34,821   INFO  Database filter by difficulty Car: 13532 => 10759
2024-11-05 12:04:34,823   INFO  Database filter by difficulty Pedestrian: 2168 => 2075
2024-11-05 12:04:34,823   INFO  Database filter by difficulty Cyclist: 705 => 581
2024-11-05 12:04:34,826   INFO  Loading KITTI dataset
2024-11-05 12:04:34,881   INFO  Total samples for KITTI dataset: 3712
2024-11-05 12:04:35,053   INFO  ----------- Model PointPillar created, param count: 4834888 -----------
2024-11-05 12:04:35,054   INFO  PointPillar(
  (vfe): PillarVFE(
    (pfn_layers): ModuleList(
      (0): PFNLayer(
        (linear): Linear(in_features=10, out_features=64, bias=False)
        (norm): BatchNorm1d(64, eps=0.001, momentum=0.01, affine=True, track_running_stats=True)
      )
    )
  )
  (backbone_3d): None
  (map_to_bev_module): PointPillarScatter()
  (pfe): None
  (backbone_2d): BaseBEVBackbone(
    (blocks): ModuleList(
      (0): Sequential(
        (0): ZeroPad2d((1, 1, 1, 1))
        (1): Conv2d(64, 64, kernel_size=(3, 3), stride=(2, 2), bias=False)
        (2): BatchNorm2d(64, eps=0.001, momentum=0.01, affine=True, track_running_stats=True)
        (3): ReLU()
        (4): Conv2d(64, 64, kernel_size=(3, 3), stride=(1, 1), padding=(1, 1), bias=False)
        (5): BatchNorm2d(64, eps=0.001, momentum=0.01, affine=True, track_running_stats=True)
        (6): ReLU()
        (7): Conv2d(64, 64, kernel_size=(3, 3), stride=(1, 1), padding=(1, 1), bias=False)
        (8): BatchNorm2d(64, eps=0.001, momentum=0.01, affine=True, track_running_stats=True)
        (9): ReLU()
        (10): Conv2d(64, 64, kernel_size=(3, 3), stride=(1, 1), padding=(1, 1), bias=False)
        (11): BatchNorm2d(64, eps=0.001, momentum=0.01, affine=True, track_running_stats=True)
        (12): ReLU()
      )
      (1): Sequential(
        (0): ZeroPad2d((1, 1, 1, 1))
        (1): Conv2d(64, 128, kernel_size=(3, 3), stride=(2, 2), bias=False)
        (2): BatchNorm2d(128, eps=0.001, momentum=0.01, affine=True, track_running_stats=True)
        (3): ReLU()
        (4): Conv2d(128, 128, kernel_size=(3, 3), stride=(1, 1), padding=(1, 1), bias=False)
        (5): BatchNorm2d(128, eps=0.001, momentum=0.01, affine=True, track_running_stats=True)
        (6): ReLU()
        (7): Conv2d(128, 128, kernel_size=(3, 3), stride=(1, 1), padding=(1, 1), bias=False)
        (8): BatchNorm2d(128, eps=0.001, momentum=0.01, affine=True, track_running_stats=True)
        (9): ReLU()
        (10): Conv2d(128, 128, kernel_size=(3, 3), stride=(1, 1), padding=(1, 1), bias=False)
        (11): BatchNorm2d(128, eps=0.001, momentum=0.01, affine=True, track_running_stats=True)
        (12): ReLU()
        (13): Conv2d(128, 128, kernel_size=(3, 3), stride=(1, 1), padding=(1, 1), bias=False)
        (14): BatchNorm2d(128, eps=0.001, momentum=0.01, affine=True, track_running_stats=True)
        (15): ReLU()
        (16): Conv2d(128, 128, kernel_size=(3, 3), stride=(1, 1), padding=(1, 1), bias=False)
        (17): BatchNorm2d(128, eps=0.001, momentum=0.01, affine=True, track_running_stats=True)
        (18): ReLU()
      )
      (2): Sequential(
        (0): ZeroPad2d((1, 1, 1, 1))
        (1): Conv2d(128, 256, kernel_size=(3, 3), stride=(2, 2), bias=False)
        (2): BatchNorm2d(256, eps=0.001, momentum=0.01, affine=True, track_running_stats=True)
        (3): ReLU()
        (4): Conv2d(256, 256, kernel_size=(3, 3), stride=(1, 1), padding=(1, 1), bias=False)
        (5): BatchNorm2d(256, eps=0.001, momentum=0.01, affine=True, track_running_stats=True)
        (6): ReLU()
        (7): Conv2d(256, 256, kernel_size=(3, 3), stride=(1, 1), padding=(1, 1), bias=False)
        (8): BatchNorm2d(256, eps=0.001, momentum=0.01, affine=True, track_running_stats=True)
        (9): ReLU()
        (10): Conv2d(256, 256, kernel_size=(3, 3), stride=(1, 1), padding=(1, 1), bias=False)
        (11): BatchNorm2d(256, eps=0.001, momentum=0.01, affine=True, track_running_stats=True)
        (12): ReLU()
        (13): Conv2d(256, 256, kernel_size=(3, 3), stride=(1, 1), padding=(1, 1), bias=False)
        (14): BatchNorm2d(256, eps=0.001, momentum=0.01, affine=True, track_running_stats=True)
        (15): ReLU()
        (16): Conv2d(256, 256, kernel_size=(3, 3), stride=(1, 1), padding=(1, 1), bias=False)
        (17): BatchNorm2d(256, eps=0.001, momentum=0.01, affine=True, track_running_stats=True)
        (18): ReLU()
      )
    )
    (deblocks): ModuleList(
      (0): Sequential(
        (0): ConvTranspose2d(64, 128, kernel_size=(1, 1), stride=(1, 1), bias=False)
        (1): BatchNorm2d(128, eps=0.001, momentum=0.01, affine=True, track_running_stats=True)
        (2): ReLU()
      )
      (1): Sequential(
        (0): ConvTranspose2d(128, 128, kernel_size=(2, 2), stride=(2, 2), bias=False)
        (1): BatchNorm2d(128, eps=0.001, momentum=0.01, affine=True, track_running_stats=True)
        (2): ReLU()
      )
      (2): Sequential(
        (0): ConvTranspose2d(256, 128, kernel_size=(4, 4), stride=(4, 4), bias=False)
        (1): BatchNorm2d(128, eps=0.001, momentum=0.01, affine=True, track_running_stats=True)
        (2): ReLU()
      )
    )
  )
  (dense_head): AnchorHeadSingle(
    (cls_loss_func): SigmoidFocalClassificationLoss()
    (reg_loss_func): WeightedSmoothL1Loss()
    (dir_loss_func): WeightedCrossEntropyLoss()
    (conv_cls): Conv2d(384, 18, kernel_size=(1, 1), stride=(1, 1))
    (conv_box): Conv2d(384, 42, kernel_size=(1, 1), stride=(1, 1))
    (conv_dir_cls): Conv2d(384, 12, kernel_size=(1, 1), stride=(1, 1))
  )
  (point_head): None
  (roi_head): None
)
2024-11-05 12:04:35,054   INFO  **********************Start training kitti_models/pointpillar(default)**********************
2024-11-05 12:04:35,987   INFO  Train:    1/1 (100%) [   0/928 (  0%)]  Loss: 3.243 (3.24)  LR: 3.000e-04  Time cost: 00:00/12:29 [00:00/12:29]  Acc_iter 1           Data time: 0.16(0.16)  Forward time: 0.65(0.65)  Batch time: 0.81(0.81)
2024-11-05 12:04:47,618   INFO  Train:    1/1 (100%) [  49/928 (  5%)]  Loss: 1.952 (2.16)  LR: 4.146e-04  Time cost: 00:12/03:38 [00:12/03:38]  Acc_iter 50          Data time: 0.01(0.02)  Forward time: 0.23(0.23)  Batch time: 0.24(0.25)
2024-11-05 12:04:59,490   INFO  Train:    1/1 (100%) [  99/928 ( 11%)]  Loss: 1.649 (1.92)  LR: 7.472e-04  Time cost: 00:24/03:21 [00:24/03:21]  Acc_iter 100         Data time: 0.01(0.01)  Forward time: 0.22(0.23)  Batch time: 0.23(0.24)
2024-11-05 12:05:11,357   INFO  Train:    1/1 (100%) [ 149/928 ( 16%)]  Loss: 1.460 (1.79)  LR: 1.239e-03  Time cost: 00:36/03:07 [00:36/03:07]  Acc_iter 150         Data time: 0.01(0.01)  Forward time: 0.22(0.23)  Batch time: 0.23(0.24)
2024-11-05 12:05:11,542   INFO  user                                   Tue Nov  5 12:05:11 2024  535.183.01
[0] NVIDIA GeForce RTX 4060 Laptop GPU | 64°C,  95 % |  5270 /  8188 MB | user(5252M) gdm(4M) user(4M)

2024-11-05 12:05:23,417   INFO  Train:    1/1 (100%) [ 199/928 ( 21%)]  Loss: 1.425 (1.71)  LR: 1.804e-03  Time cost: 00:48/02:55 [00:48/02:55]  Acc_iter 200         Data time: 0.01(0.01)  Forward time: 0.22(0.23)  Batch time: 0.23(0.24)
2024-11-05 12:05:35,282   INFO  Train:    1/1 (100%) [ 249/928 ( 27%)]  Loss: 1.417 (1.66)  LR: 2.341e-03  Time cost: 01:00/02:43 [01:00/02:43]  Acc_iter 250         Data time: 0.01(0.01)  Forward time: 0.22(0.23)  Batch time: 0.24(0.24)
2024-11-05 12:05:47,204   INFO  Train:    1/1 (100%) [ 299/928 ( 32%)]  Loss: 1.216 (1.62)  LR: 2.757e-03  Time cost: 01:12/02:31 [01:12/02:31]  Acc_iter 300         Data time: 0.01(0.01)  Forward time: 0.23(0.23)  Batch time: 0.24(0.24)
2024-11-05 12:05:47,387   INFO  user                                   Tue Nov  5 12:05:47 2024  535.183.01
[0] NVIDIA GeForce RTX 4060 Laptop GPU | 64°C,  95 % |  5270 /  8188 MB | user(5252M) gdm(4M) user(4M)

2024-11-05 12:05:59,277   INFO  Train:    1/1 (100%) [ 349/928 ( 38%)]  Loss: 1.342 (1.59)  LR: 2.977e-03  Time cost: 01:24/02:19 [01:24/02:19]  Acc_iter 350         Data time: 0.01(0.01)  Forward time: 0.22(0.23)  Batch time: 0.24(0.24)
2024-11-05 12:06:11,189   INFO  Train:    1/1 (100%) [ 399/928 ( 43%)]  Loss: 1.150 (1.55)  LR: 2.981e-03  Time cost: 01:36/02:06 [01:36/02:06]  Acc_iter 400         Data time: 0.02(0.01)  Forward time: 0.22(0.23)  Batch time: 0.24(0.24)
2024-11-05 12:06:23,106   INFO  Train:    1/1 (100%) [ 449/928 ( 48%)]  Loss: 1.156 (1.51)  LR: 2.857e-03  Time cost: 01:47/01:54 [01:48/01:54]  Acc_iter 450         Data time: 0.01(0.01)  Forward time: 0.22(0.23)  Batch time: 0.23(0.24)
2024-11-05 12:06:23,299   INFO  user                                   Tue Nov  5 12:06:23 2024  535.183.01
[0] NVIDIA GeForce RTX 4060 Laptop GPU | 63°C,  97 % |  5270 /  8188 MB | user(5252M) gdm(4M) user(4M)

2024-11-05 12:06:35,176   INFO  Train:    1/1 (100%) [ 499/928 ( 54%)]  Loss: 1.146 (1.47)  LR: 2.626e-03  Time cost: 01:59/01:42 [02:00/01:42]  Acc_iter 500         Data time: 0.01(0.01)  Forward time: 0.22(0.23)  Batch time: 0.24(0.24)
2024-11-05 12:06:47,075   INFO  Train:    1/1 (100%) [ 549/928 ( 59%)]  Loss: 1.304 (1.44)  LR: 2.305e-03  Time cost: 02:11/01:30 [02:12/01:30]  Acc_iter 550         Data time: 0.01(0.01)  Forward time: 0.22(0.23)  Batch time: 0.23(0.24)
2024-11-05 12:06:58,936   INFO  Train:    1/1 (100%) [ 599/928 ( 65%)]  Loss: 1.035 (1.42)  LR: 1.922e-03  Time cost: 02:23/01:18 [02:23/01:18]  Acc_iter 600         Data time: 0.01(0.01)  Forward time: 0.23(0.23)  Batch time: 0.24(0.24)
2024-11-05 12:06:59,119   INFO  user                                   Tue Nov  5 12:06:59 2024  535.183.01
[0] NVIDIA GeForce RTX 4060 Laptop GPU | 63°C,  95 % |  5272 /  8188 MB | user(5254M) gdm(4M) user(4M)

2024-11-05 12:07:11,019   INFO  Train:    1/1 (100%) [ 649/928 ( 70%)]  Loss: 1.052 (1.39)  LR: 1.504e-03  Time cost: 02:35/01:06 [02:35/01:06]  Acc_iter 650         Data time: 0.01(0.01)  Forward time: 0.22(0.23)  Batch time: 0.24(0.24)
2024-11-05 12:07:22,895   INFO  Train:    1/1 (100%) [ 699/928 ( 75%)]  Loss: 0.9428 (1.36)  LR: 1.087e-03  Time cost: 02:47/00:54 [02:47/00:54]  Acc_iter 700         Data time: 0.01(0.01)  Forward time: 0.22(0.23)  Batch time: 0.24(0.24)
2024-11-05 12:07:34,834   INFO  Train:    1/1 (100%) [ 749/928 ( 81%)]  Loss: 0.8740 (1.33)  LR: 7.017e-04  Time cost: 02:59/00:42 [02:59/00:42]  Acc_iter 750         Data time: 0.02(0.01)  Forward time: 0.22(0.23)  Batch time: 0.24(0.24)
2024-11-05 12:07:35,033   INFO  user                                   Tue Nov  5 12:07:35 2024  535.183.01
[0] NVIDIA GeForce RTX 4060 Laptop GPU | 63°C,  89 % |  5272 /  8188 MB | user(5254M) gdm(4M) user(4M)

2024-11-05 12:07:46,951   INFO  Train:    1/1 (100%) [ 799/928 ( 86%)]  Loss: 0.8568 (1.31)  LR: 3.799e-04  Time cost: 03:11/00:30 [03:11/00:30]  Acc_iter 800         Data time: 0.01(0.01)  Forward time: 0.22(0.23)  Batch time: 0.24(0.24)
2024-11-05 12:07:58,826   INFO  Train:    1/1 (100%) [ 849/928 ( 91%)]  Loss: 0.9106 (1.28)  LR: 1.465e-04  Time cost: 03:23/00:18 [03:23/00:18]  Acc_iter 850         Data time: 0.01(0.01)  Forward time: 0.22(0.23)  Batch time: 0.24(0.24)
2024-11-05 12:08:10,746   INFO  Train:    1/1 (100%) [ 899/928 ( 97%)]  Loss: 0.8067 (1.26)  LR: 2.005e-05  Time cost: 03:35/00:06 [03:35/00:06]  Acc_iter 900         Data time: 0.01(0.01)  Forward time: 0.22(0.23)  Batch time: 0.23(0.24)
2024-11-05 12:08:10,939   INFO  user                                   Tue Nov  5 12:08:10 2024  535.183.01
[0] NVIDIA GeForce RTX 4060 Laptop GPU | 63°C,  96 % |  5272 /  8188 MB | user(5254M) gdm(4M) user(4M)

2024-11-05 12:08:17,611   INFO  Train:    1/1 (100%) [ 927/928 (100%)]  Loss: 0.8777 (1.25)  LR: 5.386e-08  Time cost: 03:42/00:00 [03:42/00:00]  Acc_iter 928         Data time: 0.01(0.01)  Forward time: 0.22(0.23)  Batch time: 0.24(0.24)
2024-11-05 12:08:17,694   INFO  **********************End training kitti_models/pointpillar(default)**********************



2024-11-05 12:08:17,694   INFO  **********************Start evaluation kitti_models/pointpillar(default)**********************
2024-11-05 12:08:17,695   INFO  Loading KITTI dataset
2024-11-05 12:08:17,754   INFO  Total samples for KITTI dataset: 3769
2024-11-05 12:08:17,757   INFO  ==> Loading parameters from checkpoint /home/user/ChangTing/Code/Openpcdet/OpenPCDet/output/kitti_models/pointpillar/default/ckpt/checkpoint_epoch_1.pth to GPU
2024-11-05 12:08:17,778   INFO  ==> Checkpoint trained from version: pcdet+0.6.0+8caccce
2024-11-05 12:08:17,780   INFO  ==> Done (loaded 127/127)
2024-11-05 12:08:17,783   INFO  *************** EPOCH 1 EVALUATION *****************
2024-11-05 12:09:27,929   INFO  *************** Performance of EPOCH 1 *****************
2024-11-05 12:09:27,930   INFO  Generate label finished(sec_per_example: 0.0186 second).
2024-11-05 12:09:27,930   INFO  recall_roi_0.3: 0.000000
2024-11-05 12:09:27,930   INFO  recall_rcnn_0.3: 0.866500
2024-11-05 12:09:27,930   INFO  recall_roi_0.5: 0.000000
2024-11-05 12:09:27,930   INFO  recall_rcnn_0.5: 0.731234
2024-11-05 12:09:27,930   INFO  recall_roi_0.7: 0.000000
2024-11-05 12:09:27,930   INFO  recall_rcnn_0.7: 0.394578
2024-11-05 12:09:27,932   INFO  Average predicted number of objects(3769 samples): 39.437
2024-11-05 12:09:44,633   INFO  Car AP@0.70, 0.70, 0.70:
bbox AP:86.6536, 70.9204, 67.4858
bev  AP:87.7114, 76.6793, 71.3956
3d   AP:62.1655, 48.9715, 45.9873
aos  AP:83.81, 67.67, 63.82
Car AP_R40@0.70, 0.70, 0.70:
bbox AP:87.9407, 71.5115, 67.6147
bev  AP:88.7345, 77.6045, 72.4511
3d   AP:61.8908, 48.2454, 43.7562
aos  AP:84.83, 67.93, 63.55
Car AP@0.70, 0.50, 0.50:
bbox AP:86.6536, 70.9204, 67.4858
bev  AP:90.4635, 87.0429, 82.1275
3d   AP:90.1684, 79.3288, 77.6485
aos  AP:83.81, 67.67, 63.82
Car AP_R40@0.70, 0.50, 0.50:
bbox AP:87.9407, 71.5115, 67.6147
bev  AP:95.7196, 89.0266, 84.4334
3d   AP:94.7134, 82.1689, 78.7645
aos  AP:84.83, 67.93, 63.55
Pedestrian AP@0.50, 0.50, 0.50:
bbox AP:35.6169, 33.5011, 32.9612
bev  AP:34.5326, 32.7081, 31.3338
3d   AP:28.5851, 26.5817, 25.3865
aos  AP:18.52, 17.23, 16.83
Pedestrian AP_R40@0.50, 0.50, 0.50:
bbox AP:31.8153, 29.8061, 29.0312
bev  AP:30.9122, 29.0616, 27.5279
3d   AP:24.1397, 22.1575, 20.6926
aos  AP:16.60, 15.44, 14.82
Pedestrian AP@0.50, 0.25, 0.25:
bbox AP:35.6169, 33.5011, 32.9612
bev  AP:42.0606, 40.4905, 39.2997
3d   AP:42.0381, 40.4842, 39.2627
aos  AP:18.52, 17.23, 16.83
Pedestrian AP_R40@0.50, 0.25, 0.25:
bbox AP:31.8153, 29.8061, 29.0312
bev  AP:39.1762, 37.5650, 36.5090
3d   AP:39.1529, 37.5351, 36.4691
aos  AP:16.60, 15.44, 14.82
Cyclist AP@0.50, 0.50, 0.50:
bbox AP:56.6811, 40.4281, 37.8610
bev  AP:57.3688, 38.8708, 35.5924
3d   AP:53.0061, 36.1590, 33.3949
aos  AP:40.27, 29.50, 27.82
Cyclist AP_R40@0.50, 0.50, 0.50:
bbox AP:56.3692, 37.6675, 35.1901
bev  AP:56.3833, 35.6723, 32.9045
3d   AP:52.2005, 32.8052, 30.1191
aos  AP:37.01, 24.91, 23.06
Cyclist AP@0.50, 0.25, 0.25:
bbox AP:56.6811, 40.4281, 37.8610
bev  AP:58.0545, 40.1556, 37.5542
3d   AP:58.0540, 40.1550, 37.4813
aos  AP:40.27, 29.50, 27.82
Cyclist AP_R40@0.50, 0.25, 0.25:
bbox AP:56.3692, 37.6675, 35.1901
bev  AP:57.1372, 37.3016, 34.7344
3d   AP:57.1368, 37.2937, 34.6557
aos  AP:37.01, 24.91, 23.06

2024-11-05 12:09:44,638   INFO  Result is saved to /home/user/ChangTing/Code/Openpcdet/OpenPCDet/output/kitti_models/pointpillar/default/eval/eval_with_train/epoch_1/val
2024-11-05 12:09:44,638   INFO  ****************Evaluation done.*****************
2024-11-05 12:09:44,669   INFO  Epoch 1 has been evaluated
2024-11-05 12:10:14,700   INFO  **********************End evaluation kitti_models/pointpillar(default)**********************
