2024-11-06 17:49:43,936   INFO  **********************Start logging**********************
2024-11-06 17:49:43,936   INFO  CUDA_VISIBLE_DEVICES=0
2024-11-06 17:49:43,936   INFO  Training with a single process
2024-11-06 17:49:43,936   INFO  cfg_file         cfgs/kitti_models/pointpillar.yaml
2024-11-06 17:49:43,936   INFO  batch_size       1
2024-11-06 17:49:43,936   INFO  epochs           1
2024-11-06 17:49:43,936   INFO  workers          1
2024-11-06 17:49:43,936   INFO  extra_tag        default
2024-11-06 17:49:43,936   INFO  ckpt             None
2024-11-06 17:49:43,936   INFO  pretrained_model None
2024-11-06 17:49:43,936   INFO  launcher         none
2024-11-06 17:49:43,936   INFO  tcp_port         18888
2024-11-06 17:49:43,936   INFO  sync_bn          False
2024-11-06 17:49:43,936   INFO  fix_random_seed  False
2024-11-06 17:49:43,936   INFO  ckpt_save_interval 1
2024-11-06 17:49:43,936   INFO  local_rank       None
2024-11-06 17:49:43,936   INFO  max_ckpt_save_num 30
2024-11-06 17:49:43,936   INFO  merge_all_iters_to_one_epoch False
2024-11-06 17:49:43,936   INFO  set_cfgs         None
2024-11-06 17:49:43,936   INFO  max_waiting_mins 0
2024-11-06 17:49:43,936   INFO  start_epoch      0
2024-11-06 17:49:43,936   INFO  num_epochs_to_eval 0
2024-11-06 17:49:43,936   INFO  save_to_file     False
2024-11-06 17:49:43,936   INFO  use_tqdm_to_record False
2024-11-06 17:49:43,936   INFO  logger_iter_interval 50
2024-11-06 17:49:43,936   INFO  ckpt_save_time_interval 300
2024-11-06 17:49:43,936   INFO  wo_gpu_stat      False
2024-11-06 17:49:43,936   INFO  use_amp          False
2024-11-06 17:49:43,936   INFO  cfg.ROOT_DIR: /home/user/ChangTing/Code/Openpcdet/OpenPCDet
2024-11-06 17:49:43,936   INFO  cfg.LOCAL_RANK: 0
2024-11-06 17:49:43,936   INFO  cfg.CLASS_NAMES: ['Car', 'Pedestrian', 'Cyclist']
2024-11-06 17:49:43,936   INFO  ----------- DATA_CONFIG -----------
2024-11-06 17:49:43,936   INFO  cfg.DATA_CONFIG.DATASET: KittiDataset
2024-11-06 17:49:43,936   INFO  cfg.DATA_CONFIG.DATA_PATH: ../data/kitti
2024-11-06 17:49:43,936   INFO  cfg.DATA_CONFIG.POINT_CLOUD_RANGE: [-69.12, -39.68, -3, 69.12, 39.68, 1]
2024-11-06 17:49:43,936   INFO  ----------- DATA_SPLIT -----------
2024-11-06 17:49:43,936   INFO  cfg.DATA_CONFIG.DATA_SPLIT.train: train
2024-11-06 17:49:43,936   INFO  cfg.DATA_CONFIG.DATA_SPLIT.test: val
2024-11-06 17:49:43,936   INFO  ----------- INFO_PATH -----------
2024-11-06 17:49:43,936   INFO  cfg.DATA_CONFIG.INFO_PATH.train: ['kitti_infos_train.pkl']
2024-11-06 17:49:43,936   INFO  cfg.DATA_CONFIG.INFO_PATH.test: ['kitti_infos_val.pkl']
2024-11-06 17:49:43,936   INFO  cfg.DATA_CONFIG.GET_ITEM_LIST: ['points']
2024-11-06 17:49:43,936   INFO  cfg.DATA_CONFIG.FOV_POINTS_ONLY: True
2024-11-06 17:49:43,936   INFO  ----------- DATA_AUGMENTOR -----------
2024-11-06 17:49:43,936   INFO  cfg.DATA_CONFIG.DATA_AUGMENTOR.DISABLE_AUG_LIST: ['placeholder']
2024-11-06 17:49:43,936   INFO  cfg.DATA_CONFIG.DATA_AUGMENTOR.AUG_CONFIG_LIST: [{'NAME': 'gt_sampling', 'USE_ROAD_PLANE': False, 'DB_INFO_PATH': ['kitti_dbinfos_train.pkl'], 'PREPARE': {'filter_by_min_points': ['Car:5', 'Pedestrian:5', 'Cyclist:5'], 'filter_by_difficulty': [-1]}, 'SAMPLE_GROUPS': ['Car:15', 'Pedestrian:15', 'Cyclist:15'], 'NUM_POINT_FEATURES': 4, 'DATABASE_WITH_FAKELIDAR': False, 'REMOVE_EXTRA_WIDTH': [0.0, 0.0, 0.0], 'LIMIT_WHOLE_SCENE': False}, {'NAME': 'random_world_flip', 'ALONG_AXIS_LIST': ['x']}, {'NAME': 'random_world_rotation', 'WORLD_ROT_ANGLE': [-0.78539816, 0.78539816]}, {'NAME': 'random_world_scaling', 'WORLD_SCALE_RANGE': [0.95, 1.05]}]
2024-11-06 17:49:43,936   INFO  ----------- POINT_FEATURE_ENCODING -----------
2024-11-06 17:49:43,936   INFO  cfg.DATA_CONFIG.POINT_FEATURE_ENCODING.encoding_type: absolute_coordinates_encoding
2024-11-06 17:49:43,936   INFO  cfg.DATA_CONFIG.POINT_FEATURE_ENCODING.used_feature_list: ['x', 'y', 'z', 'intensity']
2024-11-06 17:49:43,936   INFO  cfg.DATA_CONFIG.POINT_FEATURE_ENCODING.src_feature_list: ['x', 'y', 'z', 'intensity']
2024-11-06 17:49:43,936   INFO  cfg.DATA_CONFIG.DATA_PROCESSOR: [{'NAME': 'mask_points_and_boxes_outside_range', 'REMOVE_OUTSIDE_BOXES': True}, {'NAME': 'shuffle_points', 'SHUFFLE_ENABLED': {'train': True, 'test': False}}, {'NAME': 'transform_points_to_voxels', 'VOXEL_SIZE': [0.16, 0.16, 4], 'MAX_POINTS_PER_VOXEL': 32, 'MAX_NUMBER_OF_VOXELS': {'train': 16000, 'test': 40000}}]
2024-11-06 17:49:43,936   INFO  cfg.DATA_CONFIG._BASE_CONFIG_: cfgs/dataset_configs/kitti_dataset.yaml
2024-11-06 17:49:43,936   INFO  ----------- MODEL -----------
2024-11-06 17:49:43,936   INFO  cfg.MODEL.NAME: PointPillar
2024-11-06 17:49:43,936   INFO  ----------- VFE -----------
2024-11-06 17:49:43,936   INFO  cfg.MODEL.VFE.NAME: PillarVFE
2024-11-06 17:49:43,936   INFO  cfg.MODEL.VFE.WITH_DISTANCE: False
2024-11-06 17:49:43,936   INFO  cfg.MODEL.VFE.USE_ABSLOTE_XYZ: True
2024-11-06 17:49:43,936   INFO  cfg.MODEL.VFE.USE_NORM: True
2024-11-06 17:49:43,937   INFO  cfg.MODEL.VFE.NUM_FILTERS: [64]
2024-11-06 17:49:43,937   INFO  ----------- MAP_TO_BEV -----------
2024-11-06 17:49:43,937   INFO  cfg.MODEL.MAP_TO_BEV.NAME: PointPillarScatter
2024-11-06 17:49:43,937   INFO  cfg.MODEL.MAP_TO_BEV.NUM_BEV_FEATURES: 64
2024-11-06 17:49:43,937   INFO  ----------- BACKBONE_2D -----------
2024-11-06 17:49:43,937   INFO  cfg.MODEL.BACKBONE_2D.NAME: BaseBEVBackbone
2024-11-06 17:49:43,937   INFO  cfg.MODEL.BACKBONE_2D.LAYER_NUMS: [3, 5, 5]
2024-11-06 17:49:43,937   INFO  cfg.MODEL.BACKBONE_2D.LAYER_STRIDES: [2, 2, 2]
2024-11-06 17:49:43,937   INFO  cfg.MODEL.BACKBONE_2D.NUM_FILTERS: [64, 128, 256]
2024-11-06 17:49:43,937   INFO  cfg.MODEL.BACKBONE_2D.UPSAMPLE_STRIDES: [1, 2, 4]
2024-11-06 17:49:43,937   INFO  cfg.MODEL.BACKBONE_2D.NUM_UPSAMPLE_FILTERS: [128, 128, 128]
2024-11-06 17:49:43,937   INFO  ----------- DENSE_HEAD -----------
2024-11-06 17:49:43,937   INFO  cfg.MODEL.DENSE_HEAD.NAME: AnchorHeadSingle
2024-11-06 17:49:43,937   INFO  cfg.MODEL.DENSE_HEAD.CLASS_AGNOSTIC: False
2024-11-06 17:49:43,937   INFO  cfg.MODEL.DENSE_HEAD.USE_DIRECTION_CLASSIFIER: True
2024-11-06 17:49:43,937   INFO  cfg.MODEL.DENSE_HEAD.DIR_OFFSET: 0.78539
2024-11-06 17:49:43,937   INFO  cfg.MODEL.DENSE_HEAD.DIR_LIMIT_OFFSET: 0.0
2024-11-06 17:49:43,937   INFO  cfg.MODEL.DENSE_HEAD.NUM_DIR_BINS: 2
2024-11-06 17:49:43,937   INFO  cfg.MODEL.DENSE_HEAD.ANCHOR_GENERATOR_CONFIG: [{'class_name': 'Car', 'anchor_sizes': [[3.9, 1.6, 1.56]], 'anchor_rotations': [0, 1.57], 'anchor_bottom_heights': [-1.78], 'align_center': False, 'feature_map_stride': 2, 'matched_threshold': 0.6, 'unmatched_threshold': 0.45}, {'class_name': 'Pedestrian', 'anchor_sizes': [[0.8, 0.6, 1.73]], 'anchor_rotations': [0, 1.57], 'anchor_bottom_heights': [-0.6], 'align_center': False, 'feature_map_stride': 2, 'matched_threshold': 0.5, 'unmatched_threshold': 0.35}, {'class_name': 'Cyclist', 'anchor_sizes': [[1.76, 0.6, 1.73]], 'anchor_rotations': [0, 1.57], 'anchor_bottom_heights': [-0.6], 'align_center': False, 'feature_map_stride': 2, 'matched_threshold': 0.5, 'unmatched_threshold': 0.35}]
2024-11-06 17:49:43,937   INFO  ----------- TARGET_ASSIGNER_CONFIG -----------
2024-11-06 17:49:43,937   INFO  cfg.MODEL.DENSE_HEAD.TARGET_ASSIGNER_CONFIG.NAME: AxisAlignedTargetAssigner
2024-11-06 17:49:43,937   INFO  cfg.MODEL.DENSE_HEAD.TARGET_ASSIGNER_CONFIG.POS_FRACTION: -1.0
2024-11-06 17:49:43,937   INFO  cfg.MODEL.DENSE_HEAD.TARGET_ASSIGNER_CONFIG.SAMPLE_SIZE: 512
2024-11-06 17:49:43,937   INFO  cfg.MODEL.DENSE_HEAD.TARGET_ASSIGNER_CONFIG.NORM_BY_NUM_EXAMPLES: False
2024-11-06 17:49:43,937   INFO  cfg.MODEL.DENSE_HEAD.TARGET_ASSIGNER_CONFIG.MATCH_HEIGHT: False
2024-11-06 17:49:43,937   INFO  cfg.MODEL.DENSE_HEAD.TARGET_ASSIGNER_CONFIG.BOX_CODER: ResidualCoder
2024-11-06 17:49:43,937   INFO  ----------- LOSS_CONFIG -----------
2024-11-06 17:49:43,937   INFO  ----------- LOSS_WEIGHTS -----------
2024-11-06 17:49:43,937   INFO  cfg.MODEL.DENSE_HEAD.LOSS_CONFIG.LOSS_WEIGHTS.cls_weight: 1.0
2024-11-06 17:49:43,937   INFO  cfg.MODEL.DENSE_HEAD.LOSS_CONFIG.LOSS_WEIGHTS.loc_weight: 2.0
2024-11-06 17:49:43,937   INFO  cfg.MODEL.DENSE_HEAD.LOSS_CONFIG.LOSS_WEIGHTS.dir_weight: 0.2
2024-11-06 17:49:43,937   INFO  cfg.MODEL.DENSE_HEAD.LOSS_CONFIG.LOSS_WEIGHTS.code_weights: [1.0, 1.0, 1.0, 1.0, 1.0, 1.0, 1.0]
2024-11-06 17:49:43,937   INFO  ----------- POST_PROCESSING -----------
2024-11-06 17:49:43,937   INFO  cfg.MODEL.POST_PROCESSING.RECALL_THRESH_LIST: [0.3, 0.5, 0.7]
2024-11-06 17:49:43,937   INFO  cfg.MODEL.POST_PROCESSING.SCORE_THRESH: 0.1
2024-11-06 17:49:43,937   INFO  cfg.MODEL.POST_PROCESSING.OUTPUT_RAW_SCORE: False
2024-11-06 17:49:43,937   INFO  cfg.MODEL.POST_PROCESSING.EVAL_METRIC: kitti
2024-11-06 17:49:43,937   INFO  ----------- NMS_CONFIG -----------
2024-11-06 17:49:43,937   INFO  cfg.MODEL.POST_PROCESSING.NMS_CONFIG.MULTI_CLASSES_NMS: False
2024-11-06 17:49:43,937   INFO  cfg.MODEL.POST_PROCESSING.NMS_CONFIG.NMS_TYPE: nms_gpu
2024-11-06 17:49:43,937   INFO  cfg.MODEL.POST_PROCESSING.NMS_CONFIG.NMS_THRESH: 0.01
2024-11-06 17:49:43,937   INFO  cfg.MODEL.POST_PROCESSING.NMS_CONFIG.NMS_PRE_MAXSIZE: 4096
2024-11-06 17:49:43,937   INFO  cfg.MODEL.POST_PROCESSING.NMS_CONFIG.NMS_POST_MAXSIZE: 500
2024-11-06 17:49:43,937   INFO  ----------- OPTIMIZATION -----------
2024-11-06 17:49:43,937   INFO  cfg.OPTIMIZATION.BATCH_SIZE_PER_GPU: 4
2024-11-06 17:49:43,937   INFO  cfg.OPTIMIZATION.NUM_EPOCHS: 80
2024-11-06 17:49:43,937   INFO  cfg.OPTIMIZATION.OPTIMIZER: adam_onecycle
2024-11-06 17:49:43,937   INFO  cfg.OPTIMIZATION.LR: 0.003
2024-11-06 17:49:43,937   INFO  cfg.OPTIMIZATION.WEIGHT_DECAY: 0.01
2024-11-06 17:49:43,937   INFO  cfg.OPTIMIZATION.MOMENTUM: 0.9
2024-11-06 17:49:43,937   INFO  cfg.OPTIMIZATION.MOMS: [0.95, 0.85]
2024-11-06 17:49:43,937   INFO  cfg.OPTIMIZATION.PCT_START: 0.4
2024-11-06 17:49:43,937   INFO  cfg.OPTIMIZATION.DIV_FACTOR: 10
2024-11-06 17:49:43,937   INFO  cfg.OPTIMIZATION.DECAY_STEP_LIST: [35, 45]
2024-11-06 17:49:43,937   INFO  cfg.OPTIMIZATION.LR_DECAY: 0.1
2024-11-06 17:49:43,937   INFO  cfg.OPTIMIZATION.LR_CLIP: 1e-07
2024-11-06 17:49:43,937   INFO  cfg.OPTIMIZATION.LR_WARMUP: False
2024-11-06 17:49:43,937   INFO  cfg.OPTIMIZATION.WARMUP_EPOCH: 1
2024-11-06 17:49:43,937   INFO  cfg.OPTIMIZATION.GRAD_NORM_CLIP: 10
2024-11-06 17:49:43,937   INFO  cfg.TAG: pointpillar
2024-11-06 17:49:43,937   INFO  cfg.EXP_GROUP_PATH: kitti_models
2024-11-06 17:49:43,943   INFO  ----------- Create dataloader & network & optimizer -----------
2024-11-06 17:49:44,001   INFO  Database filter by min points Car: 14357 => 13532
2024-11-06 17:49:44,001   INFO  Database filter by min points Pedestrian: 2207 => 2168
2024-11-06 17:49:44,002   INFO  Database filter by min points Cyclist: 734 => 705
2024-11-06 17:49:44,010   INFO  Database filter by difficulty Car: 13532 => 10759
2024-11-06 17:49:44,011   INFO  Database filter by difficulty Pedestrian: 2168 => 2075
2024-11-06 17:49:44,012   INFO  Database filter by difficulty Cyclist: 705 => 581
2024-11-06 17:49:44,014   INFO  Loading KITTI dataset
2024-11-06 17:49:44,064   INFO  Total samples for KITTI dataset: 3712
2024-11-06 17:49:44,170   INFO  ----------- Model PointPillar created, param count: 4834888 -----------
2024-11-06 17:49:44,170   INFO  PointPillar(
  (vfe): PillarVFE(
    (pfn_layers): ModuleList(
      (0): PFNLayer(
        (linear): Linear(in_features=10, out_features=64, bias=False)
        (norm): BatchNorm1d(64, eps=0.001, momentum=0.01, affine=True, track_running_stats=True)
      )
    )
  )
  (backbone_3d): None
  (map_to_bev_module): PointPillarScatter()
  (pfe): None
  (backbone_2d): BaseBEVBackbone(
    (blocks): ModuleList(
      (0): Sequential(
        (0): ZeroPad2d((1, 1, 1, 1))
        (1): Conv2d(64, 64, kernel_size=(3, 3), stride=(2, 2), bias=False)
        (2): BatchNorm2d(64, eps=0.001, momentum=0.01, affine=True, track_running_stats=True)
        (3): ReLU()
        (4): Conv2d(64, 64, kernel_size=(3, 3), stride=(1, 1), padding=(1, 1), bias=False)
        (5): BatchNorm2d(64, eps=0.001, momentum=0.01, affine=True, track_running_stats=True)
        (6): ReLU()
        (7): Conv2d(64, 64, kernel_size=(3, 3), stride=(1, 1), padding=(1, 1), bias=False)
        (8): BatchNorm2d(64, eps=0.001, momentum=0.01, affine=True, track_running_stats=True)
        (9): ReLU()
        (10): Conv2d(64, 64, kernel_size=(3, 3), stride=(1, 1), padding=(1, 1), bias=False)
        (11): BatchNorm2d(64, eps=0.001, momentum=0.01, affine=True, track_running_stats=True)
        (12): ReLU()
      )
      (1): Sequential(
        (0): ZeroPad2d((1, 1, 1, 1))
        (1): Conv2d(64, 128, kernel_size=(3, 3), stride=(2, 2), bias=False)
        (2): BatchNorm2d(128, eps=0.001, momentum=0.01, affine=True, track_running_stats=True)
        (3): ReLU()
        (4): Conv2d(128, 128, kernel_size=(3, 3), stride=(1, 1), padding=(1, 1), bias=False)
        (5): BatchNorm2d(128, eps=0.001, momentum=0.01, affine=True, track_running_stats=True)
        (6): ReLU()
        (7): Conv2d(128, 128, kernel_size=(3, 3), stride=(1, 1), padding=(1, 1), bias=False)
        (8): BatchNorm2d(128, eps=0.001, momentum=0.01, affine=True, track_running_stats=True)
        (9): ReLU()
        (10): Conv2d(128, 128, kernel_size=(3, 3), stride=(1, 1), padding=(1, 1), bias=False)
        (11): BatchNorm2d(128, eps=0.001, momentum=0.01, affine=True, track_running_stats=True)
        (12): ReLU()
        (13): Conv2d(128, 128, kernel_size=(3, 3), stride=(1, 1), padding=(1, 1), bias=False)
        (14): BatchNorm2d(128, eps=0.001, momentum=0.01, affine=True, track_running_stats=True)
        (15): ReLU()
        (16): Conv2d(128, 128, kernel_size=(3, 3), stride=(1, 1), padding=(1, 1), bias=False)
        (17): BatchNorm2d(128, eps=0.001, momentum=0.01, affine=True, track_running_stats=True)
        (18): ReLU()
      )
      (2): Sequential(
        (0): ZeroPad2d((1, 1, 1, 1))
        (1): Conv2d(128, 256, kernel_size=(3, 3), stride=(2, 2), bias=False)
        (2): BatchNorm2d(256, eps=0.001, momentum=0.01, affine=True, track_running_stats=True)
        (3): ReLU()
        (4): Conv2d(256, 256, kernel_size=(3, 3), stride=(1, 1), padding=(1, 1), bias=False)
        (5): BatchNorm2d(256, eps=0.001, momentum=0.01, affine=True, track_running_stats=True)
        (6): ReLU()
        (7): Conv2d(256, 256, kernel_size=(3, 3), stride=(1, 1), padding=(1, 1), bias=False)
        (8): BatchNorm2d(256, eps=0.001, momentum=0.01, affine=True, track_running_stats=True)
        (9): ReLU()
        (10): Conv2d(256, 256, kernel_size=(3, 3), stride=(1, 1), padding=(1, 1), bias=False)
        (11): BatchNorm2d(256, eps=0.001, momentum=0.01, affine=True, track_running_stats=True)
        (12): ReLU()
        (13): Conv2d(256, 256, kernel_size=(3, 3), stride=(1, 1), padding=(1, 1), bias=False)
        (14): BatchNorm2d(256, eps=0.001, momentum=0.01, affine=True, track_running_stats=True)
        (15): ReLU()
        (16): Conv2d(256, 256, kernel_size=(3, 3), stride=(1, 1), padding=(1, 1), bias=False)
        (17): BatchNorm2d(256, eps=0.001, momentum=0.01, affine=True, track_running_stats=True)
        (18): ReLU()
      )
    )
    (deblocks): ModuleList(
      (0): Sequential(
        (0): ConvTranspose2d(64, 128, kernel_size=(1, 1), stride=(1, 1), bias=False)
        (1): BatchNorm2d(128, eps=0.001, momentum=0.01, affine=True, track_running_stats=True)
        (2): ReLU()
      )
      (1): Sequential(
        (0): ConvTranspose2d(128, 128, kernel_size=(2, 2), stride=(2, 2), bias=False)
        (1): BatchNorm2d(128, eps=0.001, momentum=0.01, affine=True, track_running_stats=True)
        (2): ReLU()
      )
      (2): Sequential(
        (0): ConvTranspose2d(256, 128, kernel_size=(4, 4), stride=(4, 4), bias=False)
        (1): BatchNorm2d(128, eps=0.001, momentum=0.01, affine=True, track_running_stats=True)
        (2): ReLU()
      )
    )
  )
  (dense_head): AnchorHeadSingle(
    (cls_loss_func): SigmoidFocalClassificationLoss()
    (reg_loss_func): WeightedSmoothL1Loss()
    (dir_loss_func): WeightedCrossEntropyLoss()
    (conv_cls): Conv2d(384, 18, kernel_size=(1, 1), stride=(1, 1))
    (conv_box): Conv2d(384, 42, kernel_size=(1, 1), stride=(1, 1))
    (conv_dir_cls): Conv2d(384, 12, kernel_size=(1, 1), stride=(1, 1))
  )
  (point_head): None
  (roi_head): None
)
2024-11-06 17:49:44,170   INFO  **********************Start training kitti_models/pointpillar(default)**********************
2024-11-06 17:49:44,632   INFO  Train:    1/1 (100%) [   0/3712 (  0%)]  Loss: 3.540 (3.54)  LR: 3.000e-04  Time cost: 00:00/25:57 [00:00/25:57]  Acc_iter 1           Data time: 0.04(0.04)  Forward time: 0.38(0.38)  Batch time: 0.42(0.42)
2024-11-06 17:49:49,729   INFO  Train:    1/1 (100%) [  49/3712 (  1%)]  Loss: 2.204 (2.39)  LR: 3.073e-04  Time cost: 00:05/06:44 [00:05/06:44]  Acc_iter 50          Data time: 0.00(0.00)  Forward time: 0.10(0.11)  Batch time: 0.10(0.11)
2024-11-06 17:49:54,948   INFO  Train:    1/1 (100%) [  99/3712 (  3%)]  Loss: 1.772 (2.14)  LR: 3.295e-04  Time cost: 00:10/06:27 [00:10/06:27]  Acc_iter 100         Data time: 0.00(0.00)  Forward time: 0.10(0.10)  Batch time: 0.10(0.11)
2024-11-06 17:50:00,170   INFO  Train:    1/1 (100%) [ 149/3712 (  4%)]  Loss: 2.046 (2.04)  LR: 3.666e-04  Time cost: 00:15/06:19 [00:15/06:19]  Acc_iter 150         Data time: 0.00(0.00)  Forward time: 0.10(0.10)  Batch time: 0.10(0.11)
2024-11-06 17:50:00,400   INFO  user                                   Wed Nov  6 17:50:00 2024  535.183.01
[0] NVIDIA GeForce RTX 4060 Laptop GPU | 60°C,  55 % |  2706 /  8188 MB | user(2688M) gdm(4M) user(4M)

2024-11-06 17:50:05,594   INFO  Train:    1/1 (100%) [ 199/3712 (  5%)]  Loss: 1.899 (1.96)  LR: 4.180e-04  Time cost: 00:21/06:15 [00:21/06:15]  Acc_iter 200         Data time: 0.00(0.00)  Forward time: 0.10(0.10)  Batch time: 0.10(0.11)
2024-11-06 17:50:10,803   INFO  Train:    1/1 (100%) [ 249/3712 (  7%)]  Loss: 1.601 (1.89)  LR: 4.833e-04  Time cost: 00:26/06:08 [00:26/06:08]  Acc_iter 250         Data time: 0.00(0.00)  Forward time: 0.10(0.10)  Batch time: 0.11(0.11)
2024-11-06 17:50:15,999   INFO  Train:    1/1 (100%) [ 299/3712 (  8%)]  Loss: 1.769 (1.84)  LR: 5.615e-04  Time cost: 00:31/06:01 [00:31/06:01]  Acc_iter 300         Data time: 0.00(0.00)  Forward time: 0.10(0.10)  Batch time: 0.10(0.11)
2024-11-06 17:50:16,208   INFO  user                                   Wed Nov  6 17:50:16 2024  535.183.01
[0] NVIDIA GeForce RTX 4060 Laptop GPU | 63°C,  73 % |  2706 /  8188 MB | user(2688M) gdm(4M) user(4M)

2024-11-06 17:50:21,419   INFO  Train:    1/1 (100%) [ 349/3712 (  9%)]  Loss: 1.434 (1.80)  LR: 6.520e-04  Time cost: 00:37/05:57 [00:37/05:57]  Acc_iter 350         Data time: 0.00(0.00)  Forward time: 0.10(0.10)  Batch time: 0.10(0.11)
2024-11-06 17:50:26,609   INFO  Train:    1/1 (100%) [ 399/3712 ( 11%)]  Loss: 1.655 (1.77)  LR: 7.536e-04  Time cost: 00:42/05:51 [00:42/05:51]  Acc_iter 400         Data time: 0.00(0.00)  Forward time: 0.10(0.10)  Batch time: 0.10(0.11)
2024-11-06 17:50:31,806   INFO  Train:    1/1 (100%) [ 449/3712 ( 12%)]  Loss: 1.746 (1.74)  LR: 8.653e-04  Time cost: 00:47/05:45 [00:47/05:45]  Acc_iter 450         Data time: 0.00(0.00)  Forward time: 0.10(0.10)  Batch time: 0.10(0.11)
2024-11-06 17:50:32,057   INFO  user                                   Wed Nov  6 17:50:32 2024  535.183.01
[0] NVIDIA GeForce RTX 4060 Laptop GPU | 64°C,  79 % |  2706 /  8188 MB | user(2688M) gdm(4M) user(4M)

2024-11-06 17:50:37,257   INFO  Train:    1/1 (100%) [ 499/3712 ( 13%)]  Loss: 1.286 (1.72)  LR: 9.858e-04  Time cost: 00:53/05:40 [00:53/05:40]  Acc_iter 500         Data time: 0.00(0.00)  Forward time: 0.10(0.10)  Batch time: 0.10(0.11)
2024-11-06 17:50:42,474   INFO  Train:    1/1 (100%) [ 549/3712 ( 15%)]  Loss: 1.552 (1.70)  LR: 1.114e-03  Time cost: 00:58/05:35 [00:58/05:35]  Acc_iter 550         Data time: 0.00(0.00)  Forward time: 0.10(0.10)  Batch time: 0.11(0.11)
2024-11-06 17:50:47,668   INFO  Train:    1/1 (100%) [ 599/3712 ( 16%)]  Loss: 1.403 (1.68)  LR: 1.248e-03  Time cost: 01:03/05:29 [01:03/05:29]  Acc_iter 600         Data time: 0.00(0.00)  Forward time: 0.10(0.10)  Batch time: 0.10(0.11)
2024-11-06 17:50:47,878   INFO  user                                   Wed Nov  6 17:50:47 2024  535.183.01
[0] NVIDIA GeForce RTX 4060 Laptop GPU | 65°C,  95 % |  2706 /  8188 MB | user(2688M) gdm(4M) user(4M)

2024-11-06 17:50:53,086   INFO  Train:    1/1 (100%) [ 649/3712 ( 17%)]  Loss: 1.438 (1.67)  LR: 1.386e-03  Time cost: 01:08/05:24 [01:08/05:24]  Acc_iter 650         Data time: 0.00(0.00)  Forward time: 0.10(0.10)  Batch time: 0.11(0.11)
2024-11-06 17:50:58,296   INFO  Train:    1/1 (100%) [ 699/3712 ( 19%)]  Loss: 1.428 (1.65)  LR: 1.527e-03  Time cost: 01:14/05:18 [01:14/05:18]  Acc_iter 700         Data time: 0.00(0.00)  Forward time: 0.10(0.10)  Batch time: 0.10(0.11)
2024-11-06 17:51:03,517   INFO  Train:    1/1 (100%) [ 749/3712 ( 20%)]  Loss: 1.631 (1.64)  LR: 1.670e-03  Time cost: 01:19/05:13 [01:19/05:13]  Acc_iter 750         Data time: 0.00(0.00)  Forward time: 0.10(0.10)  Batch time: 0.10(0.11)
2024-11-06 17:51:03,708   INFO  user                                   Wed Nov  6 17:51:03 2024  535.183.01
[0] NVIDIA GeForce RTX 4060 Laptop GPU | 65°C,  96 % |  2706 /  8188 MB | user(2688M) gdm(4M) user(4M)

2024-11-06 17:51:08,934   INFO  Train:    1/1 (100%) [ 799/3712 ( 22%)]  Loss: 1.241 (1.63)  LR: 1.813e-03  Time cost: 01:24/05:08 [01:24/05:08]  Acc_iter 800         Data time: 0.00(0.00)  Forward time: 0.10(0.10)  Batch time: 0.10(0.11)
2024-11-06 17:51:14,133   INFO  Train:    1/1 (100%) [ 849/3712 ( 23%)]  Loss: 1.472 (1.62)  LR: 1.953e-03  Time cost: 01:29/05:02 [01:29/05:02]  Acc_iter 850         Data time: 0.00(0.00)  Forward time: 0.10(0.10)  Batch time: 0.10(0.11)
2024-11-06 17:51:19,340   INFO  Train:    1/1 (100%) [ 899/3712 ( 24%)]  Loss: 1.368 (1.61)  LR: 2.090e-03  Time cost: 01:35/04:57 [01:35/04:57]  Acc_iter 900         Data time: 0.00(0.00)  Forward time: 0.10(0.10)  Batch time: 0.11(0.11)
2024-11-06 17:51:19,532   INFO  user                                   Wed Nov  6 17:51:19 2024  535.183.01
[0] NVIDIA GeForce RTX 4060 Laptop GPU | 65°C,  97 % |  2706 /  8188 MB | user(2688M) gdm(4M) user(4M)

2024-11-06 17:51:24,745   INFO  Train:    1/1 (100%) [ 949/3712 ( 26%)]  Loss: 1.363 (1.60)  LR: 2.223e-03  Time cost: 01:40/04:52 [01:40/04:52]  Acc_iter 950         Data time: 0.00(0.00)  Forward time: 0.10(0.10)  Batch time: 0.10(0.11)
2024-11-06 17:51:29,944   INFO  Train:    1/1 (100%) [ 999/3712 ( 27%)]  Loss: 1.613 (1.60)  LR: 2.349e-03  Time cost: 01:45/04:46 [01:45/04:46]  Acc_iter 1000        Data time: 0.00(0.00)  Forward time: 0.10(0.10)  Batch time: 0.10(0.11)
2024-11-06 17:51:35,145   INFO  Train:    1/1 (100%) [1049/3712 ( 28%)]  Loss: 1.546 (1.59)  LR: 2.467e-03  Time cost: 01:50/04:41 [01:50/04:41]  Acc_iter 1050        Data time: 0.00(0.00)  Forward time: 0.10(0.10)  Batch time: 0.11(0.11)
2024-11-06 17:51:35,325   INFO  user                                   Wed Nov  6 17:51:35 2024  535.183.01
[0] NVIDIA GeForce RTX 4060 Laptop GPU | 65°C,  96 % |  2706 /  8188 MB | user(2688M) gdm(4M) user(4M)

2024-11-06 17:51:40,535   INFO  Train:    1/1 (100%) [1099/3712 ( 30%)]  Loss: 1.187 (1.58)  LR: 2.576e-03  Time cost: 01:56/04:36 [01:56/04:36]  Acc_iter 1100        Data time: 0.00(0.00)  Forward time: 0.10(0.10)  Batch time: 0.10(0.11)
2024-11-06 17:51:45,736   INFO  Train:    1/1 (100%) [1149/3712 ( 31%)]  Loss: 1.606 (1.57)  LR: 2.675e-03  Time cost: 02:01/04:30 [02:01/04:30]  Acc_iter 1150        Data time: 0.00(0.00)  Forward time: 0.10(0.10)  Batch time: 0.10(0.11)
2024-11-06 17:51:50,943   INFO  Train:    1/1 (100%) [1199/3712 ( 32%)]  Loss: 1.021 (1.56)  LR: 2.762e-03  Time cost: 02:06/04:25 [02:06/04:25]  Acc_iter 1200        Data time: 0.00(0.00)  Forward time: 0.10(0.10)  Batch time: 0.10(0.11)
2024-11-06 17:51:51,172   INFO  user                                   Wed Nov  6 17:51:51 2024  535.183.01
[0] NVIDIA GeForce RTX 4060 Laptop GPU | 65°C,  59 % |  2706 /  8188 MB | user(2688M) gdm(4M) user(4M)

2024-11-06 17:51:56,382   INFO  Train:    1/1 (100%) [1249/3712 ( 34%)]  Loss: 1.232 (1.56)  LR: 2.836e-03  Time cost: 02:12/04:20 [02:12/04:20]  Acc_iter 1250        Data time: 0.00(0.00)  Forward time: 0.10(0.10)  Batch time: 0.10(0.11)
2024-11-06 17:52:01,589   INFO  Train:    1/1 (100%) [1299/3712 ( 35%)]  Loss: 1.417 (1.55)  LR: 2.898e-03  Time cost: 02:17/04:14 [02:17/04:14]  Acc_iter 1300        Data time: 0.00(0.00)  Forward time: 0.10(0.10)  Batch time: 0.10(0.11)
2024-11-06 17:52:06,801   INFO  Train:    1/1 (100%) [1349/3712 ( 36%)]  Loss: 1.373 (1.54)  LR: 2.945e-03  Time cost: 02:22/04:09 [02:22/04:09]  Acc_iter 1350        Data time: 0.00(0.00)  Forward time: 0.10(0.10)  Batch time: 0.10(0.11)
2024-11-06 17:52:06,983   INFO  user                                   Wed Nov  6 17:52:06 2024  535.183.01
[0] NVIDIA GeForce RTX 4060 Laptop GPU | 64°C,  90 % |  2706 /  8188 MB | user(2688M) gdm(4M) user(4M)

2024-11-06 17:52:12,194   INFO  Train:    1/1 (100%) [1399/3712 ( 38%)]  Loss: 1.057 (1.53)  LR: 2.978e-03  Time cost: 02:27/04:04 [02:28/04:04]  Acc_iter 1400        Data time: 0.00(0.00)  Forward time: 0.10(0.10)  Batch time: 0.10(0.11)
2024-11-06 17:52:17,384   INFO  Train:    1/1 (100%) [1449/3712 ( 39%)]  Loss: 1.132 (1.53)  LR: 2.996e-03  Time cost: 02:33/03:59 [02:33/03:59]  Acc_iter 1450        Data time: 0.00(0.00)  Forward time: 0.10(0.10)  Batch time: 0.10(0.11)
2024-11-06 17:52:22,579   INFO  Train:    1/1 (100%) [1499/3712 ( 40%)]  Loss: 1.079 (1.52)  LR: 3.000e-03  Time cost: 02:38/03:53 [02:38/03:53]  Acc_iter 1500        Data time: 0.00(0.00)  Forward time: 0.10(0.10)  Batch time: 0.10(0.11)
2024-11-06 17:52:22,759   INFO  user                                   Wed Nov  6 17:52:22 2024  535.183.01
[0] NVIDIA GeForce RTX 4060 Laptop GPU | 64°C,  82 % |  2706 /  8188 MB | user(2688M) gdm(4M) user(4M)

2024-11-06 17:52:27,940   INFO  Train:    1/1 (100%) [1549/3712 ( 42%)]  Loss: 1.007 (1.51)  LR: 2.994e-03  Time cost: 02:43/03:48 [02:43/03:48]  Acc_iter 1550        Data time: 0.00(0.00)  Forward time: 0.10(0.10)  Batch time: 0.10(0.11)
2024-11-06 17:52:33,152   INFO  Train:    1/1 (100%) [1599/3712 ( 43%)]  Loss: 1.195 (1.50)  LR: 2.980e-03  Time cost: 02:48/03:43 [02:48/03:43]  Acc_iter 1600        Data time: 0.00(0.00)  Forward time: 0.10(0.10)  Batch time: 0.10(0.11)
2024-11-06 17:52:38,360   INFO  Train:    1/1 (100%) [1649/3712 ( 44%)]  Loss: 1.230 (1.49)  LR: 2.960e-03  Time cost: 02:54/03:37 [02:54/03:37]  Acc_iter 1650        Data time: 0.00(0.00)  Forward time: 0.10(0.10)  Batch time: 0.11(0.11)
2024-11-06 17:52:38,575   INFO  user                                   Wed Nov  6 17:52:38 2024  535.183.01
[0] NVIDIA GeForce RTX 4060 Laptop GPU | 64°C,  75 % |  2706 /  8188 MB | user(2688M) gdm(4M) user(4M)

2024-11-06 17:52:43,780   INFO  Train:    1/1 (100%) [1699/3712 ( 46%)]  Loss: 1.115 (1.48)  LR: 2.932e-03  Time cost: 02:59/03:32 [02:59/03:32]  Acc_iter 1700        Data time: 0.00(0.00)  Forward time: 0.10(0.10)  Batch time: 0.10(0.11)
2024-11-06 17:52:48,978   INFO  Train:    1/1 (100%) [1749/3712 ( 47%)]  Loss: 1.436 (1.47)  LR: 2.896e-03  Time cost: 03:04/03:27 [03:04/03:27]  Acc_iter 1750        Data time: 0.00(0.00)  Forward time: 0.10(0.10)  Batch time: 0.10(0.11)
2024-11-06 17:52:54,190   INFO  Train:    1/1 (100%) [1799/3712 ( 48%)]  Loss: 0.9182 (1.47)  LR: 2.854e-03  Time cost: 03:09/03:21 [03:10/03:21]  Acc_iter 1800        Data time: 0.00(0.00)  Forward time: 0.10(0.10)  Batch time: 0.10(0.11)
2024-11-06 17:52:54,396   INFO  user                                   Wed Nov  6 17:52:54 2024  535.183.01
[0] NVIDIA GeForce RTX 4060 Laptop GPU | 64°C,  92 % |  2706 /  8188 MB | user(2688M) gdm(4M) user(4M)

2024-11-06 17:52:59,610   INFO  Train:    1/1 (100%) [1849/3712 ( 50%)]  Loss: 1.057 (1.46)  LR: 2.806e-03  Time cost: 03:15/03:16 [03:15/03:16]  Acc_iter 1850        Data time: 0.00(0.00)  Forward time: 0.10(0.10)  Batch time: 0.10(0.11)
2024-11-06 17:53:04,803   INFO  Train:    1/1 (100%) [1899/3712 ( 51%)]  Loss: 0.9892 (1.45)  LR: 2.750e-03  Time cost: 03:20/03:11 [03:20/03:11]  Acc_iter 1900        Data time: 0.00(0.00)  Forward time: 0.10(0.10)  Batch time: 0.10(0.11)
2024-11-06 17:53:09,985   INFO  Train:    1/1 (100%) [1949/3712 ( 53%)]  Loss: 0.9707 (1.44)  LR: 2.689e-03  Time cost: 03:25/03:06 [03:25/03:06]  Acc_iter 1950        Data time: 0.00(0.00)  Forward time: 0.10(0.10)  Batch time: 0.10(0.11)
2024-11-06 17:53:10,189   INFO  user                                   Wed Nov  6 17:53:10 2024  535.183.01
[0] NVIDIA GeForce RTX 4060 Laptop GPU | 64°C,  91 % |  2706 /  8188 MB | user(2688M) gdm(4M) user(4M)

2024-11-06 17:53:15,390   INFO  Train:    1/1 (100%) [1999/3712 ( 54%)]  Loss: 0.9382 (1.43)  LR: 2.622e-03  Time cost: 03:31/03:00 [03:31/03:00]  Acc_iter 2000        Data time: 0.00(0.00)  Forward time: 0.10(0.10)  Batch time: 0.10(0.11)
2024-11-06 17:53:20,605   INFO  Train:    1/1 (100%) [2049/3712 ( 55%)]  Loss: 1.136 (1.43)  LR: 2.549e-03  Time cost: 03:36/02:55 [03:36/02:55]  Acc_iter 2050        Data time: 0.00(0.00)  Forward time: 0.10(0.10)  Batch time: 0.10(0.11)
2024-11-06 17:53:25,811   INFO  Train:    1/1 (100%) [2099/3712 ( 57%)]  Loss: 1.127 (1.42)  LR: 2.470e-03  Time cost: 03:41/02:50 [03:41/02:50]  Acc_iter 2100        Data time: 0.00(0.00)  Forward time: 0.10(0.10)  Batch time: 0.10(0.11)
2024-11-06 17:53:26,012   INFO  user                                   Wed Nov  6 17:53:26 2024  535.183.01
[0] NVIDIA GeForce RTX 4060 Laptop GPU | 64°C,  96 % |  2706 /  8188 MB | user(2688M) gdm(4M) user(4M)

2024-11-06 17:53:31,202   INFO  Train:    1/1 (100%) [2149/3712 ( 58%)]  Loss: 1.246 (1.41)  LR: 2.387e-03  Time cost: 03:46/02:45 [03:47/02:45]  Acc_iter 2150        Data time: 0.00(0.00)  Forward time: 0.10(0.10)  Batch time: 0.10(0.11)
2024-11-06 17:53:36,400   INFO  Train:    1/1 (100%) [2199/3712 ( 59%)]  Loss: 1.334 (1.40)  LR: 2.300e-03  Time cost: 03:52/02:39 [03:52/02:39]  Acc_iter 2200        Data time: 0.00(0.00)  Forward time: 0.10(0.10)  Batch time: 0.10(0.11)
2024-11-06 17:53:41,620   INFO  Train:    1/1 (100%) [2249/3712 ( 61%)]  Loss: 1.275 (1.40)  LR: 2.209e-03  Time cost: 03:57/02:34 [03:57/02:34]  Acc_iter 2250        Data time: 0.00(0.00)  Forward time: 0.10(0.10)  Batch time: 0.11(0.11)
2024-11-06 17:53:41,809   INFO  user                                   Wed Nov  6 17:53:41 2024  535.183.01
[0] NVIDIA GeForce RTX 4060 Laptop GPU | 63°C,  95 % |  2706 /  8188 MB | user(2688M) gdm(4M) user(4M)

2024-11-06 17:53:47,013   INFO  Train:    1/1 (100%) [2299/3712 ( 62%)]  Loss: 0.8357 (1.39)  LR: 2.114e-03  Time cost: 04:02/02:29 [04:02/02:29]  Acc_iter 2300        Data time: 0.00(0.00)  Forward time: 0.10(0.10)  Batch time: 0.10(0.11)
2024-11-06 17:53:52,210   INFO  Train:    1/1 (100%) [2349/3712 ( 63%)]  Loss: 0.8157 (1.38)  LR: 2.016e-03  Time cost: 04:07/02:23 [04:08/02:23]  Acc_iter 2350        Data time: 0.00(0.00)  Forward time: 0.10(0.10)  Batch time: 0.10(0.11)
2024-11-06 17:53:57,416   INFO  Train:    1/1 (100%) [2399/3712 ( 65%)]  Loss: 0.9948 (1.38)  LR: 1.915e-03  Time cost: 04:13/02:18 [04:13/02:18]  Acc_iter 2400        Data time: 0.00(0.00)  Forward time: 0.10(0.10)  Batch time: 0.10(0.11)
2024-11-06 17:53:57,648   INFO  user                                   Wed Nov  6 17:53:57 2024  535.183.01
[0] NVIDIA GeForce RTX 4060 Laptop GPU | 64°C,  96 % |  2706 /  8188 MB | user(2688M) gdm(4M) user(4M)

2024-11-06 17:54:02,864   INFO  Train:    1/1 (100%) [2449/3712 ( 66%)]  Loss: 0.8353 (1.37)  LR: 1.813e-03  Time cost: 04:18/02:13 [04:18/02:13]  Acc_iter 2450        Data time: 0.00(0.00)  Forward time: 0.10(0.10)  Batch time: 0.11(0.11)
2024-11-06 17:54:08,062   INFO  Train:    1/1 (100%) [2499/3712 ( 67%)]  Loss: 1.469 (1.36)  LR: 1.709e-03  Time cost: 04:23/02:08 [04:23/02:08]  Acc_iter 2500        Data time: 0.00(0.00)  Forward time: 0.10(0.10)  Batch time: 0.10(0.11)
2024-11-06 17:54:13,274   INFO  Train:    1/1 (100%) [2549/3712 ( 69%)]  Loss: 0.9078 (1.36)  LR: 1.604e-03  Time cost: 04:29/02:02 [04:29/02:02]  Acc_iter 2550        Data time: 0.00(0.00)  Forward time: 0.10(0.10)  Batch time: 0.10(0.11)
2024-11-06 17:54:13,515   INFO  user                                   Wed Nov  6 17:54:13 2024  535.183.01
[0] NVIDIA GeForce RTX 4060 Laptop GPU | 63°C,  48 % |  2706 /  8188 MB | user(2688M) gdm(4M) user(4M)

2024-11-06 17:54:18,696   INFO  Train:    1/1 (100%) [2599/3712 ( 70%)]  Loss: 0.8359 (1.35)  LR: 1.498e-03  Time cost: 04:34/01:57 [04:34/01:57]  Acc_iter 2600        Data time: 0.00(0.00)  Forward time: 0.10(0.10)  Batch time: 0.10(0.11)
2024-11-06 17:54:23,903   INFO  Train:    1/1 (100%) [2649/3712 ( 71%)]  Loss: 1.021 (1.34)  LR: 1.392e-03  Time cost: 04:39/01:52 [04:39/01:52]  Acc_iter 2650        Data time: 0.00(0.00)  Forward time: 0.10(0.10)  Batch time: 0.11(0.11)
2024-11-06 17:54:29,115   INFO  Train:    1/1 (100%) [2699/3712 ( 73%)]  Loss: 1.114 (1.34)  LR: 1.287e-03  Time cost: 04:44/01:46 [04:44/01:46]  Acc_iter 2700        Data time: 0.00(0.00)  Forward time: 0.10(0.10)  Batch time: 0.10(0.11)
2024-11-06 17:54:29,314   INFO  user                                   Wed Nov  6 17:54:29 2024  535.183.01
[0] NVIDIA GeForce RTX 4060 Laptop GPU | 64°C,  70 % |  2706 /  8188 MB | user(2688M) gdm(4M) user(4M)

2024-11-06 17:54:34,522   INFO  Train:    1/1 (100%) [2749/3712 ( 74%)]  Loss: 0.7213 (1.33)  LR: 1.183e-03  Time cost: 04:50/01:41 [04:50/01:41]  Acc_iter 2750        Data time: 0.00(0.00)  Forward time: 0.10(0.10)  Batch time: 0.10(0.11)
2024-11-06 17:54:39,712   INFO  Train:    1/1 (100%) [2799/3712 ( 75%)]  Loss: 1.104 (1.32)  LR: 1.081e-03  Time cost: 04:55/01:36 [04:55/01:36]  Acc_iter 2800        Data time: 0.00(0.00)  Forward time: 0.10(0.10)  Batch time: 0.10(0.11)
2024-11-06 17:54:44,344   INFO  Save latest model to /home/user/ChangTing/Code/Openpcdet/OpenPCDet/output/kitti_models/pointpillar/default/ckpt/latest_model
2024-11-06 17:54:44,973   INFO  Train:    1/1 (100%) [2849/3712 ( 77%)]  Loss: 0.8057 (1.32)  LR: 9.802e-04  Time cost: 05:00/01:31 [05:00/01:31]  Acc_iter 2850        Data time: 0.00(0.00)  Forward time: 0.10(0.10)  Batch time: 0.10(0.11)
2024-11-06 17:54:45,206   INFO  user                                   Wed Nov  6 17:54:45 2024  535.183.01
[0] NVIDIA GeForce RTX 4060 Laptop GPU | 63°C,  96 % |  2706 /  8188 MB | user(2688M) gdm(4M) user(4M)

2024-11-06 17:54:50,407   INFO  Train:    1/1 (100%) [2899/3712 ( 78%)]  Loss: 0.7066 (1.31)  LR: 8.823e-04  Time cost: 05:06/01:25 [05:06/01:25]  Acc_iter 2900        Data time: 0.00(0.00)  Forward time: 0.10(0.10)  Batch time: 0.10(0.11)
2024-11-06 17:54:55,610   INFO  Train:    1/1 (100%) [2949/3712 ( 79%)]  Loss: 1.078 (1.30)  LR: 7.876e-04  Time cost: 05:11/01:20 [05:11/01:20]  Acc_iter 2950        Data time: 0.00(0.00)  Forward time: 0.10(0.10)  Batch time: 0.10(0.11)
2024-11-06 17:55:00,821   INFO  Train:    1/1 (100%) [2999/3712 ( 81%)]  Loss: 1.126 (1.30)  LR: 6.964e-04  Time cost: 05:16/01:15 [05:16/01:15]  Acc_iter 3000        Data time: 0.00(0.00)  Forward time: 0.10(0.10)  Batch time: 0.10(0.11)
2024-11-06 17:55:01,009   INFO  user                                   Wed Nov  6 17:55:00 2024  535.183.01
[0] NVIDIA GeForce RTX 4060 Laptop GPU | 63°C,  96 % |  2706 /  8188 MB | user(2688M) gdm(4M) user(4M)

2024-11-06 17:55:06,216   INFO  Train:    1/1 (100%) [3049/3712 ( 82%)]  Loss: 0.8725 (1.29)  LR: 6.091e-04  Time cost: 05:22/01:09 [05:22/01:09]  Acc_iter 3050        Data time: 0.00(0.00)  Forward time: 0.10(0.10)  Batch time: 0.10(0.11)
2024-11-06 17:55:11,430   INFO  Train:    1/1 (100%) [3099/3712 ( 83%)]  Loss: 0.8265 (1.29)  LR: 5.263e-04  Time cost: 05:27/01:04 [05:27/01:04]  Acc_iter 3100        Data time: 0.00(0.00)  Forward time: 0.10(0.10)  Batch time: 0.10(0.11)
2024-11-06 17:55:16,625   INFO  Train:    1/1 (100%) [3149/3712 ( 85%)]  Loss: 1.107 (1.28)  LR: 4.484e-04  Time cost: 05:32/00:59 [05:32/00:59]  Acc_iter 3150        Data time: 0.00(0.00)  Forward time: 0.10(0.10)  Batch time: 0.10(0.11)
2024-11-06 17:55:16,811   INFO  user                                   Wed Nov  6 17:55:16 2024  535.183.01
[0] NVIDIA GeForce RTX 4060 Laptop GPU | 63°C,  95 % |  2706 /  8188 MB | user(2688M) gdm(4M) user(4M)

2024-11-06 17:55:22,029   INFO  Train:    1/1 (100%) [3199/3712 ( 86%)]  Loss: 0.8901 (1.27)  LR: 3.756e-04  Time cost: 05:37/00:54 [05:37/00:54]  Acc_iter 3200        Data time: 0.00(0.00)  Forward time: 0.10(0.10)  Batch time: 0.10(0.11)
2024-11-06 17:55:27,240   INFO  Train:    1/1 (100%) [3249/3712 ( 88%)]  Loss: 0.7808 (1.27)  LR: 3.085e-04  Time cost: 05:43/00:48 [05:43/00:48]  Acc_iter 3250        Data time: 0.00(0.00)  Forward time: 0.10(0.10)  Batch time: 0.11(0.11)
2024-11-06 17:55:32,443   INFO  Train:    1/1 (100%) [3299/3712 ( 89%)]  Loss: 0.7457 (1.26)  LR: 2.473e-04  Time cost: 05:48/00:43 [05:48/00:43]  Acc_iter 3300        Data time: 0.00(0.00)  Forward time: 0.10(0.10)  Batch time: 0.10(0.11)
2024-11-06 17:55:32,624   INFO  user                                   Wed Nov  6 17:55:32 2024  535.183.01
[0] NVIDIA GeForce RTX 4060 Laptop GPU | 63°C,  95 % |  2706 /  8188 MB | user(2688M) gdm(4M) user(4M)

2024-11-06 17:55:37,831   INFO  Train:    1/1 (100%) [3349/3712 ( 90%)]  Loss: 0.9520 (1.26)  LR: 1.923e-04  Time cost: 05:53/00:38 [05:53/00:38]  Acc_iter 3350        Data time: 0.00(0.00)  Forward time: 0.10(0.10)  Batch time: 0.10(0.11)
2024-11-06 17:55:43,048   INFO  Train:    1/1 (100%) [3399/3712 ( 92%)]  Loss: 0.6861 (1.25)  LR: 1.438e-04  Time cost: 05:58/00:33 [05:58/00:33]  Acc_iter 3400        Data time: 0.00(0.00)  Forward time: 0.10(0.10)  Batch time: 0.10(0.11)
2024-11-06 17:55:48,249   INFO  Train:    1/1 (100%) [3449/3712 ( 93%)]  Loss: 0.7981 (1.25)  LR: 1.020e-04  Time cost: 06:04/00:27 [06:04/00:27]  Acc_iter 3450        Data time: 0.00(0.00)  Forward time: 0.10(0.10)  Batch time: 0.10(0.11)
2024-11-06 17:55:48,445   INFO  user                                   Wed Nov  6 17:55:48 2024  535.183.01
[0] NVIDIA GeForce RTX 4060 Laptop GPU | 63°C,  97 % |  2706 /  8188 MB | user(2688M) gdm(4M) user(4M)

2024-11-06 17:55:53,646   INFO  Train:    1/1 (100%) [3499/3712 ( 94%)]  Loss: 0.7934 (1.24)  LR: 6.718e-05  Time cost: 06:09/00:22 [06:09/00:22]  Acc_iter 3500        Data time: 0.00(0.00)  Forward time: 0.10(0.10)  Batch time: 0.10(0.11)
2024-11-06 17:55:58,854   INFO  Train:    1/1 (100%) [3549/3712 ( 96%)]  Loss: 0.8751 (1.24)  LR: 3.947e-05  Time cost: 06:14/00:17 [06:14/00:17]  Acc_iter 3550        Data time: 0.00(0.00)  Forward time: 0.10(0.10)  Batch time: 0.11(0.11)
2024-11-06 17:56:04,045   INFO  Train:    1/1 (100%) [3599/3712 ( 97%)]  Loss: 0.8720 (1.23)  LR: 1.903e-05  Time cost: 06:19/00:11 [06:19/00:11]  Acc_iter 3600        Data time: 0.00(0.00)  Forward time: 0.10(0.10)  Batch time: 0.10(0.11)
2024-11-06 17:56:04,289   INFO  user                                   Wed Nov  6 17:56:04 2024  535.183.01
[0] NVIDIA GeForce RTX 4060 Laptop GPU | 63°C,  51 % |  2706 /  8188 MB | user(2688M) gdm(4M) user(4M)

2024-11-06 17:56:09,501   INFO  Train:    1/1 (100%) [3649/3712 ( 98%)]  Loss: 0.7636 (1.23)  LR: 5.945e-06  Time cost: 06:25/00:06 [06:25/00:06]  Acc_iter 3650        Data time: 0.00(0.00)  Forward time: 0.10(0.10)  Batch time: 0.10(0.11)
2024-11-06 17:56:14,707   INFO  Train:    1/1 (100%) [3699/3712 (100%)]  Loss: 0.8136 (1.22)  LR: 2.820e-07  Time cost: 06:30/00:01 [06:30/00:01]  Acc_iter 3700        Data time: 0.00(0.00)  Forward time: 0.10(0.10)  Batch time: 0.10(0.11)
2024-11-06 17:56:15,951   INFO  Train:    1/1 (100%) [3711/3712 (100%)]  Loss: 0.7248 (1.22)  LR: 3.149e-08  Time cost: 06:31/00:00 [06:31/00:00]  Acc_iter 3712        Data time: 0.00(0.00)  Forward time: 0.10(0.10)  Batch time: 0.10(0.11)
2024-11-06 17:56:16,021   INFO  **********************End training kitti_models/pointpillar(default)**********************



2024-11-06 17:56:16,021   INFO  **********************Start evaluation kitti_models/pointpillar(default)**********************
2024-11-06 17:56:16,023   INFO  Loading KITTI dataset
2024-11-06 17:56:16,088   INFO  Total samples for KITTI dataset: 3769
